Archive member included to satisfy reference by file (symbol)

c:/progra~1/raspbe~1/picosd~1.0/gcc-ar~1/bin/../lib/gcc/arm-none-eabi/10.3.1/thumb/v6-m/nofp\libgcc.a(_dvmd_tls.o)
                              CMakeFiles/GamecubeController.dir/C_/Program_Files/Raspberry_Pi/Pico_SDK_v1.5.1/pico-sdk/src/rp2_common/pico_divider/divider.S.obj (__aeabi_idiv0)
c:/progra~1/raspbe~1/picosd~1.0/gcc-ar~1/bin/../lib/gcc/arm-none-eabi/10.3.1/../../../../arm-none-eabi/lib/thumb/v6-m/nofp\libg.a(lib_a-calloc.o)
                              CMakeFiles/GamecubeController.dir/C_/Program_Files/Raspberry_Pi/Pico_SDK_v1.5.1/pico-sdk/src/rp2_common/pico_malloc/pico_malloc.c.obj (calloc)
c:/progra~1/raspbe~1/picosd~1.0/gcc-ar~1/bin/../lib/gcc/arm-none-eabi/10.3.1/../../../../arm-none-eabi/lib/thumb/v6-m/nofp\libg.a(lib_a-callocr.o)
                              c:/progra~1/raspbe~1/picosd~1.0/gcc-ar~1/bin/../lib/gcc/arm-none-eabi/10.3.1/../../../../arm-none-eabi/lib/thumb/v6-m/nofp\libg.a(lib_a-calloc.o) (_calloc_r)
c:/progra~1/raspbe~1/picosd~1.0/gcc-ar~1/bin/../lib/gcc/arm-none-eabi/10.3.1/../../../../arm-none-eabi/lib/thumb/v6-m/nofp\libg.a(lib_a-errno.o)
                              c:/progra~1/raspbe~1/picosd~1.0/gcc-ar~1/bin/../lib/gcc/arm-none-eabi/10.3.1/../../../../arm-none-eabi/lib/thumb/v6-m/nofp\libg.a(lib_a-callocr.o) (__errno)
c:/progra~1/raspbe~1/picosd~1.0/gcc-ar~1/bin/../lib/gcc/arm-none-eabi/10.3.1/../../../../arm-none-eabi/lib/thumb/v6-m/nofp\libg.a(lib_a-impure.o)
                              c:/progra~1/raspbe~1/picosd~1.0/gcc-ar~1/bin/../lib/gcc/arm-none-eabi/10.3.1/../../../../arm-none-eabi/lib/thumb/v6-m/nofp\libg.a(lib_a-calloc.o) (_impure_ptr)
c:/progra~1/raspbe~1/picosd~1.0/gcc-ar~1/bin/../lib/gcc/arm-none-eabi/10.3.1/../../../../arm-none-eabi/lib/thumb/v6-m/nofp\libg.a(lib_a-init.o)
                              c:/progra~1/raspbe~1/picosd~1.0/gcc-ar~1/bin/../lib/gcc/arm-none-eabi/10.3.1/../../../../arm-none-eabi/lib/thumb/v6-m/nofp/crt0.o (__libc_init_array)
c:/progra~1/raspbe~1/picosd~1.0/gcc-ar~1/bin/../lib/gcc/arm-none-eabi/10.3.1/../../../../arm-none-eabi/lib/thumb/v6-m/nofp\libg.a(lib_a-malloc.o)
                              CMakeFiles/GamecubeController.dir/C_/Program_Files/Raspberry_Pi/Pico_SDK_v1.5.1/pico-sdk/src/rp2_common/pico_malloc/pico_malloc.c.obj (malloc)
c:/progra~1/raspbe~1/picosd~1.0/gcc-ar~1/bin/../lib/gcc/arm-none-eabi/10.3.1/../../../../arm-none-eabi/lib/thumb/v6-m/nofp\libg.a(lib_a-mallocr.o)
                              c:/progra~1/raspbe~1/picosd~1.0/gcc-ar~1/bin/../lib/gcc/arm-none-eabi/10.3.1/../../../../arm-none-eabi/lib/thumb/v6-m/nofp\libg.a(lib_a-callocr.o) (_malloc_r)
c:/progra~1/raspbe~1/picosd~1.0/gcc-ar~1/bin/../lib/gcc/arm-none-eabi/10.3.1/../../../../arm-none-eabi/lib/thumb/v6-m/nofp\libg.a(lib_a-mlock.o)
                              c:/progra~1/raspbe~1/picosd~1.0/gcc-ar~1/bin/../lib/gcc/arm-none-eabi/10.3.1/../../../../arm-none-eabi/lib/thumb/v6-m/nofp\libg.a(lib_a-mallocr.o) (__malloc_lock)
c:/progra~1/raspbe~1/picosd~1.0/gcc-ar~1/bin/../lib/gcc/arm-none-eabi/10.3.1/../../../../arm-none-eabi/lib/thumb/v6-m/nofp\libg.a(lib_a-realloc.o)
                              CMakeFiles/GamecubeController.dir/C_/Program_Files/Raspberry_Pi/Pico_SDK_v1.5.1/pico-sdk/src/rp2_common/pico_malloc/pico_malloc.c.obj (realloc)
c:/progra~1/raspbe~1/picosd~1.0/gcc-ar~1/bin/../lib/gcc/arm-none-eabi/10.3.1/../../../../arm-none-eabi/lib/thumb/v6-m/nofp\libg.a(lib_a-reallocr.o)
                              c:/progra~1/raspbe~1/picosd~1.0/gcc-ar~1/bin/../lib/gcc/arm-none-eabi/10.3.1/../../../../arm-none-eabi/lib/thumb/v6-m/nofp\libg.a(lib_a-realloc.o) (_realloc_r)
c:/progra~1/raspbe~1/picosd~1.0/gcc-ar~1/bin/../lib/gcc/arm-none-eabi/10.3.1/../../../../arm-none-eabi/lib/thumb/v6-m/nofp\libg.a(lib_a-sbrkr.o)
                              c:/progra~1/raspbe~1/picosd~1.0/gcc-ar~1/bin/../lib/gcc/arm-none-eabi/10.3.1/../../../../arm-none-eabi/lib/thumb/v6-m/nofp\libg.a(lib_a-mallocr.o) (_sbrk_r)
c:/progra~1/raspbe~1/picosd~1.0/gcc-ar~1/bin/../lib/gcc/arm-none-eabi/10.3.1/../../../../arm-none-eabi/lib/thumb/v6-m/nofp\libg.a(lib_a-strlen-stub.o)
                              CMakeFiles/GamecubeController.dir/src/usb_descriptors.cpp.obj (strlen)
c:/progra~1/raspbe~1/picosd~1.0/gcc-ar~1/bin/../lib/gcc/arm-none-eabi/10.3.1/../../../../arm-none-eabi/lib/thumb/v6-m/nofp\libg.a(lib_a-freer.o)
                              c:/progra~1/raspbe~1/picosd~1.0/gcc-ar~1/bin/../lib/gcc/arm-none-eabi/10.3.1/../../../../arm-none-eabi/lib/thumb/v6-m/nofp\libg.a(lib_a-malloc.o) (_free_r)
c:/progra~1/raspbe~1/picosd~1.0/gcc-ar~1/bin/../lib/gcc/arm-none-eabi/10.3.1/../../../../arm-none-eabi/lib/thumb/v6-m/nofp\libg.a(lib_a-lock.o)
                              c:/progra~1/raspbe~1/picosd~1.0/gcc-ar~1/bin/../lib/gcc/arm-none-eabi/10.3.1/../../../../arm-none-eabi/lib/thumb/v6-m/nofp\libg.a(lib_a-mlock.o) (__retarget_lock_acquire_recursive)
[...]
Memory Configuration

Name             Origin             Length             Attributes
FLASH            0x10000000         0x00200000         xr
RAM              0x20000000         0x00040000         xrw
SCRATCH_X        0x20040000         0x00001000         xrw
SCRATCH_Y        0x20041000         0x00001000         xrw
*default*        0x00000000         0xffffffff

Linker script and memory map

LOAD c:/progra~1/raspbe~1/picosd~1.0/gcc-ar~1/bin/../lib/gcc/arm-none-eabi/10.3.1/thumb/v6-m/nofp/crti.o
LOAD c:/progra~1/raspbe~1/picosd~1.0/gcc-ar~1/bin/../lib/gcc/arm-none-eabi/10.3.1/thumb/v6-m/nofp/crtbegin.o
LOAD c:/progra~1/raspbe~1/picosd~1.0/gcc-ar~1/bin/../lib/gcc/arm-none-eabi/10.3.1/../../../../arm-none-eabi/lib/thumb/v6-m/nofp/crt0.o

.flash_begin    0x10000000        0x0
                0x10000000                __flash_binary_start = .

.boot2          0x10000000      0x100
                0x10000000                __boot2_start__ = .
 *(.boot2)
 .boot2         0x10000000      0x100 C:\Users\keith\AppData\Local\Temp\ccKPJyMi.o
                0x10000100                __boot2_end__ = .
                0x00000001                ASSERT (((__boot2_end__ - __boot2_start__) == 0x100), ERROR: Pico second stage bootloader must be 256 bytes in size)

.text           0x10000100     0x7250
                0x10000100                __logical_binary_start = .
 *(.vectors)
 .vectors       0x10000100       0xd4 CMakeFiles/GamecubeController.dir/C_/Program_Files/Raspberry_Pi/Pico_SDK_v1.5.1/pico-sdk/src/rp2_common/pico_standard_link/crt0.S.obj
                0x10000100                __VECTOR_TABLE
                0x10000100                __vectors
                0x100001c0                isr_invalid
                0x100001c0                __default_isrs_start
                0x100001c2                isr_nmi
                0x100001c4                isr_hardfault
                0x100001c6                isr_svcall
                0x100001c8                isr_pendsv
                0x100001ca                isr_systick
                0x100001cc                isr_irq23
                0x100001cc                isr_irq18
                0x100001cc                isr_irq11
                0x100001cc                isr_irq28
                0x100001cc                isr_irq19
                0x100001cc                isr_irq0
                0x100001cc                isr_irq6
                0x100001cc                isr_irq5
                0x100001cc                isr_irq12
                0x100001cc                isr_irq22
                0x100001cc                isr_irq31
                0x100001cc                isr_irq17
                0x100001cc                isr_irq27
                0x100001cc                isr_irq30
                0x100001cc                isr_irq2
                0x100001cc                isr_irq10
                0x100001cc                isr_irq8
                0x100001cc                isr_irq24
                0x100001cc                isr_irq1
                0x100001cc                isr_irq7
                0x100001cc                isr_irq21
                0x100001cc                isr_irq20
                0x100001cc                isr_irq15
                0x100001cc                isr_irq25
                0x100001cc                isr_irq13
                0x100001cc                __unhandled_user_irq
                0x100001cc                isr_irq4
                0x100001cc                isr_irq16
                0x100001cc                isr_irq29
                0x100001cc                isr_irq26
                0x100001cc                __default_isrs_end
                0x100001cc                isr_irq3
                0x100001cc                isr_irq14
                0x100001cc                isr_irq9
                0x100001d2                unhandled_user_irq_num_in_r0
 *(.binary_info_header)
 .binary_info_header
                0x100001d4       0x14 CMakeFiles/GamecubeController.dir/C_/Program_Files/Raspberry_Pi/Pico_SDK_v1.5.1/pico-sdk/src/rp2_common/pico_standard_link/crt0.S.obj
                0x100001e8                __binary_info_header_end = .
 *(.reset)
 .reset         0x100001e8       0xa0 CMakeFiles/GamecubeController.dir/C_/Program_Files/Raspberry_Pi/Pico_SDK_v1.5.1/pico-sdk/src/rp2_common/pico_standard_link/crt0.S.obj
                0x100001e8                _entry_point
 .reset         0x10000288       0x30 CMakeFiles/GamecubeController.dir/C_/Program_Files/Raspberry_Pi/Pico_SDK_v1.5.1/pico-sdk/src/rp2_common/pico_standard_link/binary_info.c.obj
 *(.init)
 .init          0x100002b8        0x4 c:/progra~1/raspbe~1/picosd~1.0/gcc-ar~1/bin/../lib/gcc/arm-none-eabi/10.3.1/thumb/v6-m/nofp/crti.o
                0x100002b8                _init
 *(EXCLUDE_FILE(*libm.a: *libc.a:*lib_a-mem*.o *libgcc.a:) .text*)
 .text          0x100002bc       0x48 c:/progra~1/raspbe~1/picosd~1.0/gcc-ar~1/bin/../lib/gcc/arm-none-eabi/10.3.1/thumb/v6-m/nofp/crtbegin.o
 .text._Z9send_datav
                0x10000304      0x190 CMakeFiles/GamecubeController.dir/src/main.cpp.obj
                0x10000304                send_data()
 .text._Z8led_taskv
                0x10000494       0x24 CMakeFiles/GamecubeController.dir/src/main.cpp.obj
                0x10000494                led_task()
 .text.main     0x100004b8       0xb0 CMakeFiles/GamecubeController.dir/src/main.cpp.obj
                0x100004b8                main
 .text.tud_hid_get_report_cb
                0x10000568        0x4 CMakeFiles/GamecubeController.dir/src/main.cpp.obj
                0x10000568                tud_hid_get_report_cb
 .text.tud_hid_set_report_cb
                0x1000056c       0x20 CMakeFiles/GamecubeController.dir/src/main.cpp.obj
                0x1000056c                tud_hid_set_report_cb
 .text.tud_hid_descriptor_report_cb
                0x1000058c        0x8 CMakeFiles/GamecubeController.dir/src/main.cpp.obj
                0x1000058c                tud_hid_descriptor_report_cb
 .text.joybus_program_get_config
                0x10000594      0x118 CMakeFiles/GamecubeController.dir/src/joybus.c.obj
 .text.joybus_port_reset
                0x100006ac       0x22 CMakeFiles/GamecubeController.dir/src/joybus.c.obj
                0x100006ac                joybus_port_reset
 *fill*         0x100006ce        0x2 
 .text.joybus_port_init
                0x100006d0       0x78 CMakeFiles/GamecubeController.dir/src/joybus.c.obj
                0x100006d0                joybus_port_init
 .text._ZN18GamecubeControllerC2EjjP8pio_hw_tii
                0x10000748       0x50 CMakeFiles/GamecubeController.dir/src/GamecubeController.cpp.obj
                0x10000748                GamecubeController::GamecubeController(unsigned int, unsigned int, pio_hw_t*, int, int)
                0x10000748                GamecubeController::GamecubeController(unsigned int, unsigned int, pio_hw_t*, int, int)
 .text.tud_descriptor_configuration_cb
                0x10000798        0x8 CMakeFiles/GamecubeController.dir/src/usb_descriptors.cpp.obj
                0x10000798                tud_descriptor_configuration_cb
 .text.tud_descriptor_device_cb
                0x100007a0        0x8 CMakeFiles/GamecubeController.dir/src/usb_descriptors.cpp.obj
                0x100007a0                tud_descriptor_device_cb
 .text.tud_descriptor_string_cb
                0x100007a8       0x60 CMakeFiles/GamecubeController.dir/src/usb_descriptors.cpp.obj
                0x100007a8                tud_descriptor_string_cb
 .text.set_sys_clock_pll
                0x10000808       0x78 CMakeFiles/GamecubeController.dir/C_/Program_Files/Raspberry_Pi/Pico_SDK_v1.5.1/pico-sdk/src/rp2_common/pico_stdlib/stdlib.c.obj
                0x10000808                set_sys_clock_pll
 .text.check_sys_clock_khz
                0x10000880       0xa4 CMakeFiles/GamecubeController.dir/C_/Program_Files/Raspberry_Pi/Pico_SDK_v1.5.1/pico-sdk/src/rp2_common/pico_stdlib/stdlib.c.obj
                0x10000880                check_sys_clock_khz
 .text.gpio_set_function
                0x10000924       0x30 CMakeFiles/GamecubeController.dir/C_/Program_Files/Raspberry_Pi/Pico_SDK_v1.5.1/pico-sdk/src/rp2_common/hardware_gpio/gpio.c.obj
                0x10000924                gpio_set_function
 .text.gpio_init
                0x10000954       0x16 CMakeFiles/GamecubeController.dir/C_/Program_Files/Raspberry_Pi/Pico_SDK_v1.5.1/pico-sdk/src/rp2_common/hardware_gpio/gpio.c.obj
                0x10000954                gpio_init
 *fill*         0x1000096a        0x2 
 .text.running_on_fpga
                0x1000096c       0x14 CMakeFiles/GamecubeController.dir/C_/Program_Files/Raspberry_Pi/Pico_SDK_v1.5.1/pico-sdk/src/rp2_common/pico_platform/platform.c.obj
                0x1000096c                running_on_fpga
 .text.hw_claim_lock
                0x10000980       0x18 CMakeFiles/GamecubeController.dir/C_/Program_Files/Raspberry_Pi/Pico_SDK_v1.5.1/pico-sdk/src/rp2_common/hardware_claim/claim.c.obj
                0x10000980                hw_claim_lock
 .text.hw_claim_unlock
                0x10000998       0x14 CMakeFiles/GamecubeController.dir/C_/Program_Files/Raspberry_Pi/Pico_SDK_v1.5.1/pico-sdk/src/rp2_common/hardware_claim/claim.c.obj
                0x10000998                hw_claim_unlock
 .text.hw_claim_or_assert
                0x100009ac       0x32 CMakeFiles/GamecubeController.dir/C_/Program_Files/Raspberry_Pi/Pico_SDK_v1.5.1/pico-sdk/src/rp2_common/hardware_claim/claim.c.obj
                0x100009ac                hw_claim_or_assert
 .text.hw_claim_unused_from_range
                0x100009de       0x50 CMakeFiles/GamecubeController.dir/C_/Program_Files/Raspberry_Pi/Pico_SDK_v1.5.1/pico-sdk/src/rp2_common/hardware_claim/claim.c.obj
                0x100009de                hw_claim_unused_from_range
 *fill*         0x10000a2e        0x2 
 .text.spin_locks_reset
                0x10000a30       0x20 CMakeFiles/GamecubeController.dir/C_/Program_Files/Raspberry_Pi/Pico_SDK_v1.5.1/pico-sdk/src/rp2_common/hardware_sync/sync.c.obj
                0x10000a30                spin_locks_reset
 .text.next_striped_spin_lock_num
                0x10000a50       0x1c CMakeFiles/GamecubeController.dir/C_/Program_Files/Raspberry_Pi/Pico_SDK_v1.5.1/pico-sdk/src/rp2_common/hardware_sync/sync.c.obj
                0x10000a50                next_striped_spin_lock_num
 .text.spin_lock_claim_unused
                0x10000a6c       0x20 CMakeFiles/GamecubeController.dir/C_/Program_Files/Raspberry_Pi/Pico_SDK_v1.5.1/pico-sdk/src/rp2_common/hardware_sync/sync.c.obj
                0x10000a6c                spin_lock_claim_unused
 .text.set_raw_irq_handler_and_unlock
                0x10000a8c       0x28 CMakeFiles/GamecubeController.dir/C_/Program_Files/Raspberry_Pi/Pico_SDK_v1.5.1/pico-sdk/src/rp2_common/hardware_irq/irq.c.obj
 .text.make_branch
                0x10000ab4       0x48 CMakeFiles/GamecubeController.dir/C_/Program_Files/Raspberry_Pi/Pico_SDK_v1.5.1/pico-sdk/src/rp2_common/hardware_irq/irq.c.obj
 .text.insert_branch_and_link
                0x10000afc       0x40 CMakeFiles/GamecubeController.dir/C_/Program_Files/Raspberry_Pi/Pico_SDK_v1.5.1/pico-sdk/src/rp2_common/hardware_irq/irq.c.obj
 .text.irq_is_enabled
                0x10000b3c       0x18 CMakeFiles/GamecubeController.dir/C_/Program_Files/Raspberry_Pi/Pico_SDK_v1.5.1/pico-sdk/src/rp2_common/hardware_irq/irq.c.obj
                0x10000b3c                irq_is_enabled
 .text.irq_set_mask_enabled
                0x10000b54       0x20 CMakeFiles/GamecubeController.dir/C_/Program_Files/Raspberry_Pi/Pico_SDK_v1.5.1/pico-sdk/src/rp2_common/hardware_irq/irq.c.obj
                0x10000b54                irq_set_mask_enabled
 .text.irq_set_enabled
                0x10000b74        0xe CMakeFiles/GamecubeController.dir/C_/Program_Files/Raspberry_Pi/Pico_SDK_v1.5.1/pico-sdk/src/rp2_common/hardware_irq/irq.c.obj
                0x10000b74                irq_set_enabled
 *fill*         0x10000b82        0x2 
 .text.irq_get_vtable_handler
                0x10000b84       0x10 CMakeFiles/GamecubeController.dir/C_/Program_Files/Raspberry_Pi/Pico_SDK_v1.5.1/pico-sdk/src/rp2_common/hardware_irq/irq.c.obj
                0x10000b84                irq_get_vtable_handler
 .text.irq_set_exclusive_handler
                0x10000b94       0x54 CMakeFiles/GamecubeController.dir/C_/Program_Files/Raspberry_Pi/Pico_SDK_v1.5.1/pico-sdk/src/rp2_common/hardware_irq/irq.c.obj
                0x10000b94                irq_set_exclusive_handler
 .text.irq_add_shared_handler
                0x10000be8      0x234 CMakeFiles/GamecubeController.dir/C_/Program_Files/Raspberry_Pi/Pico_SDK_v1.5.1/pico-sdk/src/rp2_common/hardware_irq/irq.c.obj
                0x10000be8                irq_add_shared_handler
 .text.irq_remove_handler
                0x10000e1c      0x1ac CMakeFiles/GamecubeController.dir/C_/Program_Files/Raspberry_Pi/Pico_SDK_v1.5.1/pico-sdk/src/rp2_common/hardware_irq/irq.c.obj
                0x10000e1c                irq_remove_handler
 .text.irq_add_tail_to_free_list
                0x10000fc8       0xf0 CMakeFiles/GamecubeController.dir/C_/Program_Files/Raspberry_Pi/Pico_SDK_v1.5.1/pico-sdk/src/rp2_common/hardware_irq/irq.c.obj
                0x10000fc8                irq_add_tail_to_free_list
 .text.irq_init_priorities
                0x100010b8       0x1c CMakeFiles/GamecubeController.dir/C_/Program_Files/Raspberry_Pi/Pico_SDK_v1.5.1/pico-sdk/src/rp2_common/hardware_irq/irq.c.obj
                0x100010b8                irq_init_priorities
 .text.lock_init
                0x100010d4       0x10 CMakeFiles/GamecubeController.dir/C_/Program_Files/Raspberry_Pi/Pico_SDK_v1.5.1/pico-sdk/src/common/pico_sync/lock_core.c.obj
                0x100010d4                lock_init
 .text.mutex_init
                0x100010e4       0x1a CMakeFiles/GamecubeController.dir/C_/Program_Files/Raspberry_Pi/Pico_SDK_v1.5.1/pico-sdk/src/common/pico_sync/mutex.c.obj
                0x100010e4                mutex_init
 .text.recursive_mutex_init
                0x100010fe       0x1e CMakeFiles/GamecubeController.dir/C_/Program_Files/Raspberry_Pi/Pico_SDK_v1.5.1/pico-sdk/src/common/pico_sync/mutex.c.obj
                0x100010fe                recursive_mutex_init
 .text.critical_section_init_with_lock_num
                0x1000111c       0x14 CMakeFiles/GamecubeController.dir/C_/Program_Files/Raspberry_Pi/Pico_SDK_v1.5.1/pico-sdk/src/common/pico_sync/critical_section.c.obj
                0x1000111c                critical_section_init_with_lock_num
 .text.critical_section_init
                0x10001130       0x14 CMakeFiles/GamecubeController.dir/C_/Program_Files/Raspberry_Pi/Pico_SDK_v1.5.1/pico-sdk/src/common/pico_sync/critical_section.c.obj
                0x10001130                critical_section_init
 .text.alarm_pool_post_alloc_init
                0x10001144       0x40 CMakeFiles/GamecubeController.dir/C_/Program_Files/Raspberry_Pi/Pico_SDK_v1.5.1/pico-sdk/src/common/pico_time/time.c.obj
 .text.sleep_until_callback
                0x10001184       0x30 CMakeFiles/GamecubeController.dir/C_/Program_Files/Raspberry_Pi/Pico_SDK_v1.5.1/pico-sdk/src/common/pico_time/time.c.obj
 .text.timer_pool_entry_comparator
                0x100011b4       0x7c CMakeFiles/GamecubeController.dir/C_/Program_Files/Raspberry_Pi/Pico_SDK_v1.5.1/pico-sdk/src/common/pico_time/time.c.obj
                0x100011b4                timer_pool_entry_comparator
 .text.ph_add_child_node
                0x10001230       0xa4 CMakeFiles/GamecubeController.dir/C_/Program_Files/Raspberry_Pi/Pico_SDK_v1.5.1/pico-sdk/src/common/pico_time/time.c.obj
 .text.ph_merge_nodes
                0x100012d4       0x3e CMakeFiles/GamecubeController.dir/C_/Program_Files/Raspberry_Pi/Pico_SDK_v1.5.1/pico-sdk/src/common/pico_time/time.c.obj
 *fill*         0x10001312        0x2 
 .text.add_alarm_under_lock
                0x10001314      0x174 CMakeFiles/GamecubeController.dir/C_/Program_Files/Raspberry_Pi/Pico_SDK_v1.5.1/pico-sdk/src/common/pico_time/time.c.obj
 .text.alarm_pool_alarm_callback
                0x10001488      0x33c CMakeFiles/GamecubeController.dir/C_/Program_Files/Raspberry_Pi/Pico_SDK_v1.5.1/pico-sdk/src/common/pico_time/time.c.obj
 .text.alarm_pool_init_default
                0x100017c4       0x40 CMakeFiles/GamecubeController.dir/C_/Program_Files/Raspberry_Pi/Pico_SDK_v1.5.1/pico-sdk/src/common/pico_time/time.c.obj
                0x100017c4                alarm_pool_init_default
 .text.alarm_pool_get_default
                0x10001804       0x2c CMakeFiles/GamecubeController.dir/C_/Program_Files/Raspberry_Pi/Pico_SDK_v1.5.1/pico-sdk/src/common/pico_time/time.c.obj
                0x10001804                alarm_pool_get_default
 .text.alarm_pool_add_alarm_at
                0x10001830      0x168 CMakeFiles/GamecubeController.dir/C_/Program_Files/Raspberry_Pi/Pico_SDK_v1.5.1/pico-sdk/src/common/pico_time/time.c.obj
                0x10001830                alarm_pool_add_alarm_at
 .text.alarm_pool_cancel_alarm
                0x10001998       0xf8 CMakeFiles/GamecubeController.dir/C_/Program_Files/Raspberry_Pi/Pico_SDK_v1.5.1/pico-sdk/src/common/pico_time/time.c.obj
                0x10001998                alarm_pool_cancel_alarm
 .text.best_effort_wfe_or_timeout
                0x10001a90       0xac CMakeFiles/GamecubeController.dir/C_/Program_Files/Raspberry_Pi/Pico_SDK_v1.5.1/pico-sdk/src/common/pico_time/time.c.obj
                0x10001a90                best_effort_wfe_or_timeout
 .text.hardware_alarm_irq_handler
                0x10001b3c       0x90 CMakeFiles/GamecubeController.dir/C_/Program_Files/Raspberry_Pi/Pico_SDK_v1.5.1/pico-sdk/src/rp2_common/hardware_timer/timer.c.obj
 .text.hardware_alarm_claim
                0x10001bcc       0x18 CMakeFiles/GamecubeController.dir/C_/Program_Files/Raspberry_Pi/Pico_SDK_v1.5.1/pico-sdk/src/rp2_common/hardware_timer/timer.c.obj
                0x10001bcc                hardware_alarm_claim
 .text.time_us_64
                0x10001be4       0x18 CMakeFiles/GamecubeController.dir/C_/Program_Files/Raspberry_Pi/Pico_SDK_v1.5.1/pico-sdk/src/rp2_common/hardware_timer/timer.c.obj
                0x10001be4                time_us_64
 .text.busy_wait_until
                0x10001bfc       0x28 CMakeFiles/GamecubeController.dir/C_/Program_Files/Raspberry_Pi/Pico_SDK_v1.5.1/pico-sdk/src/rp2_common/hardware_timer/timer.c.obj
                0x10001bfc                busy_wait_until
 .text.busy_wait_us
                0x10001c24       0x48 CMakeFiles/GamecubeController.dir/C_/Program_Files/Raspberry_Pi/Pico_SDK_v1.5.1/pico-sdk/src/rp2_common/hardware_timer/timer.c.obj
                0x10001c24                busy_wait_us
 .text.hardware_alarm_set_callback
                0x10001c6c       0x90 CMakeFiles/GamecubeController.dir/C_/Program_Files/Raspberry_Pi/Pico_SDK_v1.5.1/pico-sdk/src/rp2_common/hardware_timer/timer.c.obj
                0x10001c6c                hardware_alarm_set_callback
 .text.hardware_alarm_set_target
                0x10001cfc       0xe8 CMakeFiles/GamecubeController.dir/C_/Program_Files/Raspberry_Pi/Pico_SDK_v1.5.1/pico-sdk/src/rp2_common/hardware_timer/timer.c.obj
                0x10001cfc                hardware_alarm_set_target
 .text.hardware_alarm_cancel
                0x10001de4       0x40 CMakeFiles/GamecubeController.dir/C_/Program_Files/Raspberry_Pi/Pico_SDK_v1.5.1/pico-sdk/src/rp2_common/hardware_timer/timer.c.obj
                0x10001de4                hardware_alarm_cancel
 .text.ph_add_child_node
                0x10001e24       0xa4 CMakeFiles/GamecubeController.dir/C_/Program_Files/Raspberry_Pi/Pico_SDK_v1.5.1/pico-sdk/src/common/pico_util/pheap.c.obj
 .text.ph_merge_nodes
                0x10001ec8       0x3e CMakeFiles/GamecubeController.dir/C_/Program_Files/Raspberry_Pi/Pico_SDK_v1.5.1/pico-sdk/src/common/pico_util/pheap.c.obj
 *fill*         0x10001f06        0x2 
 .text.ph_clear
                0x10001f08       0x70 CMakeFiles/GamecubeController.dir/C_/Program_Files/Raspberry_Pi/Pico_SDK_v1.5.1/pico-sdk/src/common/pico_util/pheap.c.obj
                0x10001f08                ph_clear
 .text.ph_post_alloc_init
                0x10001f78        0xe CMakeFiles/GamecubeController.dir/C_/Program_Files/Raspberry_Pi/Pico_SDK_v1.5.1/pico-sdk/src/common/pico_util/pheap.c.obj
                0x10001f78                ph_post_alloc_init
 *fill*         0x10001f86        0x2 
 .text.ph_merge_two_pass
                0x10001f88       0xa8 CMakeFiles/GamecubeController.dir/C_/Program_Files/Raspberry_Pi/Pico_SDK_v1.5.1/pico-sdk/src/common/pico_util/pheap.c.obj
                0x10001f88                ph_merge_two_pass
 .text.ph_remove_any_head
                0x10002030      0x128 CMakeFiles/GamecubeController.dir/C_/Program_Files/Raspberry_Pi/Pico_SDK_v1.5.1/pico-sdk/src/common/pico_util/pheap.c.obj
 .text.ph_remove_head
                0x10002158       0x14 CMakeFiles/GamecubeController.dir/C_/Program_Files/Raspberry_Pi/Pico_SDK_v1.5.1/pico-sdk/src/common/pico_util/pheap.c.obj
                0x10002158                ph_remove_head
 .text.ph_remove_and_free_node
                0x1000216c       0xf8 CMakeFiles/GamecubeController.dir/C_/Program_Files/Raspberry_Pi/Pico_SDK_v1.5.1/pico-sdk/src/common/pico_util/pheap.c.obj
                0x1000216c                ph_remove_and_free_node
 .text.uart_disable_before_lcr_write
                0x10002264       0x48 CMakeFiles/GamecubeController.dir/C_/Program_Files/Raspberry_Pi/Pico_SDK_v1.5.1/pico-sdk/src/rp2_common/hardware_uart/uart.c.obj
 .text.uart_write_lcr_bits_masked
                0x100022ac       0x22 CMakeFiles/GamecubeController.dir/C_/Program_Files/Raspberry_Pi/Pico_SDK_v1.5.1/pico-sdk/src/rp2_common/hardware_uart/uart.c.obj
 *fill*         0x100022ce        0x2 
 .text.uart_set_baudrate
                0x100022d0       0x5c CMakeFiles/GamecubeController.dir/C_/Program_Files/Raspberry_Pi/Pico_SDK_v1.5.1/pico-sdk/src/rp2_common/hardware_uart/uart.c.obj
                0x100022d0                uart_set_baudrate
 .text.uart_set_format
                0x1000232c       0x2c CMakeFiles/GamecubeController.dir/C_/Program_Files/Raspberry_Pi/Pico_SDK_v1.5.1/pico-sdk/src/rp2_common/hardware_uart/uart.c.obj
                0x1000232c                uart_set_format
 .text.uart_set_translate_crlf
                0x10002358       0x28 CMakeFiles/GamecubeController.dir/C_/Program_Files/Raspberry_Pi/Pico_SDK_v1.5.1/pico-sdk/src/rp2_common/hardware_uart/uart.c.obj
                0x10002358                uart_set_translate_crlf
 .text.uart_init
                0x10002380       0x80 CMakeFiles/GamecubeController.dir/C_/Program_Files/Raspberry_Pi/Pico_SDK_v1.5.1/pico-sdk/src/rp2_common/hardware_uart/uart.c.obj
                0x10002380                uart_init
 .text.clock_configure
                0x10002400      0x108 CMakeFiles/GamecubeController.dir/C_/Program_Files/Raspberry_Pi/Pico_SDK_v1.5.1/pico-sdk/src/rp2_common/hardware_clocks/clocks.c.obj
                0x10002400                clock_configure
 .text.clocks_init
                0x10002508      0x100 CMakeFiles/GamecubeController.dir/C_/Program_Files/Raspberry_Pi/Pico_SDK_v1.5.1/pico-sdk/src/rp2_common/hardware_clocks/clocks.c.obj
                0x10002508                clocks_init
 .text.clock_get_hz
                0x10002608        0xc CMakeFiles/GamecubeController.dir/C_/Program_Files/Raspberry_Pi/Pico_SDK_v1.5.1/pico-sdk/src/rp2_common/hardware_clocks/clocks.c.obj
                0x10002608                clock_get_hz
 .text.pll_init
                0x10002614      0x120 CMakeFiles/GamecubeController.dir/C_/Program_Files/Raspberry_Pi/Pico_SDK_v1.5.1/pico-sdk/src/rp2_common/hardware_pll/pll.c.obj
                0x10002614                pll_init
 .text.watchdog_start_tick
                0x10002734       0x10 CMakeFiles/GamecubeController.dir/C_/Program_Files/Raspberry_Pi/Pico_SDK_v1.5.1/pico-sdk/src/rp2_common/hardware_watchdog/watchdog.c.obj
                0x10002734                watchdog_start_tick
 .text.xosc_init
                0x10002744       0x28 CMakeFiles/GamecubeController.dir/C_/Program_Files/Raspberry_Pi/Pico_SDK_v1.5.1/pico-sdk/src/rp2_common/hardware_xosc/xosc.c.obj
                0x10002744                xosc_init
 .text._exit    0x1000276c        0x4 CMakeFiles/GamecubeController.dir/C_/Program_Files/Raspberry_Pi/Pico_SDK_v1.5.1/pico-sdk/src/rp2_common/pico_runtime/runtime.c.obj
                0x1000276c                _exit
 .text._sbrk    0x10002770       0x38 CMakeFiles/GamecubeController.dir/C_/Program_Files/Raspberry_Pi/Pico_SDK_v1.5.1/pico-sdk/src/rp2_common/pico_runtime/runtime.c.obj
                0x10002770                _sbrk
 .text.exit     0x100027a8        0x6 CMakeFiles/GamecubeController.dir/C_/Program_Files/Raspberry_Pi/Pico_SDK_v1.5.1/pico-sdk/src/rp2_common/pico_runtime/runtime.c.obj
                0x100027a8                exit
 *fill*         0x100027ae        0x2 
 .text.__assert_func
                0x100027b0       0x3c CMakeFiles/GamecubeController.dir/C_/Program_Files/Raspberry_Pi/Pico_SDK_v1.5.1/pico-sdk/src/rp2_common/pico_runtime/runtime.c.obj
                0x100027b0                __assert_func
 .text.runtime_init
                0x100027ec       0xf8 CMakeFiles/GamecubeController.dir/C_/Program_Files/Raspberry_Pi/Pico_SDK_v1.5.1/pico-sdk/src/rp2_common/pico_runtime/runtime.c.obj
                0x100027ec                runtime_init
 .text.panic    0x100028e4       0x30 CMakeFiles/GamecubeController.dir/C_/Program_Files/Raspberry_Pi/Pico_SDK_v1.5.1/pico-sdk/src/rp2_common/pico_runtime/runtime.c.obj
                0x100028e4                panic
 .text._out_null
                0x10002914        0x2 CMakeFiles/GamecubeController.dir/C_/Program_Files/Raspberry_Pi/Pico_SDK_v1.5.1/pico-sdk/src/rp2_common/pico_printf/printf.c.obj
 .text._out_fct
                0x10002916        0xe CMakeFiles/GamecubeController.dir/C_/Program_Files/Raspberry_Pi/Pico_SDK_v1.5.1/pico-sdk/src/rp2_common/pico_printf/printf.c.obj
 .text._atoi    0x10002924       0x24 CMakeFiles/GamecubeController.dir/C_/Program_Files/Raspberry_Pi/Pico_SDK_v1.5.1/pico-sdk/src/rp2_common/pico_printf/printf.c.obj
 .text._out_rev
                0x10002948       0xae CMakeFiles/GamecubeController.dir/C_/Program_Files/Raspberry_Pi/Pico_SDK_v1.5.1/pico-sdk/src/rp2_common/pico_printf/printf.c.obj
 .text._ntoa_format
                0x100029f6      0x112 CMakeFiles/GamecubeController.dir/C_/Program_Files/Raspberry_Pi/Pico_SDK_v1.5.1/pico-sdk/src/rp2_common/pico_printf/printf.c.obj
 .text._ntoa_long
                0x10002b08       0xbc CMakeFiles/GamecubeController.dir/C_/Program_Files/Raspberry_Pi/Pico_SDK_v1.5.1/pico-sdk/src/rp2_common/pico_printf/printf.c.obj
 .text._ntoa_long_long
                0x10002bc4       0xe2 CMakeFiles/GamecubeController.dir/C_/Program_Files/Raspberry_Pi/Pico_SDK_v1.5.1/pico-sdk/src/rp2_common/pico_printf/printf.c.obj
 *fill*         0x10002ca6        0x2 
 .text._etoa    0x10002ca8      0x414 CMakeFiles/GamecubeController.dir/C_/Program_Files/Raspberry_Pi/Pico_SDK_v1.5.1/pico-sdk/src/rp2_common/pico_printf/printf.c.obj
 .text._ftoa    0x100030bc      0x354 CMakeFiles/GamecubeController.dir/C_/Program_Files/Raspberry_Pi/Pico_SDK_v1.5.1/pico-sdk/src/rp2_common/pico_printf/printf.c.obj
 .text._vsnprintf
                0x10003410      0x624 CMakeFiles/GamecubeController.dir/C_/Program_Files/Raspberry_Pi/Pico_SDK_v1.5.1/pico-sdk/src/rp2_common/pico_printf/printf.c.obj
 .text.vfctprintf
                0x10003a34       0x20 CMakeFiles/GamecubeController.dir/C_/Program_Files/Raspberry_Pi/Pico_SDK_v1.5.1/pico-sdk/src/rp2_common/pico_printf/printf.c.obj
                0x10003a34                vfctprintf
 .text          0x10003a54       0x10 CMakeFiles/GamecubeController.dir/C_/Program_Files/Raspberry_Pi/Pico_SDK_v1.5.1/pico-sdk/src/rp2_common/pico_bit_ops/bit_ops_aeabi.S.obj
 .text.rom_func_lookup
                0x10003a64       0x10 CMakeFiles/GamecubeController.dir/C_/Program_Files/Raspberry_Pi/Pico_SDK_v1.5.1/pico-sdk/src/rp2_common/pico_bootrom/bootrom.c.obj
                0x10003a64                rom_func_lookup
 .text.rom_data_lookup
                0x10003a74       0x10 CMakeFiles/GamecubeController.dir/C_/Program_Files/Raspberry_Pi/Pico_SDK_v1.5.1/pico-sdk/src/rp2_common/pico_bootrom/bootrom.c.obj
                0x10003a74                rom_data_lookup
 .text.rom_funcs_lookup
                0x10003a84       0x36 CMakeFiles/GamecubeController.dir/C_/Program_Files/Raspberry_Pi/Pico_SDK_v1.5.1/pico-sdk/src/rp2_common/pico_bootrom/bootrom.c.obj
                0x10003a84                rom_funcs_lookup
 *fill*         0x10003aba        0x2 
 .text.__wrap___aeabi_idiv
                0x10003abc       0x50 CMakeFiles/GamecubeController.dir/C_/Program_Files/Raspberry_Pi/Pico_SDK_v1.5.1/pico-sdk/src/rp2_common/pico_divider/divider.S.obj
                0x10003abc                __wrap___aeabi_idivmod
                0x10003abc                divmod_s32s32
                0x10003abc                div_s32s32
                0x10003abc                __wrap___aeabi_idiv
                0x10003ac4                divmod_s32s32_unsafe
                0x10003af0                divmod_s32s32_savestate
 .text.__wrap___aeabi_uidiv
                0x10003b0c       0x4c CMakeFiles/GamecubeController.dir/C_/Program_Files/Raspberry_Pi/Pico_SDK_v1.5.1/pico-sdk/src/rp2_common/pico_divider/divider.S.obj
                0x10003b0c                __wrap___aeabi_uidiv
                0x10003b0c                __wrap___aeabi_uidivmod
                0x10003b0c                div_u32u32
                0x10003b0c                divmod_u32u32
                0x10003b14                divmod_u32u32_unsafe
                0x10003b3c                divmod_u32u32_savestate
 .text.__wrap___aeabi_ldiv
                0x10003b58      0x424 CMakeFiles/GamecubeController.dir/C_/Program_Files/Raspberry_Pi/Pico_SDK_v1.5.1/pico-sdk/src/rp2_common/pico_divider/divider.S.obj
                0x10003b58                div_s64s64
                0x10003b58                divmod_s64s64
                0x10003b58                __wrap___aeabi_ldivmod
                0x10003b88                divmod_u64u64
                0x10003b88                div_u64u64
                0x10003b88                __wrap___aeabi_uldivmod
                0x10003b98                divmod_u64u64_savestate
                0x10003bb8                divmod_s64s64_unsafe
                0x10003c40                divmod_u64u64_unsafe
 .text.__wrap___aeabi_darithmetic
                0x10003f7c       0x80 CMakeFiles/GamecubeController.dir/C_/Program_Files/Raspberry_Pi/Pico_SDK_v1.5.1/pico-sdk/src/rp2_common/pico_double/double_aeabi.S.obj
                0x10003f7c                __wrap___aeabi_drsub
                0x10003f82                __wrap___aeabi_dsub
                0x10003f94                __wrap___aeabi_dadd
                0x10003fa6                __wrap___aeabi_ddiv
                0x10003fe2                __wrap___aeabi_dmul
 .text.__wrap___aeabi_cdcmple
                0x10003ffc       0x6c CMakeFiles/GamecubeController.dir/C_/Program_Files/Raspberry_Pi/Pico_SDK_v1.5.1/pico-sdk/src/rp2_common/pico_double/double_aeabi.S.obj
                0x10003ffc                __wrap___aeabi_cdrcmple
                0x1000400c                __wrap___aeabi_cdcmpeq
                0x1000400c                __wrap___aeabi_cdcmple
 .text.__wrap___aeabi_dcmplt
                0x10004068        0xc CMakeFiles/GamecubeController.dir/C_/Program_Files/Raspberry_Pi/Pico_SDK_v1.5.1/pico-sdk/src/rp2_common/pico_double/double_aeabi.S.obj
                0x10004068                __wrap___aeabi_dcmplt
 .text.__wrap___aeabi_dcmple
                0x10004074       0x10 CMakeFiles/GamecubeController.dir/C_/Program_Files/Raspberry_Pi/Pico_SDK_v1.5.1/pico-sdk/src/rp2_common/pico_double/double_aeabi.S.obj
                0x10004074                __wrap___aeabi_dcmple
 .text.__wrap___aeabi_dcmpge
                0x10004084       0x10 CMakeFiles/GamecubeController.dir/C_/Program_Files/Raspberry_Pi/Pico_SDK_v1.5.1/pico-sdk/src/rp2_common/pico_double/double_aeabi.S.obj
                0x10004084                __wrap___aeabi_dcmpge
 .text.__wrap___aeabi_dcmpgt
                0x10004094        0xa CMakeFiles/GamecubeController.dir/C_/Program_Files/Raspberry_Pi/Pico_SDK_v1.5.1/pico-sdk/src/rp2_common/pico_double/double_aeabi.S.obj
                0x10004094                __wrap___aeabi_dcmpgt
 .text.__wrap___aeabi_dcmpun
                0x1000409e       0x1c CMakeFiles/GamecubeController.dir/C_/Program_Files/Raspberry_Pi/Pico_SDK_v1.5.1/pico-sdk/src/rp2_common/pico_double/double_aeabi.S.obj
                0x1000409e                __wrap___aeabi_dcmpun
 *fill*         0x100040ba        0x2 
 .text.__wrap___aeabi_i2d
                0x100040bc       0x38 CMakeFiles/GamecubeController.dir/C_/Program_Files/Raspberry_Pi/Pico_SDK_v1.5.1/pico-sdk/src/rp2_common/pico_double/double_aeabi.S.obj
                0x100040bc                __wrap___aeabi_ui2d
                0x100040c4                __wrap___aeabi_i2d
 .text.__wrap___aeabi_d2iz
                0x100040f4       0x48 CMakeFiles/GamecubeController.dir/C_/Program_Files/Raspberry_Pi/Pico_SDK_v1.5.1/pico-sdk/src/rp2_common/pico_double/double_aeabi.S.obj
                0x100040f4                double2int_z
                0x100040f4                __wrap___aeabi_d2iz
 .text.__wrap___aeabi_d2uiz
                0x1000413c       0x18 CMakeFiles/GamecubeController.dir/C_/Program_Files/Raspberry_Pi/Pico_SDK_v1.5.1/pico-sdk/src/rp2_common/pico_double/double_aeabi.S.obj
                0x1000413c                __wrap___aeabi_d2uiz
                0x1000413c                double2uint
 .text.__aeabi_double_init
                0x10004154       0xc8 CMakeFiles/GamecubeController.dir/C_/Program_Files/Raspberry_Pi/Pico_SDK_v1.5.1/pico-sdk/src/rp2_common/pico_double/double_init_rom.c.obj
                0x10004154                __aeabi_double_init
 .text.double_table_shim_on_use_helper
                0x1000421c       0x34 CMakeFiles/GamecubeController.dir/C_/Program_Files/Raspberry_Pi/Pico_SDK_v1.5.1/pico-sdk/src/rp2_common/pico_double/double_v1_rom_shim.S.obj
                0x1000421c                double_table_shim_on_use_helper
 .text.__wrap___aeabi_dsub
                0x10004250       0x10 CMakeFiles/GamecubeController.dir/C_/Program_Files/Raspberry_Pi/Pico_SDK_v1.5.1/pico-sdk/src/rp2_common/pico_double/double_v1_rom_shim.S.obj
                0x10004250                drsub_shim
                0x10004256                dsub_shim
 .text.dadd_shim
                0x10004260      0x15c CMakeFiles/GamecubeController.dir/C_/Program_Files/Raspberry_Pi/Pico_SDK_v1.5.1/pico-sdk/src/rp2_common/pico_double/double_v1_rom_shim.S.obj
                0x10004260                dadd_shim
 .text.dmul_shim
                0x100043bc      0x15c CMakeFiles/GamecubeController.dir/C_/Program_Files/Raspberry_Pi/Pico_SDK_v1.5.1/pico-sdk/src/rp2_common/pico_double/double_v1_rom_shim.S.obj
                0x100043bc                dmul_shim
 .text.ddiv_shim
                0x10004518      0x1b0 CMakeFiles/GamecubeController.dir/C_/Program_Files/Raspberry_Pi/Pico_SDK_v1.5.1/pico-sdk/src/rp2_common/pico_double/double_v1_rom_shim.S.obj
                0x10004518                ddiv_shim
 .text.double2uint_shim
                0x100046c8        0xe CMakeFiles/GamecubeController.dir/C_/Program_Files/Raspberry_Pi/Pico_SDK_v1.5.1/pico-sdk/src/rp2_common/pico_double/double_v1_rom_shim.S.obj
                0x100046c8                double2uint_shim
                0x100046ca                double2ufix_shim
 *fill*         0x100046d6        0x2 
 .text.double2uint64_shim
                0x100046d8       0x70 CMakeFiles/GamecubeController.dir/C_/Program_Files/Raspberry_Pi/Pico_SDK_v1.5.1/pico-sdk/src/rp2_common/pico_double/double_v1_rom_shim.S.obj
                0x100046d8                double2uint64_shim
                0x100046da                double2ufix64_shim
                0x100046fa                d2fix_a
 .text.dunpacks
                0x10004748       0x3c CMakeFiles/GamecubeController.dir/C_/Program_Files/Raspberry_Pi/Pico_SDK_v1.5.1/pico-sdk/src/rp2_common/pico_double/double_v1_rom_shim.S.obj
                0x10004748                dunpacks
 .text.__aeabi_lmul
                0x10004784       0x32 CMakeFiles/GamecubeController.dir/C_/Program_Files/Raspberry_Pi/Pico_SDK_v1.5.1/pico-sdk/src/rp2_common/pico_int64_ops/pico_int64_ops_aeabi.S.obj
                0x10004784                __wrap___aeabi_lmul
 *fill*         0x100047b6        0x2 
 .text.__wrap___aeabi_farithmetic
                0x100047b8       0x58 CMakeFiles/GamecubeController.dir/C_/Program_Files/Raspberry_Pi/Pico_SDK_v1.5.1/pico-sdk/src/rp2_common/pico_float/float_aeabi.S.obj
                0x100047b8                __wrap___aeabi_frsub
                0x100047be                __wrap___aeabi_fsub
                0x100047c8                __wrap___aeabi_fadd
                0x100047d2                __wrap___aeabi_fdiv
                0x100047fe                __wrap___aeabi_fmul
 .text.__wrap___aeabi_ui2f
                0x10004810        0xa CMakeFiles/GamecubeController.dir/C_/Program_Files/Raspberry_Pi/Pico_SDK_v1.5.1/pico-sdk/src/rp2_common/pico_float/float_aeabi.S.obj
                0x10004810                __wrap___aeabi_ui2f
 *fill*         0x1000481a        0x2 
 .text.__wrap___aeabi_i2f
                0x1000481c       0x44 CMakeFiles/GamecubeController.dir/C_/Program_Files/Raspberry_Pi/Pico_SDK_v1.5.1/pico-sdk/src/rp2_common/pico_float/float_aeabi.S.obj
                0x1000481c                __wrap___aeabi_i2f
 .text.__wrap___aeabi_f2uiz
                0x10004860       0x10 CMakeFiles/GamecubeController.dir/C_/Program_Files/Raspberry_Pi/Pico_SDK_v1.5.1/pico-sdk/src/rp2_common/pico_float/float_aeabi.S.obj
                0x10004860                __wrap___aeabi_f2uiz
 .text.__aeabi_float_init
                0x10004870       0xfc CMakeFiles/GamecubeController.dir/C_/Program_Files/Raspberry_Pi/Pico_SDK_v1.5.1/pico-sdk/src/rp2_common/pico_float/float_init_rom.c.obj
                0x10004870                __aeabi_float_init
 .text.float_table_shim_on_use_helper
                0x1000496c       0x34 CMakeFiles/GamecubeController.dir/C_/Program_Files/Raspberry_Pi/Pico_SDK_v1.5.1/pico-sdk/src/rp2_common/pico_float/float_v1_rom_shim.S.obj
                0x1000496c                float_table_shim_on_use_helper
 .text.__wrap_malloc
                0x100049a0       0x3c CMakeFiles/GamecubeController.dir/C_/Program_Files/Raspberry_Pi/Pico_SDK_v1.5.1/pico-sdk/src/rp2_common/pico_malloc/pico_malloc.c.obj
                0x100049a0                __wrap_malloc
 .text          0x100049dc       0x10 CMakeFiles/GamecubeController.dir/C_/Program_Files/Raspberry_Pi/Pico_SDK_v1.5.1/pico-sdk/src/rp2_common/pico_mem_ops/mem_ops_aeabi.S.obj
                0x100049dc                __aeabi_mem_init
 .text.memset   0x100049ec        0xc CMakeFiles/GamecubeController.dir/C_/Program_Files/Raspberry_Pi/Pico_SDK_v1.5.1/pico-sdk/src/rp2_common/pico_mem_ops/mem_ops_aeabi.S.obj
                0x100049ec                __wrap_memset
 .text.memcpy   0x100049f8        0xc CMakeFiles/GamecubeController.dir/C_/Program_Files/Raspberry_Pi/Pico_SDK_v1.5.1/pico-sdk/src/rp2_common/pico_mem_ops/mem_ops_aeabi.S.obj
                0x100049f8                __wrap_memcpy
                0x100049f8                __wrap___aeabi_memcpy
 .text._Znwj    0x10004a04        0x8 CMakeFiles/GamecubeController.dir/C_/Program_Files/Raspberry_Pi/Pico_SDK_v1.5.1/pico-sdk/src/rp2_common/pico_standard_link/new_delete.cpp.obj
                0x10004a04                operator new(unsigned int)
 .text.stdio_out_chars_no_crlf
                0x10004a0c        0xe CMakeFiles/GamecubeController.dir/C_/Program_Files/Raspberry_Pi/Pico_SDK_v1.5.1/pico-sdk/src/rp2_common/pico_stdio/stdio.c.obj
 *fill*         0x10004a1a        0x2 
 .text.stdio_out_chars_crlf
                0x10004a1c       0x80 CMakeFiles/GamecubeController.dir/C_/Program_Files/Raspberry_Pi/Pico_SDK_v1.5.1/pico-sdk/src/rp2_common/pico_stdio/stdio.c.obj
 .text.stdio_stack_buffer_flush
                0x10004a9c       0x44 CMakeFiles/GamecubeController.dir/C_/Program_Files/Raspberry_Pi/Pico_SDK_v1.5.1/pico-sdk/src/rp2_common/pico_stdio/stdio.c.obj
 .text.stdio_buffered_printer
                0x10004ae0       0x20 CMakeFiles/GamecubeController.dir/C_/Program_Files/Raspberry_Pi/Pico_SDK_v1.5.1/pico-sdk/src/rp2_common/pico_stdio/stdio.c.obj
 .text.stdout_serialize_begin
                0x10004b00       0x5c CMakeFiles/GamecubeController.dir/C_/Program_Files/Raspberry_Pi/Pico_SDK_v1.5.1/pico-sdk/src/rp2_common/pico_stdio/stdio.c.obj
                0x10004b00                stdout_serialize_begin
 .text.stdout_serialize_end
                0x10004b5c       0x10 CMakeFiles/GamecubeController.dir/C_/Program_Files/Raspberry_Pi/Pico_SDK_v1.5.1/pico-sdk/src/rp2_common/pico_stdio/stdio.c.obj
                0x10004b5c                stdout_serialize_end
 .text.stdio_put_string
                0x10004b6c       0x98 CMakeFiles/GamecubeController.dir/C_/Program_Files/Raspberry_Pi/Pico_SDK_v1.5.1/pico-sdk/src/rp2_common/pico_stdio/stdio.c.obj
 .text.stdio_set_driver_enabled
                0x10004c04       0x2c CMakeFiles/GamecubeController.dir/C_/Program_Files/Raspberry_Pi/Pico_SDK_v1.5.1/pico-sdk/src/rp2_common/pico_stdio/stdio.c.obj
                0x10004c04                stdio_set_driver_enabled
 .text.stdio_flush
                0x10004c30       0x20 CMakeFiles/GamecubeController.dir/C_/Program_Files/Raspberry_Pi/Pico_SDK_v1.5.1/pico-sdk/src/rp2_common/pico_stdio/stdio.c.obj
                0x10004c30                stdio_flush
 .text.__wrap_puts
                0x10004c50       0x1e CMakeFiles/GamecubeController.dir/C_/Program_Files/Raspberry_Pi/Pico_SDK_v1.5.1/pico-sdk/src/rp2_common/pico_stdio/stdio.c.obj
                0x10004c50                __wrap_puts
 *fill*         0x10004c6e        0x2 
 .text.__wrap_vprintf
                0x10004c70       0x40 CMakeFiles/GamecubeController.dir/C_/Program_Files/Raspberry_Pi/Pico_SDK_v1.5.1/pico-sdk/src/rp2_common/pico_stdio/stdio.c.obj
                0x10004c70                __wrap_vprintf
 .text.__wrap_printf
                0x10004cb0       0x18 CMakeFiles/GamecubeController.dir/C_/Program_Files/Raspberry_Pi/Pico_SDK_v1.5.1/pico-sdk/src/rp2_common/pico_stdio/stdio.c.obj
                0x10004cb0                __wrap_printf
 .text.stdio_init_all
                0x10004cc8        0xa CMakeFiles/GamecubeController.dir/C_/Program_Files/Raspberry_Pi/Pico_SDK_v1.5.1/pico-sdk/src/rp2_common/pico_stdio/stdio.c.obj
                0x10004cc8                stdio_init_all
 *fill*         0x10004cd2        0x2 
 .text.stdio_uart_out_chars
                0x10004cd4       0x74 CMakeFiles/GamecubeController.dir/C_/Program_Files/Raspberry_Pi/Pico_SDK_v1.5.1/pico-sdk/src/rp2_common/pico_stdio_uart/stdio_uart.c.obj
 .text.stdio_uart_in_chars
                0x10004d48       0x80 CMakeFiles/GamecubeController.dir/C_/Program_Files/Raspberry_Pi/Pico_SDK_v1.5.1/pico-sdk/src/rp2_common/pico_stdio_uart/stdio_uart.c.obj
                0x10004d48                stdio_uart_in_chars
 .text.on_uart_rx
                0x10004dc8       0x28 CMakeFiles/GamecubeController.dir/C_/Program_Files/Raspberry_Pi/Pico_SDK_v1.5.1/pico-sdk/src/rp2_common/pico_stdio_uart/stdio_uart.c.obj
 .text.stdio_uart_set_chars_available_callback
                0x10004df0       0x8c CMakeFiles/GamecubeController.dir/C_/Program_Files/Raspberry_Pi/Pico_SDK_v1.5.1/pico-sdk/src/rp2_common/pico_stdio_uart/stdio_uart.c.obj
 .text.stdio_uart_init_full
                0x10004e7c       0x44 CMakeFiles/GamecubeController.dir/C_/Program_Files/Raspberry_Pi/Pico_SDK_v1.5.1/pico-sdk/src/rp2_common/pico_stdio_uart/stdio_uart.c.obj
                0x10004e7c                stdio_uart_init_full
 .text.stdio_uart_init
                0x10004ec0       0x28 CMakeFiles/GamecubeController.dir/C_/Program_Files/Raspberry_Pi/Pico_SDK_v1.5.1/pico-sdk/src/rp2_common/pico_stdio_uart/stdio_uart.c.obj
                0x10004ec0                stdio_uart_init
 .text._pio_can_add_program_at_offset
                0x10004ee8       0x3c CMakeFiles/GamecubeController.dir/C_/Program_Files/Raspberry_Pi/Pico_SDK_v1.5.1/pico-sdk/src/rp2_common/hardware_pio/pio.c.obj
 .text._pio_find_offset_for_program
                0x10004f24       0x7c CMakeFiles/GamecubeController.dir/C_/Program_Files/Raspberry_Pi/Pico_SDK_v1.5.1/pico-sdk/src/rp2_common/hardware_pio/pio.c.obj
 .text._pio_add_program_at_offset
                0x10004fa0       0x78 CMakeFiles/GamecubeController.dir/C_/Program_Files/Raspberry_Pi/Pico_SDK_v1.5.1/pico-sdk/src/rp2_common/hardware_pio/pio.c.obj
 .text.pio_sm_claim
                0x10005018       0x30 CMakeFiles/GamecubeController.dir/C_/Program_Files/Raspberry_Pi/Pico_SDK_v1.5.1/pico-sdk/src/rp2_common/hardware_pio/pio.c.obj
                0x10005018                pio_sm_claim
 .text.pio_claim_unused_sm
                0x10005048       0x3c CMakeFiles/GamecubeController.dir/C_/Program_Files/Raspberry_Pi/Pico_SDK_v1.5.1/pico-sdk/src/rp2_common/hardware_pio/pio.c.obj
                0x10005048                pio_claim_unused_sm
 .text.pio_add_program
                0x10005084       0x38 CMakeFiles/GamecubeController.dir/C_/Program_Files/Raspberry_Pi/Pico_SDK_v1.5.1/pico-sdk/src/rp2_common/hardware_pio/pio.c.obj
                0x10005084                pio_add_program
 .text.pio_sm_init
                0x100050bc       0xe4 CMakeFiles/GamecubeController.dir/C_/Program_Files/Raspberry_Pi/Pico_SDK_v1.5.1/pico-sdk/src/rp2_common/hardware_pio/pio.c.obj
                0x100050bc                pio_sm_init
 .text.hw_endpoint_get_by_addr
                0x100051a0       0x18 CMakeFiles/GamecubeController.dir/C_/Program_Files/Raspberry_Pi/Pico_SDK_v1.5.1/pico-sdk/lib/tinyusb/src/portable/raspberrypi/rp2040/dcd_rp2040.c.obj
 .text._hw_endpoint_alloc
                0x100051b8       0x70 CMakeFiles/GamecubeController.dir/C_/Program_Files/Raspberry_Pi/Pico_SDK_v1.5.1/pico-sdk/lib/tinyusb/src/portable/raspberrypi/rp2040/dcd_rp2040.c.obj
 .text.hw_endpoint_init
                0x10005228       0x88 CMakeFiles/GamecubeController.dir/C_/Program_Files/Raspberry_Pi/Pico_SDK_v1.5.1/pico-sdk/lib/tinyusb/src/portable/raspberrypi/rp2040/dcd_rp2040.c.obj
 .text.hw_endpoint_xfer
                0x100052b0       0x14 CMakeFiles/GamecubeController.dir/C_/Program_Files/Raspberry_Pi/Pico_SDK_v1.5.1/pico-sdk/lib/tinyusb/src/portable/raspberrypi/rp2040/dcd_rp2040.c.obj
 .text.dcd_int_enable
                0x100052c4       0x2c CMakeFiles/GamecubeController.dir/C_/Program_Files/Raspberry_Pi/Pico_SDK_v1.5.1/pico-sdk/lib/tinyusb/src/portable/raspberrypi/rp2040/dcd_rp2040.c.obj
                0x100052c4                dcd_int_enable
 .text.dcd_set_address
                0x100052f0       0x2c CMakeFiles/GamecubeController.dir/C_/Program_Files/Raspberry_Pi/Pico_SDK_v1.5.1/pico-sdk/lib/tinyusb/src/portable/raspberrypi/rp2040/dcd_rp2040.c.obj
                0x100052f0                dcd_set_address
 .text.dcd_connect
                0x1000531c       0x10 CMakeFiles/GamecubeController.dir/C_/Program_Files/Raspberry_Pi/Pico_SDK_v1.5.1/pico-sdk/lib/tinyusb/src/portable/raspberrypi/rp2040/dcd_rp2040.c.obj
                0x1000531c                dcd_connect
 .text.dcd_init
                0x1000532c       0x80 CMakeFiles/GamecubeController.dir/C_/Program_Files/Raspberry_Pi/Pico_SDK_v1.5.1/pico-sdk/lib/tinyusb/src/portable/raspberrypi/rp2040/dcd_rp2040.c.obj
                0x1000532c                dcd_init
 .text.dcd_edpt0_status_complete
                0x100053ac       0x1c CMakeFiles/GamecubeController.dir/C_/Program_Files/Raspberry_Pi/Pico_SDK_v1.5.1/pico-sdk/lib/tinyusb/src/portable/raspberrypi/rp2040/dcd_rp2040.c.obj
                0x100053ac                dcd_edpt0_status_complete
 .text.dcd_edpt_open
                0x100053c8       0x40 CMakeFiles/GamecubeController.dir/C_/Program_Files/Raspberry_Pi/Pico_SDK_v1.5.1/pico-sdk/lib/tinyusb/src/portable/raspberrypi/rp2040/dcd_rp2040.c.obj
                0x100053c8                dcd_edpt_open
 .text.dcd_edpt_close_all
                0x10005408        0x8 CMakeFiles/GamecubeController.dir/C_/Program_Files/Raspberry_Pi/Pico_SDK_v1.5.1/pico-sdk/lib/tinyusb/src/portable/raspberrypi/rp2040/dcd_rp2040.c.obj
                0x10005408                dcd_edpt_close_all
 .text.dcd_edpt_xfer
                0x10005410       0x34 CMakeFiles/GamecubeController.dir/C_/Program_Files/Raspberry_Pi/Pico_SDK_v1.5.1/pico-sdk/lib/tinyusb/src/portable/raspberrypi/rp2040/dcd_rp2040.c.obj
                0x10005410                dcd_edpt_xfer
 .text.dcd_edpt_stall
                0x10005444       0x2c CMakeFiles/GamecubeController.dir/C_/Program_Files/Raspberry_Pi/Pico_SDK_v1.5.1/pico-sdk/lib/tinyusb/src/portable/raspberrypi/rp2040/dcd_rp2040.c.obj
                0x10005444                dcd_edpt_stall
 .text.dcd_edpt_clear_stall
                0x10005470       0x20 CMakeFiles/GamecubeController.dir/C_/Program_Files/Raspberry_Pi/Pico_SDK_v1.5.1/pico-sdk/lib/tinyusb/src/portable/raspberrypi/rp2040/dcd_rp2040.c.obj
                0x10005470                dcd_edpt_clear_stall
 .text.rp2040_usb_init
                0x10005490       0x4c CMakeFiles/GamecubeController.dir/C_/Program_Files/Raspberry_Pi/Pico_SDK_v1.5.1/pico-sdk/lib/tinyusb/src/portable/raspberrypi/rp2040/rp2040_usb.c.obj
                0x10005490                rp2040_usb_init
 .text.hw_endpoint_xfer_start
                0x100054dc       0x50 CMakeFiles/GamecubeController.dir/C_/Program_Files/Raspberry_Pi/Pico_SDK_v1.5.1/pico-sdk/lib/tinyusb/src/portable/raspberrypi/rp2040/rp2040_usb.c.obj
                0x100054dc                hw_endpoint_xfer_start
 .text.configuration_reset
                0x1000552c       0x84 CMakeFiles/GamecubeController.dir/C_/Program_Files/Raspberry_Pi/Pico_SDK_v1.5.1/pico-sdk/lib/tinyusb/src/device/usbd.c.obj
 .text.usbd_reset
                0x100055b0        0xc CMakeFiles/GamecubeController.dir/C_/Program_Files/Raspberry_Pi/Pico_SDK_v1.5.1/pico-sdk/lib/tinyusb/src/device/usbd.c.obj
 .text.invoke_class_control
                0x100055bc       0x1a CMakeFiles/GamecubeController.dir/C_/Program_Files/Raspberry_Pi/Pico_SDK_v1.5.1/pico-sdk/lib/tinyusb/src/device/usbd.c.obj
 *fill*         0x100055d6        0x2 
 .text.process_set_config
                0x100055d8      0x15c CMakeFiles/GamecubeController.dir/C_/Program_Files/Raspberry_Pi/Pico_SDK_v1.5.1/pico-sdk/lib/tinyusb/src/device/usbd.c.obj
 .text.process_get_descriptor
                0x10005734       0xdc CMakeFiles/GamecubeController.dir/C_/Program_Files/Raspberry_Pi/Pico_SDK_v1.5.1/pico-sdk/lib/tinyusb/src/device/usbd.c.obj
 .text.tud_mounted
                0x10005810       0x10 CMakeFiles/GamecubeController.dir/C_/Program_Files/Raspberry_Pi/Pico_SDK_v1.5.1/pico-sdk/lib/tinyusb/src/device/usbd.c.obj
                0x10005810                tud_mounted
 .text.tud_suspended
                0x10005820       0x10 CMakeFiles/GamecubeController.dir/C_/Program_Files/Raspberry_Pi/Pico_SDK_v1.5.1/pico-sdk/lib/tinyusb/src/device/usbd.c.obj
                0x10005820                tud_suspended
 .text.tud_inited
                0x10005830       0x14 CMakeFiles/GamecubeController.dir/C_/Program_Files/Raspberry_Pi/Pico_SDK_v1.5.1/pico-sdk/lib/tinyusb/src/device/usbd.c.obj
                0x10005830                tud_inited
 .text.tud_init
                0x10005844       0xcc CMakeFiles/GamecubeController.dir/C_/Program_Files/Raspberry_Pi/Pico_SDK_v1.5.1/pico-sdk/lib/tinyusb/src/device/usbd.c.obj
                0x10005844                tud_init
 .text.usbd_edpt_open
                0x10005910       0x34 CMakeFiles/GamecubeController.dir/C_/Program_Files/Raspberry_Pi/Pico_SDK_v1.5.1/pico-sdk/lib/tinyusb/src/device/usbd.c.obj
                0x10005910                usbd_edpt_open
 .text.usbd_open_edpt_pair
                0x10005944       0x62 CMakeFiles/GamecubeController.dir/C_/Program_Files/Raspberry_Pi/Pico_SDK_v1.5.1/pico-sdk/lib/tinyusb/src/device/usbd.c.obj
                0x10005944                usbd_open_edpt_pair
 *fill*         0x100059a6        0x2 
 .text.usbd_edpt_claim
                0x100059a8       0x28 CMakeFiles/GamecubeController.dir/C_/Program_Files/Raspberry_Pi/Pico_SDK_v1.5.1/pico-sdk/lib/tinyusb/src/device/usbd.c.obj
                0x100059a8                usbd_edpt_claim
 .text.usbd_edpt_xfer
                0x100059d0       0x78 CMakeFiles/GamecubeController.dir/C_/Program_Files/Raspberry_Pi/Pico_SDK_v1.5.1/pico-sdk/lib/tinyusb/src/device/usbd.c.obj
                0x100059d0                usbd_edpt_xfer
 .text.usbd_edpt_stall
                0x10005a48       0x48 CMakeFiles/GamecubeController.dir/C_/Program_Files/Raspberry_Pi/Pico_SDK_v1.5.1/pico-sdk/lib/tinyusb/src/device/usbd.c.obj
                0x10005a48                usbd_edpt_stall
 .text.usbd_edpt_clear_stall
                0x10005a90       0x48 CMakeFiles/GamecubeController.dir/C_/Program_Files/Raspberry_Pi/Pico_SDK_v1.5.1/pico-sdk/lib/tinyusb/src/device/usbd.c.obj
                0x10005a90                usbd_edpt_clear_stall
 .text.usbd_edpt_stalled
                0x10005ad8       0x1c CMakeFiles/GamecubeController.dir/C_/Program_Files/Raspberry_Pi/Pico_SDK_v1.5.1/pico-sdk/lib/tinyusb/src/device/usbd.c.obj
                0x10005ad8                usbd_edpt_stalled
 .text.process_control_request
                0x10005af4      0x37c CMakeFiles/GamecubeController.dir/C_/Program_Files/Raspberry_Pi/Pico_SDK_v1.5.1/pico-sdk/lib/tinyusb/src/device/usbd.c.obj
 .text.tud_task_ext
                0x10005e70      0x1b8 CMakeFiles/GamecubeController.dir/C_/Program_Files/Raspberry_Pi/Pico_SDK_v1.5.1/pico-sdk/lib/tinyusb/src/device/usbd.c.obj
                0x10005e70                tud_task_ext
 .text._data_stage_xact
                0x10006028       0x58 CMakeFiles/GamecubeController.dir/C_/Program_Files/Raspberry_Pi/Pico_SDK_v1.5.1/pico-sdk/lib/tinyusb/src/device/usbd_control.c.obj
 .text.tud_control_status
                0x10006080       0x38 CMakeFiles/GamecubeController.dir/C_/Program_Files/Raspberry_Pi/Pico_SDK_v1.5.1/pico-sdk/lib/tinyusb/src/device/usbd_control.c.obj
                0x10006080                tud_control_status
 .text.tud_control_xfer
                0x100060b8       0x74 CMakeFiles/GamecubeController.dir/C_/Program_Files/Raspberry_Pi/Pico_SDK_v1.5.1/pico-sdk/lib/tinyusb/src/device/usbd_control.c.obj
                0x100060b8                tud_control_xfer
 .text.usbd_control_reset
                0x1000612c       0x14 CMakeFiles/GamecubeController.dir/C_/Program_Files/Raspberry_Pi/Pico_SDK_v1.5.1/pico-sdk/lib/tinyusb/src/device/usbd_control.c.obj
                0x1000612c                usbd_control_reset
 .text.usbd_control_set_complete_callback
                0x10006140        0xc CMakeFiles/GamecubeController.dir/C_/Program_Files/Raspberry_Pi/Pico_SDK_v1.5.1/pico-sdk/lib/tinyusb/src/device/usbd_control.c.obj
                0x10006140                usbd_control_set_complete_callback
 .text.usbd_control_set_request
                0x1000614c       0x1c CMakeFiles/GamecubeController.dir/C_/Program_Files/Raspberry_Pi/Pico_SDK_v1.5.1/pico-sdk/lib/tinyusb/src/device/usbd_control.c.obj
                0x1000614c                usbd_control_set_request
 .text.usbd_control_xfer_cb
                0x10006168       0xcc CMakeFiles/GamecubeController.dir/C_/Program_Files/Raspberry_Pi/Pico_SDK_v1.5.1/pico-sdk/lib/tinyusb/src/device/usbd_control.c.obj
                0x10006168                usbd_control_xfer_cb
 .text.tud_hid_n_report
                0x10006234       0xa8 CMakeFiles/GamecubeController.dir/C_/Program_Files/Raspberry_Pi/Pico_SDK_v1.5.1/pico-sdk/lib/tinyusb/src/class/hid/hid_device.c.obj
                0x10006234                tud_hid_n_report
 .text.hidd_reset
                0x100062dc       0x14 CMakeFiles/GamecubeController.dir/C_/Program_Files/Raspberry_Pi/Pico_SDK_v1.5.1/pico-sdk/lib/tinyusb/src/class/hid/hid_device.c.obj
                0x100062dc                hidd_reset
 .text.hidd_init
                0x100062f0        0xa CMakeFiles/GamecubeController.dir/C_/Program_Files/Raspberry_Pi/Pico_SDK_v1.5.1/pico-sdk/lib/tinyusb/src/class/hid/hid_device.c.obj
                0x100062f0                hidd_init
 *fill*         0x100062fa        0x2 
 .text.hidd_open
                0x100062fc       0xd4 CMakeFiles/GamecubeController.dir/C_/Program_Files/Raspberry_Pi/Pico_SDK_v1.5.1/pico-sdk/lib/tinyusb/src/class/hid/hid_device.c.obj
                0x100062fc                hidd_open
 .text.hidd_control_xfer_cb
                0x100063d0      0x2d8 CMakeFiles/GamecubeController.dir/C_/Program_Files/Raspberry_Pi/Pico_SDK_v1.5.1/pico-sdk/lib/tinyusb/src/class/hid/hid_device.c.obj
                0x100063d0                hidd_control_xfer_cb
 .text.hidd_xfer_cb
                0x100066a8       0x8c CMakeFiles/GamecubeController.dir/C_/Program_Files/Raspberry_Pi/Pico_SDK_v1.5.1/pico-sdk/lib/tinyusb/src/class/hid/hid_device.c.obj
                0x100066a8                hidd_xfer_cb
 .text.tusb_init
                0x10006734        0xa CMakeFiles/GamecubeController.dir/C_/Program_Files/Raspberry_Pi/Pico_SDK_v1.5.1/pico-sdk/lib/tinyusb/src/tusb.c.obj
                0x10006734                tusb_init
 .text.tusb_inited
                0x1000673e        0xe CMakeFiles/GamecubeController.dir/C_/Program_Files/Raspberry_Pi/Pico_SDK_v1.5.1/pico-sdk/lib/tinyusb/src/tusb.c.obj
                0x1000673e                tusb_inited
 .text.tu_edpt_claim
                0x1000674c       0x50 CMakeFiles/GamecubeController.dir/C_/Program_Files/Raspberry_Pi/Pico_SDK_v1.5.1/pico-sdk/lib/tinyusb/src/tusb.c.obj
                0x1000674c                tu_edpt_claim
 .text.tu_edpt_validate
                0x1000679c       0x78 CMakeFiles/GamecubeController.dir/C_/Program_Files/Raspberry_Pi/Pico_SDK_v1.5.1/pico-sdk/lib/tinyusb/src/tusb.c.obj
                0x1000679c                tu_edpt_validate
 .text.tu_edpt_bind_driver
                0x10006814       0x26 CMakeFiles/GamecubeController.dir/C_/Program_Files/Raspberry_Pi/Pico_SDK_v1.5.1/pico-sdk/lib/tinyusb/src/tusb.c.obj
                0x10006814                tu_edpt_bind_driver
 .text.advance_index
                0x1000683a       0x1a CMakeFiles/GamecubeController.dir/C_/Program_Files/Raspberry_Pi/Pico_SDK_v1.5.1/pico-sdk/lib/tinyusb/src/common/tusb_fifo.c.obj
 .text._tu_fifo_peek
                0x10006854       0x56 CMakeFiles/GamecubeController.dir/C_/Program_Files/Raspberry_Pi/Pico_SDK_v1.5.1/pico-sdk/lib/tinyusb/src/common/tusb_fifo.c.obj
 .text.tu_fifo_full
                0x100068aa       0x28 CMakeFiles/GamecubeController.dir/C_/Program_Files/Raspberry_Pi/Pico_SDK_v1.5.1/pico-sdk/lib/tinyusb/src/common/tusb_fifo.c.obj
                0x100068aa                tu_fifo_full
 .text.tu_fifo_read
                0x100068d2       0x42 CMakeFiles/GamecubeController.dir/C_/Program_Files/Raspberry_Pi/Pico_SDK_v1.5.1/pico-sdk/lib/tinyusb/src/common/tusb_fifo.c.obj
                0x100068d2                tu_fifo_read
 .text.tu_fifo_write
                0x10006914       0x64 CMakeFiles/GamecubeController.dir/C_/Program_Files/Raspberry_Pi/Pico_SDK_v1.5.1/pico-sdk/lib/tinyusb/src/common/tusb_fifo.c.obj
                0x10006914                tu_fifo_write
 .text.tu_fifo_clear
                0x10006978       0x3e CMakeFiles/GamecubeController.dir/C_/Program_Files/Raspberry_Pi/Pico_SDK_v1.5.1/pico-sdk/lib/tinyusb/src/common/tusb_fifo.c.obj
                0x10006978                tu_fifo_clear
 *fill*         0x100069b6        0x2 
 .text.board_init
                0x100069b8       0x30 CMakeFiles/GamecubeController.dir/C_/Program_Files/Raspberry_Pi/Pico_SDK_v1.5.1/pico-sdk/lib/tinyusb/hw/bsp/rp2040/family.c.obj
                0x100069b8                board_init
 .text.malloc   0x100069e8       0x14 c:/progra~1/raspbe~1/picosd~1.0/gcc-ar~1/bin/../lib/gcc/arm-none-eabi/10.3.1/../../../../arm-none-eabi/lib/thumb/v6-m/nofp\libg.a(lib_a-malloc.o)
                0x100069e8                malloc
 .text._malloc_r
                0x100069fc      0x584 c:/progra~1/raspbe~1/picosd~1.0/gcc-ar~1/bin/../lib/gcc/arm-none-eabi/10.3.1/../../../../arm-none-eabi/lib/thumb/v6-m/nofp\libg.a(lib_a-mallocr.o)
                0x100069fc                _malloc_r
 .text.__malloc_lock
                0x10006f80       0x10 c:/progra~1/raspbe~1/picosd~1.0/gcc-ar~1/bin/../lib/gcc/arm-none-eabi/10.3.1/../../../../arm-none-eabi/lib/thumb/v6-m/nofp\libg.a(lib_a-mlock.o)
                0x10006f80                __malloc_lock
 .text.__malloc_unlock
                0x10006f90       0x10 c:/progra~1/raspbe~1/picosd~1.0/gcc-ar~1/bin/../lib/gcc/arm-none-eabi/10.3.1/../../../../arm-none-eabi/lib/thumb/v6-m/nofp\libg.a(lib_a-mlock.o)
                0x10006f90                __malloc_unlock
 .text._sbrk_r  0x10006fa0       0x24 c:/progra~1/raspbe~1/picosd~1.0/gcc-ar~1/bin/../lib/gcc/arm-none-eabi/10.3.1/../../../../arm-none-eabi/lib/thumb/v6-m/nofp\libg.a(lib_a-sbrkr.o)
                0x10006fa0                _sbrk_r
 .text.strlen   0x10006fc4       0x5c c:/progra~1/raspbe~1/picosd~1.0/gcc-ar~1/bin/../lib/gcc/arm-none-eabi/10.3.1/../../../../arm-none-eabi/lib/thumb/v6-m/nofp\libg.a(lib_a-strlen-stub.o)
                0x10006fc4                strlen
 .text._malloc_trim_r
                0x10007020       0x9c c:/progra~1/raspbe~1/picosd~1.0/gcc-ar~1/bin/../lib/gcc/arm-none-eabi/10.3.1/../../../../arm-none-eabi/lib/thumb/v6-m/nofp\libg.a(lib_a-freer.o)
                0x10007020                _malloc_trim_r
 .text._free_r  0x100070bc      0x1c4 c:/progra~1/raspbe~1/picosd~1.0/gcc-ar~1/bin/../lib/gcc/arm-none-eabi/10.3.1/../../../../arm-none-eabi/lib/thumb/v6-m/nofp\libg.a(lib_a-freer.o)
                0x100070bc                _free_r
 .text.__retarget_lock_acquire_recursive
                0x10007280        0x4 c:/progra~1/raspbe~1/picosd~1.0/gcc-ar~1/bin/../lib/gcc/arm-none-eabi/10.3.1/../../../../arm-none-eabi/lib/thumb/v6-m/nofp\libg.a(lib_a-lock.o)
                0x10007280                __retarget_lock_acquire_recursive
 .text.__retarget_lock_release_recursive
                0x10007284        0x4 c:/progra~1/raspbe~1/picosd~1.0/gcc-ar~1/bin/../lib/gcc/arm-none-eabi/10.3.1/../../../../arm-none-eabi/lib/thumb/v6-m/nofp\libg.a(lib_a-lock.o)
                0x10007284                __retarget_lock_release_recursive
 *(.fini)
 .fini          0x10007288        0x4 c:/progra~1/raspbe~1/picosd~1.0/gcc-ar~1/bin/../lib/gcc/arm-none-eabi/10.3.1/thumb/v6-m/nofp/crti.o
                0x10007288                _fini
 *fill*         0x1000728c        0x4 
 .fini.__stub   0x10007290       0xc0 linker stubs
 *crtbegin.o(.ctors)
 *crtbegin?.o(.ctors)
 *(EXCLUDE_FILE(*crtend.o *crtend?.o) .ctors)
 *(SORT_BY_NAME(.ctors.*))
 *(.ctors)
 *crtbegin.o(.dtors)
 *crtbegin?.o(.dtors)
 *(EXCLUDE_FILE(*crtend.o *crtend?.o) .dtors)
 *(SORT_BY_NAME(.dtors.*))
 *(.dtors)
 *(.eh_frame*)
 .eh_frame      0x10007350        0x0 c:/progra~1/raspbe~1/picosd~1.0/gcc-ar~1/bin/../lib/gcc/arm-none-eabi/10.3.1/thumb/v6-m/nofp/crtbegin.o
                0x10007350                . = ALIGN (0x4)

.glue_7         0x10007350        0x0
 .glue_7        0x10007350        0x0 linker stubs

.glue_7t        0x10007350        0x0
 .glue_7t       0x10007350        0x0 linker stubs

.vfp11_veneer   0x10007350        0x0
 .vfp11_veneer  0x10007350        0x0 linker stubs

.v4_bx          0x10007350        0x0
 .v4_bx         0x10007350        0x0 linker stubs

.iplt           0x10007350        0x0
 .iplt          0x10007350        0x0 c:/progra~1/raspbe~1/picosd~1.0/gcc-ar~1/bin/../lib/gcc/arm-none-eabi/10.3.1/thumb/v6-m/nofp/crtbegin.o

.rodata         0x10007350     0x16a4
 *(EXCLUDE_FILE(*libm.a: *libc.a:*lib_a-mem*.o *libgcc.a:) .rodata*)
 .rodata.main.str1.4
                0x10007350       0x3e CMakeFiles/GamecubeController.dir/src/main.cpp.obj
 *fill*         0x1000738e        0x2 
 .rodata._ZL24gc_hid_report_descriptor
                0x10007390       0x6a CMakeFiles/GamecubeController.dir/src/main.cpp.obj
 *fill*         0x100073fa        0x2 
 .rodata.joybus_program
                0x100073fc        0x6 CMakeFiles/GamecubeController.dir/src/joybus.c.obj
 *fill*         0x10007402        0x2 
 .rodata.joybus_program_instructions
                0x10007404       0x2e CMakeFiles/GamecubeController.dir/src/joybus.c.obj
 *fill*         0x10007432        0x2 
 .rodata._ZN18GamecubeControllerC2EjjP8pio_hw_tii.str1.4
                0x10007434       0xb5 CMakeFiles/GamecubeController.dir/src/GamecubeController.cpp.obj
 *fill*         0x100074e9        0x3 
 .rodata.str1.4
                0x100074ec       0x31 CMakeFiles/GamecubeController.dir/src/usb_descriptors.cpp.obj
 *fill*         0x1000751d        0x3 
 .rodata._ZL17gc_descriptor_dev
                0x10007520       0x12 CMakeFiles/GamecubeController.dir/src/usb_descriptors.cpp.obj
 *fill*         0x10007532        0x2 
 .rodata._ZL31gc_hid_configuration_descriptor
                0x10007534       0x29 CMakeFiles/GamecubeController.dir/src/usb_descriptors.cpp.obj
 *fill*         0x1000755d        0x3 
 .rodata.spin_lock_claim_unused.str1.4
                0x10007560       0x1b CMakeFiles/GamecubeController.dir/C_/Program_Files/Raspberry_Pi/Pico_SDK_v1.5.1/pico-sdk/src/rp2_common/hardware_sync/sync.c.obj
 *fill*         0x1000757b        0x1 
 .rodata.make_branch.str1.4
                0x1000757c       0x89 CMakeFiles/GamecubeController.dir/C_/Program_Files/Raspberry_Pi/Pico_SDK_v1.5.1/pico-sdk/src/rp2_common/hardware_irq/irq.c.obj
 *fill*         0x10007605        0x3 
 .rodata.insert_branch_and_link.str1.4
                0x10007608       0x10 CMakeFiles/GamecubeController.dir/C_/Program_Files/Raspberry_Pi/Pico_SDK_v1.5.1/pico-sdk/src/rp2_common/hardware_irq/irq.c.obj
 .rodata.irq_set_exclusive_handler.str1.4
                0x10007618       0x36 CMakeFiles/GamecubeController.dir/C_/Program_Files/Raspberry_Pi/Pico_SDK_v1.5.1/pico-sdk/src/rp2_common/hardware_irq/irq.c.obj
 *fill*         0x1000764e        0x2 
 .rodata.irq_add_shared_handler.str1.4
                0x10007650       0xd9 CMakeFiles/GamecubeController.dir/C_/Program_Files/Raspberry_Pi/Pico_SDK_v1.5.1/pico-sdk/src/rp2_common/hardware_irq/irq.c.obj
 *fill*         0x10007729        0x3 
 .rodata.irq_remove_handler.str1.4
                0x1000772c       0x3a CMakeFiles/GamecubeController.dir/C_/Program_Files/Raspberry_Pi/Pico_SDK_v1.5.1/pico-sdk/src/rp2_common/hardware_irq/irq.c.obj
 *fill*         0x10007766        0x2 
 .rodata.irq_add_tail_to_free_list.str1.4
                0x10007768       0x3a CMakeFiles/GamecubeController.dir/C_/Program_Files/Raspberry_Pi/Pico_SDK_v1.5.1/pico-sdk/src/rp2_common/hardware_irq/irq.c.obj
 *fill*         0x100077a2        0x2 
 .rodata.__func__.0
                0x100077a4       0x1a CMakeFiles/GamecubeController.dir/C_/Program_Files/Raspberry_Pi/Pico_SDK_v1.5.1/pico-sdk/src/rp2_common/hardware_irq/irq.c.obj
 *fill*         0x100077be        0x2 
 .rodata.__func__.1
                0x100077c0       0x17 CMakeFiles/GamecubeController.dir/C_/Program_Files/Raspberry_Pi/Pico_SDK_v1.5.1/pico-sdk/src/rp2_common/hardware_irq/irq.c.obj
 *fill*         0x100077d7        0x1 
 .rodata.__func__.2
                0x100077d8       0x13 CMakeFiles/GamecubeController.dir/C_/Program_Files/Raspberry_Pi/Pico_SDK_v1.5.1/pico-sdk/src/rp2_common/hardware_irq/irq.c.obj
 *fill*         0x100077eb        0x1 
 .rodata.__func__.3
                0x100077ec        0xc CMakeFiles/GamecubeController.dir/C_/Program_Files/Raspberry_Pi/Pico_SDK_v1.5.1/pico-sdk/src/rp2_common/hardware_irq/irq.c.obj
 .rodata.__func__.4
                0x100077f8        0xf CMakeFiles/GamecubeController.dir/C_/Program_Files/Raspberry_Pi/Pico_SDK_v1.5.1/pico-sdk/src/rp2_common/hardware_irq/irq.c.obj
 *fill*         0x10007807        0x1 
 .rodata.__func__.5
                0x10007808       0x17 CMakeFiles/GamecubeController.dir/C_/Program_Files/Raspberry_Pi/Pico_SDK_v1.5.1/pico-sdk/src/rp2_common/hardware_irq/irq.c.obj
 *fill*         0x1000781f        0x1 
 .rodata.__func__.6
                0x10007820       0x1a CMakeFiles/GamecubeController.dir/C_/Program_Files/Raspberry_Pi/Pico_SDK_v1.5.1/pico-sdk/src/rp2_common/hardware_irq/irq.c.obj
 *fill*         0x1000783a        0x2 
 .rodata.str1.4
                0x1000783c       0xa5 CMakeFiles/GamecubeController.dir/C_/Program_Files/Raspberry_Pi/Pico_SDK_v1.5.1/pico-sdk/src/common/pico_sync/mutex.c.obj
                                0x125 (size before relaxing)
 *fill*         0x100078e1        0x3 
 .rodata.__func__.1
                0x100078e4        0xb CMakeFiles/GamecubeController.dir/C_/Program_Files/Raspberry_Pi/Pico_SDK_v1.5.1/pico-sdk/src/common/pico_sync/mutex.c.obj
 *fill*         0x100078ef        0x1 
 .rodata.__func__.3
                0x100078f0       0x18 CMakeFiles/GamecubeController.dir/C_/Program_Files/Raspberry_Pi/Pico_SDK_v1.5.1/pico-sdk/src/common/pico_sync/mutex.c.obj
 .rodata.__func__.4
                0x10007908       0x15 CMakeFiles/GamecubeController.dir/C_/Program_Files/Raspberry_Pi/Pico_SDK_v1.5.1/pico-sdk/src/common/pico_sync/mutex.c.obj
 *fill*         0x1000791d        0x3 
 .rodata.repeating_timer_callback.str1.4
                0x10007920       0x67 CMakeFiles/GamecubeController.dir/C_/Program_Files/Raspberry_Pi/Pico_SDK_v1.5.1/pico-sdk/src/common/pico_time/time.c.obj
 *fill*         0x10007987        0x1 
 .rodata.timer_pool_entry_comparator.str1.4
                0x10007988       0x22 CMakeFiles/GamecubeController.dir/C_/Program_Files/Raspberry_Pi/Pico_SDK_v1.5.1/pico-sdk/src/common/pico_time/time.c.obj
 *fill*         0x100079aa        0x2 
 .rodata.ph_add_child_node.str1.4
                0x100079ac       0xb2 CMakeFiles/GamecubeController.dir/C_/Program_Files/Raspberry_Pi/Pico_SDK_v1.5.1/pico-sdk/src/common/pico_time/time.c.obj
 *fill*         0x10007a5e        0x2 
 .rodata.add_alarm_under_lock.str1.4
                0x10007a60       0x28 CMakeFiles/GamecubeController.dir/C_/Program_Files/Raspberry_Pi/Pico_SDK_v1.5.1/pico-sdk/src/common/pico_time/time.c.obj
                                 0x2b (size before relaxing)
 .rodata.alarm_pool_alarm_callback.str1.4
                0x10007a88       0x98 CMakeFiles/GamecubeController.dir/C_/Program_Files/Raspberry_Pi/Pico_SDK_v1.5.1/pico-sdk/src/common/pico_time/time.c.obj
                                0x118 (size before relaxing)
 .rodata.alarm_pool_get_default.str1.4
                0x10007b20       0x21 CMakeFiles/GamecubeController.dir/C_/Program_Files/Raspberry_Pi/Pico_SDK_v1.5.1/pico-sdk/src/common/pico_time/time.c.obj
 *fill*         0x10007b41        0x3 
 .rodata.alarm_pool_cancel_alarm.str1.4
                0x10007b44       0x27 CMakeFiles/GamecubeController.dir/C_/Program_Files/Raspberry_Pi/Pico_SDK_v1.5.1/pico-sdk/src/common/pico_time/time.c.obj
 *fill*         0x10007b6b        0x1 
 .rodata.__func__.1
                0x10007b6c       0x18 CMakeFiles/GamecubeController.dir/C_/Program_Files/Raspberry_Pi/Pico_SDK_v1.5.1/pico-sdk/src/common/pico_time/time.c.obj
 .rodata.__func__.10
                0x10007b84       0x15 CMakeFiles/GamecubeController.dir/C_/Program_Files/Raspberry_Pi/Pico_SDK_v1.5.1/pico-sdk/src/common/pico_time/time.c.obj
 *fill*         0x10007b99        0x3 
 .rodata.__func__.11
                0x10007b9c       0x1a CMakeFiles/GamecubeController.dir/C_/Program_Files/Raspberry_Pi/Pico_SDK_v1.5.1/pico-sdk/src/common/pico_time/time.c.obj
 *fill*         0x10007bb6        0x2 
 .rodata.__func__.12
                0x10007bb8        0xa CMakeFiles/GamecubeController.dir/C_/Program_Files/Raspberry_Pi/Pico_SDK_v1.5.1/pico-sdk/src/common/pico_time/time.c.obj
 *fill*         0x10007bc2        0x2 
 .rodata.__func__.3
                0x10007bc4       0x17 CMakeFiles/GamecubeController.dir/C_/Program_Files/Raspberry_Pi/Pico_SDK_v1.5.1/pico-sdk/src/common/pico_time/time.c.obj
 *fill*         0x10007bdb        0x1 
 .rodata.__func__.4
                0x10007bdc       0x12 CMakeFiles/GamecubeController.dir/C_/Program_Files/Raspberry_Pi/Pico_SDK_v1.5.1/pico-sdk/src/common/pico_time/time.c.obj
 *fill*         0x10007bee        0x2 
 .rodata.__func__.5
                0x10007bf0        0xd CMakeFiles/GamecubeController.dir/C_/Program_Files/Raspberry_Pi/Pico_SDK_v1.5.1/pico-sdk/src/common/pico_time/time.c.obj
 *fill*         0x10007bfd        0x3 
 .rodata.__func__.6
                0x10007c00       0x12 CMakeFiles/GamecubeController.dir/C_/Program_Files/Raspberry_Pi/Pico_SDK_v1.5.1/pico-sdk/src/common/pico_time/time.c.obj
 *fill*         0x10007c12        0x2 
 .rodata.__func__.7
                0x10007c14        0xf CMakeFiles/GamecubeController.dir/C_/Program_Files/Raspberry_Pi/Pico_SDK_v1.5.1/pico-sdk/src/common/pico_time/time.c.obj
 *fill*         0x10007c23        0x1 
 .rodata.__func__.8
                0x10007c24        0xc CMakeFiles/GamecubeController.dir/C_/Program_Files/Raspberry_Pi/Pico_SDK_v1.5.1/pico-sdk/src/common/pico_time/time.c.obj
 .rodata.__func__.9
                0x10007c30       0x15 CMakeFiles/GamecubeController.dir/C_/Program_Files/Raspberry_Pi/Pico_SDK_v1.5.1/pico-sdk/src/common/pico_time/time.c.obj
 *fill*         0x10007c45        0x3 
 .rodata.hardware_alarm_claim.str1.4
                0x10007c48       0x22 CMakeFiles/GamecubeController.dir/C_/Program_Files/Raspberry_Pi/Pico_SDK_v1.5.1/pico-sdk/src/rp2_common/hardware_timer/timer.c.obj
 .rodata.busy_wait_us.str1.4
                0x10007c6a       0x7d CMakeFiles/GamecubeController.dir/C_/Program_Files/Raspberry_Pi/Pico_SDK_v1.5.1/pico-sdk/src/rp2_common/hardware_timer/timer.c.obj
 *fill*         0x10007c6a        0x2 
 .rodata.hardware_alarm_set_target.str1.4
                0x10007c6c       0x81 CMakeFiles/GamecubeController.dir/C_/Program_Files/Raspberry_Pi/Pico_SDK_v1.5.1/pico-sdk/src/rp2_common/hardware_timer/timer.c.obj
 *fill*         0x10007ced        0x3 
 .rodata.__func__.0
                0x10007cf0       0x1a CMakeFiles/GamecubeController.dir/C_/Program_Files/Raspberry_Pi/Pico_SDK_v1.5.1/pico-sdk/src/rp2_common/hardware_timer/timer.c.obj
 *fill*         0x10007d0a        0x2 
 .rodata.__func__.1
                0x10007d0c       0x15 CMakeFiles/GamecubeController.dir/C_/Program_Files/Raspberry_Pi/Pico_SDK_v1.5.1/pico-sdk/src/rp2_common/hardware_timer/timer.c.obj
 .rodata.ph_add_child_node.str1.4
                0x10007d21       0xb2 CMakeFiles/GamecubeController.dir/C_/Program_Files/Raspberry_Pi/Pico_SDK_v1.5.1/pico-sdk/src/common/pico_util/pheap.c.obj
 *fill*         0x10007d21        0x3 
 .rodata.ph_remove_any_head.str1.4
                0x10007d24       0xa8 CMakeFiles/GamecubeController.dir/C_/Program_Files/Raspberry_Pi/Pico_SDK_v1.5.1/pico-sdk/src/common/pico_util/pheap.c.obj
                                 0xbc (size before relaxing)
 .rodata.ph_remove_and_free_node.str1.4
                0x10007dcc       0x1e CMakeFiles/GamecubeController.dir/C_/Program_Files/Raspberry_Pi/Pico_SDK_v1.5.1/pico-sdk/src/common/pico_util/pheap.c.obj
                                 0x26 (size before relaxing)
 *fill*         0x10007dea        0x2 
 .rodata.__func__.0
                0x10007dec       0x18 CMakeFiles/GamecubeController.dir/C_/Program_Files/Raspberry_Pi/Pico_SDK_v1.5.1/pico-sdk/src/common/pico_util/pheap.c.obj
 .rodata.__func__.1
                0x10007e04       0x13 CMakeFiles/GamecubeController.dir/C_/Program_Files/Raspberry_Pi/Pico_SDK_v1.5.1/pico-sdk/src/common/pico_util/pheap.c.obj
 *fill*         0x10007e17        0x1 
 .rodata.__func__.2
                0x10007e18       0x12 CMakeFiles/GamecubeController.dir/C_/Program_Files/Raspberry_Pi/Pico_SDK_v1.5.1/pico-sdk/src/common/pico_util/pheap.c.obj
 *fill*         0x10007e2a        0x2 
 .rodata.__func__.3
                0x10007e2c        0xc CMakeFiles/GamecubeController.dir/C_/Program_Files/Raspberry_Pi/Pico_SDK_v1.5.1/pico-sdk/src/common/pico_util/pheap.c.obj
 .rodata.clock_configure.str1.4
                0x10007e38       0x73 CMakeFiles/GamecubeController.dir/C_/Program_Files/Raspberry_Pi/Pico_SDK_v1.5.1/pico-sdk/src/rp2_common/hardware_clocks/clocks.c.obj
 *fill*         0x10007eab        0x1 
 .rodata.__func__.1
                0x10007eac       0x10 CMakeFiles/GamecubeController.dir/C_/Program_Files/Raspberry_Pi/Pico_SDK_v1.5.1/pico-sdk/src/rp2_common/hardware_clocks/clocks.c.obj
 .rodata.pll_init.str1.4
                0x10007ebc      0x140 CMakeFiles/GamecubeController.dir/C_/Program_Files/Raspberry_Pi/Pico_SDK_v1.5.1/pico-sdk/src/rp2_common/hardware_pll/pll.c.obj
 .rodata.__func__.0
                0x10007ffc        0x9 CMakeFiles/GamecubeController.dir/C_/Program_Files/Raspberry_Pi/Pico_SDK_v1.5.1/pico-sdk/src/rp2_common/hardware_pll/pll.c.obj
 *fill*         0x10008005        0x3 
 .rodata.__assert_func.str1.4
                0x10008008       0x3f CMakeFiles/GamecubeController.dir/C_/Program_Files/Raspberry_Pi/Pico_SDK_v1.5.1/pico-sdk/src/rp2_common/pico_runtime/runtime.c.obj
                                 0x43 (size before relaxing)
 *fill*         0x10008047        0x1 
 .rodata.runtime_init.str1.4
                0x10008048       0x7d CMakeFiles/GamecubeController.dir/C_/Program_Files/Raspberry_Pi/Pico_SDK_v1.5.1/pico-sdk/src/rp2_common/pico_runtime/runtime.c.obj
 *fill*         0x100080c5        0x3 
 .rodata.panic.str1.4
                0x100080c8       0x12 CMakeFiles/GamecubeController.dir/C_/Program_Files/Raspberry_Pi/Pico_SDK_v1.5.1/pico-sdk/src/rp2_common/pico_runtime/runtime.c.obj
 *fill*         0x100080da        0x2 
 .rodata.__func__.2
                0x100080dc        0xd CMakeFiles/GamecubeController.dir/C_/Program_Files/Raspberry_Pi/Pico_SDK_v1.5.1/pico-sdk/src/rp2_common/pico_runtime/runtime.c.obj
 *fill*         0x100080e9        0x3 
 .rodata._ftoa.str1.4
                0x100080ec       0x15 CMakeFiles/GamecubeController.dir/C_/Program_Files/Raspberry_Pi/Pico_SDK_v1.5.1/pico-sdk/src/rp2_common/pico_printf/printf.c.obj
 *fill*         0x10008101        0x3 
 .rodata._vsnprintf
                0x10008104      0x1e0 CMakeFiles/GamecubeController.dir/C_/Program_Files/Raspberry_Pi/Pico_SDK_v1.5.1/pico-sdk/src/rp2_common/pico_printf/printf.c.obj
 *fill*         0x100082e4        0x4 
 .rodata.pow10.0
                0x100082e8       0x50 CMakeFiles/GamecubeController.dir/C_/Program_Files/Raspberry_Pi/Pico_SDK_v1.5.1/pico-sdk/src/rp2_common/pico_printf/printf.c.obj
 .rodata.__aeabi_double_init.str1.4
                0x10008338       0xb8 CMakeFiles/GamecubeController.dir/C_/Program_Files/Raspberry_Pi/Pico_SDK_v1.5.1/pico-sdk/src/rp2_common/pico_double/double_init_rom.c.obj
 .rodata.__func__.0
                0x100083f0       0x14 CMakeFiles/GamecubeController.dir/C_/Program_Files/Raspberry_Pi/Pico_SDK_v1.5.1/pico-sdk/src/rp2_common/pico_double/double_init_rom.c.obj
 .rodata.__aeabi_float_init.str1.4
                0x10008404       0x96 CMakeFiles/GamecubeController.dir/C_/Program_Files/Raspberry_Pi/Pico_SDK_v1.5.1/pico-sdk/src/rp2_common/pico_float/float_init_rom.c.obj
                                 0x9a (size before relaxing)
 *fill*         0x1000849a        0x2 
 .rodata.__func__.0
                0x1000849c       0x13 CMakeFiles/GamecubeController.dir/C_/Program_Files/Raspberry_Pi/Pico_SDK_v1.5.1/pico-sdk/src/rp2_common/pico_float/float_init_rom.c.obj
 *fill*         0x100084af        0x1 
 .rodata.__wrap_malloc.str1.4
                0x100084b0        0xe CMakeFiles/GamecubeController.dir/C_/Program_Files/Raspberry_Pi/Pico_SDK_v1.5.1/pico-sdk/src/rp2_common/pico_malloc/pico_malloc.c.obj
 *fill*         0x100084be        0x2 
 .rodata.str1.4
                0x100084c0       0x48 CMakeFiles/GamecubeController.dir/C_/Program_Files/Raspberry_Pi/Pico_SDK_v1.5.1/pico-sdk/src/rp2_common/pico_standard_link/binary_info.c.obj
 .rodata.__bi_44
                0x10008508        0xc CMakeFiles/GamecubeController.dir/C_/Program_Files/Raspberry_Pi/Pico_SDK_v1.5.1/pico-sdk/src/rp2_common/pico_standard_link/binary_info.c.obj
 .rodata.__bi_75
                0x10008514        0xc CMakeFiles/GamecubeController.dir/C_/Program_Files/Raspberry_Pi/Pico_SDK_v1.5.1/pico-sdk/src/rp2_common/pico_standard_link/binary_info.c.obj
 .rodata.__bi_81
                0x10008520        0xc CMakeFiles/GamecubeController.dir/C_/Program_Files/Raspberry_Pi/Pico_SDK_v1.5.1/pico-sdk/src/rp2_common/pico_standard_link/binary_info.c.obj
 .rodata.stdout_serialize_begin.str1.4
                0x1000852c       0x7d CMakeFiles/GamecubeController.dir/C_/Program_Files/Raspberry_Pi/Pico_SDK_v1.5.1/pico-sdk/src/rp2_common/pico_stdio/stdio.c.obj
 .rodata.__func__.3
                0x1000852c       0x15 CMakeFiles/GamecubeController.dir/C_/Program_Files/Raspberry_Pi/Pico_SDK_v1.5.1/pico-sdk/src/rp2_common/pico_stdio/stdio.c.obj
 *fill*         0x10008541        0x3 
 .rodata.crlf_str.2
                0x10008544        0x2 CMakeFiles/GamecubeController.dir/C_/Program_Files/Raspberry_Pi/Pico_SDK_v1.5.1/pico-sdk/src/rp2_common/pico_stdio/stdio.c.obj
 *fill*         0x10008546        0x2 
 .rodata.str1.4
                0x10008548       0x2c CMakeFiles/GamecubeController.dir/C_/Program_Files/Raspberry_Pi/Pico_SDK_v1.5.1/pico-sdk/src/rp2_common/pico_stdio_uart/stdio_uart.c.obj
 .rodata.__bi_33.4
                0x10008574        0xc CMakeFiles/GamecubeController.dir/C_/Program_Files/Raspberry_Pi/Pico_SDK_v1.5.1/pico-sdk/src/rp2_common/pico_stdio_uart/stdio_uart.c.obj
 .rodata.__bi_34.5
                0x10008580        0x8 CMakeFiles/GamecubeController.dir/C_/Program_Files/Raspberry_Pi/Pico_SDK_v1.5.1/pico-sdk/src/rp2_common/pico_stdio_uart/stdio_uart.c.obj
 .rodata._pio_find_offset_for_program.str1.4
                0x10008588       0x85 CMakeFiles/GamecubeController.dir/C_/Program_Files/Raspberry_Pi/Pico_SDK_v1.5.1/pico-sdk/src/rp2_common/hardware_pio/pio.c.obj
 *fill*         0x1000860d        0x3 
 .rodata._pio_add_program_at_offset.str1.4
                0x10008610       0x11 CMakeFiles/GamecubeController.dir/C_/Program_Files/Raspberry_Pi/Pico_SDK_v1.5.1/pico-sdk/src/rp2_common/hardware_pio/pio.c.obj
 *fill*         0x10008621        0x3 
 .rodata.pio_sm_claim.str1.4
                0x10008624       0x40 CMakeFiles/GamecubeController.dir/C_/Program_Files/Raspberry_Pi/Pico_SDK_v1.5.1/pico-sdk/src/rp2_common/hardware_pio/pio.c.obj
 .rodata.pio_claim_unused_sm.str1.4
                0x10008664       0x24 CMakeFiles/GamecubeController.dir/C_/Program_Files/Raspberry_Pi/Pico_SDK_v1.5.1/pico-sdk/src/rp2_common/hardware_pio/pio.c.obj
 .rodata.__func__.1
                0x10008688       0x1d CMakeFiles/GamecubeController.dir/C_/Program_Files/Raspberry_Pi/Pico_SDK_v1.5.1/pico-sdk/src/rp2_common/hardware_pio/pio.c.obj
 *fill*         0x100086a5        0x3 
 .rodata._hw_endpoint_alloc.str1.4
                0x100086a8       0xd1 CMakeFiles/GamecubeController.dir/C_/Program_Files/Raspberry_Pi/Pico_SDK_v1.5.1/pico-sdk/lib/tinyusb/src/portable/raspberrypi/rp2040/dcd_rp2040.c.obj
 *fill*         0x10008779        0x3 
 .rodata.str1.4
                0x1000877c       0x14 CMakeFiles/GamecubeController.dir/C_/Program_Files/Raspberry_Pi/Pico_SDK_v1.5.1/pico-sdk/lib/tinyusb/src/portable/raspberrypi/rp2040/dcd_rp2040.c.obj
 .rodata.dcd_int_enable.str1.4
                0x10008790        0xc CMakeFiles/GamecubeController.dir/C_/Program_Files/Raspberry_Pi/Pico_SDK_v1.5.1/pico-sdk/lib/tinyusb/src/portable/raspberrypi/rp2040/dcd_rp2040.c.obj
 .rodata.__func__.0
                0x1000879c        0xe CMakeFiles/GamecubeController.dir/C_/Program_Files/Raspberry_Pi/Pico_SDK_v1.5.1/pico-sdk/lib/tinyusb/src/portable/raspberrypi/rp2040/dcd_rp2040.c.obj
 *fill*         0x100087aa        0x2 
 .rodata.__func__.1
                0x100087ac        0xe CMakeFiles/GamecubeController.dir/C_/Program_Files/Raspberry_Pi/Pico_SDK_v1.5.1/pico-sdk/lib/tinyusb/src/portable/raspberrypi/rp2040/dcd_rp2040.c.obj
 *fill*         0x100087ba        0x2 
 .rodata.__func__.3
                0x100087bc       0x10 CMakeFiles/GamecubeController.dir/C_/Program_Files/Raspberry_Pi/Pico_SDK_v1.5.1/pico-sdk/lib/tinyusb/src/portable/raspberrypi/rp2040/dcd_rp2040.c.obj
 .rodata.__func__.5
                0x100087cc        0xf CMakeFiles/GamecubeController.dir/C_/Program_Files/Raspberry_Pi/Pico_SDK_v1.5.1/pico-sdk/lib/tinyusb/src/portable/raspberrypi/rp2040/dcd_rp2040.c.obj
 *fill*         0x100087db        0x1 
 .rodata.__func__.6
                0x100087dc       0x13 CMakeFiles/GamecubeController.dir/C_/Program_Files/Raspberry_Pi/Pico_SDK_v1.5.1/pico-sdk/lib/tinyusb/src/portable/raspberrypi/rp2040/dcd_rp2040.c.obj
 *fill*         0x100087ef        0x1 
 .rodata.__func__.7
                0x100087f0        0x9 CMakeFiles/GamecubeController.dir/C_/Program_Files/Raspberry_Pi/Pico_SDK_v1.5.1/pico-sdk/lib/tinyusb/src/portable/raspberrypi/rp2040/dcd_rp2040.c.obj
 *fill*         0x100087f9        0x3 
 .rodata.str1.4
                0x100087fc       0xf9 CMakeFiles/GamecubeController.dir/C_/Program_Files/Raspberry_Pi/Pico_SDK_v1.5.1/pico-sdk/lib/tinyusb/src/portable/raspberrypi/rp2040/rp2040_usb.c.obj
                                0x103 (size before relaxing)
 *fill*         0x100088f5        0x3 
 .rodata.__func__.0
                0x100088f8        0xf CMakeFiles/GamecubeController.dir/C_/Program_Files/Raspberry_Pi/Pico_SDK_v1.5.1/pico-sdk/lib/tinyusb/src/portable/raspberrypi/rp2040/rp2040_usb.c.obj
 *fill*         0x10008907        0x1 
 .rodata.process_get_descriptor
                0x10008908       0x40 CMakeFiles/GamecubeController.dir/C_/Program_Files/Raspberry_Pi/Pico_SDK_v1.5.1/pico-sdk/lib/tinyusb/src/device/usbd.c.obj
 .rodata.process_control_request
                0x10008948       0x28 CMakeFiles/GamecubeController.dir/C_/Program_Files/Raspberry_Pi/Pico_SDK_v1.5.1/pico-sdk/lib/tinyusb/src/device/usbd.c.obj
 .rodata.tud_task_ext
                0x10008970       0x24 CMakeFiles/GamecubeController.dir/C_/Program_Files/Raspberry_Pi/Pico_SDK_v1.5.1/pico-sdk/lib/tinyusb/src/device/usbd.c.obj
 .rodata._usbd_driver
                0x10008994       0x18 CMakeFiles/GamecubeController.dir/C_/Program_Files/Raspberry_Pi/Pico_SDK_v1.5.1/pico-sdk/lib/tinyusb/src/device/usbd.c.obj
 .rodata.hidd_control_xfer_cb
                0x100089ac       0x30 CMakeFiles/GamecubeController.dir/C_/Program_Files/Raspberry_Pi/Pico_SDK_v1.5.1/pico-sdk/lib/tinyusb/src/class/hid/hid_device.c.obj
 .rodata.str1.4
                0x100089dc        0x4 CMakeFiles/GamecubeController.dir/C_/Program_Files/Raspberry_Pi/Pico_SDK_v1.5.1/pico-sdk/lib/tinyusb/hw/bsp/rp2040/family.c.obj
 .rodata.__bi_142.0
                0x100089e0        0xc CMakeFiles/GamecubeController.dir/C_/Program_Files/Raspberry_Pi/Pico_SDK_v1.5.1/pico-sdk/lib/tinyusb/hw/bsp/rp2040/family.c.obj
 .rodata.__bi_152.1
                0x100089ec        0x8 CMakeFiles/GamecubeController.dir/C_/Program_Files/Raspberry_Pi/Pico_SDK_v1.5.1/pico-sdk/lib/tinyusb/hw/bsp/rp2040/family.c.obj
                0x100089f4                . = ALIGN (0x4)
 *(SORT_BY_ALIGNMENT(SORT_BY_NAME(.flashdata*)))
                0x100089f4                . = ALIGN (0x4)

.ARM.extab
 *(.ARM.extab* .gnu.linkonce.armextab.*)
                0x100089f4                __exidx_start = .

.ARM.exidx
 *(.ARM.exidx* .gnu.linkonce.armexidx.*)
                0x100089f4                __exidx_end = .
                0x100089f4                . = ALIGN (0x4)
                0x100089f4                __binary_info_start = .

.binary_info    0x100089f4       0x2c
 *(.binary_info.keep.*)
 .binary_info.keep.__bi_ptr22
                0x100089f4        0x4 CMakeFiles/GamecubeController.dir/C_/Program_Files/Raspberry_Pi/Pico_SDK_v1.5.1/pico-sdk/src/rp2_common/pico_standard_link/binary_info.c.obj
 .binary_info.keep.__bi_ptr30
                0x100089f8        0x4 CMakeFiles/GamecubeController.dir/C_/Program_Files/Raspberry_Pi/Pico_SDK_v1.5.1/pico-sdk/src/rp2_common/pico_standard_link/binary_info.c.obj
 .binary_info.keep.__bi_ptr38
                0x100089fc        0x4 CMakeFiles/GamecubeController.dir/C_/Program_Files/Raspberry_Pi/Pico_SDK_v1.5.1/pico-sdk/src/rp2_common/pico_standard_link/binary_info.c.obj
 .binary_info.keep.__bi_ptr44
                0x10008a00        0x4 CMakeFiles/GamecubeController.dir/C_/Program_Files/Raspberry_Pi/Pico_SDK_v1.5.1/pico-sdk/src/rp2_common/pico_standard_link/binary_info.c.obj
 .binary_info.keep.__bi_ptr50
                0x10008a04        0x4 CMakeFiles/GamecubeController.dir/C_/Program_Files/Raspberry_Pi/Pico_SDK_v1.5.1/pico-sdk/src/rp2_common/pico_standard_link/binary_info.c.obj
 .binary_info.keep.__bi_ptr75
                0x10008a08        0x4 CMakeFiles/GamecubeController.dir/C_/Program_Files/Raspberry_Pi/Pico_SDK_v1.5.1/pico-sdk/src/rp2_common/pico_standard_link/binary_info.c.obj
 .binary_info.keep.__bi_ptr81
                0x10008a0c        0x4 CMakeFiles/GamecubeController.dir/C_/Program_Files/Raspberry_Pi/Pico_SDK_v1.5.1/pico-sdk/src/rp2_common/pico_standard_link/binary_info.c.obj
 .binary_info.keep.__bi_ptr142
                0x10008a10        0x4 CMakeFiles/GamecubeController.dir/C_/Program_Files/Raspberry_Pi/Pico_SDK_v1.5.1/pico-sdk/lib/tinyusb/hw/bsp/rp2040/family.c.obj
 .binary_info.keep.__bi_ptr152
                0x10008a14        0x4 CMakeFiles/GamecubeController.dir/C_/Program_Files/Raspberry_Pi/Pico_SDK_v1.5.1/pico-sdk/lib/tinyusb/hw/bsp/rp2040/family.c.obj
 *(.binary_info.*)
 .binary_info.__bi_ptr33
                0x10008a18        0x4 CMakeFiles/GamecubeController.dir/C_/Program_Files/Raspberry_Pi/Pico_SDK_v1.5.1/pico-sdk/src/rp2_common/pico_stdio_uart/stdio_uart.c.obj
 .binary_info.__bi_ptr34
                0x10008a1c        0x4 CMakeFiles/GamecubeController.dir/C_/Program_Files/Raspberry_Pi/Pico_SDK_v1.5.1/pico-sdk/src/rp2_common/pico_stdio_uart/stdio_uart.c.obj
                0x10008a20                __binary_info_end = .

.rel.dyn        0x10008a20        0x0
 .rel.iplt      0x10008a20        0x0 c:/progra~1/raspbe~1/picosd~1.0/gcc-ar~1/bin/../lib/gcc/arm-none-eabi/10.3.1/thumb/v6-m/nofp/crtbegin.o
                0x10008a20                . = ALIGN (0x4)

.ram_vector_table
                0x20000000       0xc0
 *(.ram_vector_table)
 .ram_vector_table
                0x20000000       0xc0 CMakeFiles/GamecubeController.dir/C_/Program_Files/Raspberry_Pi/Pico_SDK_v1.5.1/pico-sdk/src/rp2_common/pico_runtime/runtime.c.obj
                0x20000000                ram_vector_table

.data           0x200000c0     0x1354 load address 0x10008a20
                0x200000c0                __data_start__ = .
 *(vtable)
 *(.time_critical*)
 .time_critical.mutex_enter_blocking
                0x200000c0       0x48 CMakeFiles/GamecubeController.dir/C_/Program_Files/Raspberry_Pi/Pico_SDK_v1.5.1/pico-sdk/src/common/pico_sync/mutex.c.obj
                0x200000c0                mutex_enter_blocking
 .time_critical.mutex_try_enter
                0x20000108       0x46 CMakeFiles/GamecubeController.dir/C_/Program_Files/Raspberry_Pi/Pico_SDK_v1.5.1/pico-sdk/src/common/pico_sync/mutex.c.obj
                0x20000108                mutex_try_enter
 *fill*         0x2000014e        0x2 
 .time_critical.mutex_enter_block_until
                0x20000150       0x8c CMakeFiles/GamecubeController.dir/C_/Program_Files/Raspberry_Pi/Pico_SDK_v1.5.1/pico-sdk/src/common/pico_sync/mutex.c.obj
                0x20000150                mutex_enter_block_until
 .time_critical.mutex_try_enter_block_until
                0x200001dc       0x34 CMakeFiles/GamecubeController.dir/C_/Program_Files/Raspberry_Pi/Pico_SDK_v1.5.1/pico-sdk/src/common/pico_sync/mutex.c.obj
                0x200001dc                mutex_try_enter_block_until
 .time_critical.mutex_enter_timeout_ms
                0x20000210       0x68 CMakeFiles/GamecubeController.dir/C_/Program_Files/Raspberry_Pi/Pico_SDK_v1.5.1/pico-sdk/src/common/pico_sync/mutex.c.obj
                0x20000210                mutex_enter_timeout_ms
 .time_critical.mutex_exit
                0x20000278       0x4c CMakeFiles/GamecubeController.dir/C_/Program_Files/Raspberry_Pi/Pico_SDK_v1.5.1/pico-sdk/src/common/pico_sync/mutex.c.obj
                0x20000278                mutex_exit
 .time_critical.reset_non_control_endpoints
                0x200002c4       0x40 CMakeFiles/GamecubeController.dir/C_/Program_Files/Raspberry_Pi/Pico_SDK_v1.5.1/pico-sdk/lib/tinyusb/src/portable/raspberrypi/rp2040/dcd_rp2040.c.obj
 .time_critical.hw_handle_buff_status
                0x20000304       0xa4 CMakeFiles/GamecubeController.dir/C_/Program_Files/Raspberry_Pi/Pico_SDK_v1.5.1/pico-sdk/lib/tinyusb/src/portable/raspberrypi/rp2040/dcd_rp2040.c.obj
 .time_critical.dcd_rp2040_irq
                0x200003a8      0x1cc CMakeFiles/GamecubeController.dir/C_/Program_Files/Raspberry_Pi/Pico_SDK_v1.5.1/pico-sdk/lib/tinyusb/src/portable/raspberrypi/rp2040/dcd_rp2040.c.obj
 .time_critical.e15_is_bulkin_ep
                0x20000574       0x2c CMakeFiles/GamecubeController.dir/C_/Program_Files/Raspberry_Pi/Pico_SDK_v1.5.1/pico-sdk/lib/tinyusb/src/portable/raspberrypi/rp2040/rp2040_usb.c.obj
 .time_critical.e15_is_critical_frame_period
                0x200005a0       0x30 CMakeFiles/GamecubeController.dir/C_/Program_Files/Raspberry_Pi/Pico_SDK_v1.5.1/pico-sdk/lib/tinyusb/src/portable/raspberrypi/rp2040/rp2040_usb.c.obj
 .time_critical.prepare_ep_buffer
                0x200005d0       0x70 CMakeFiles/GamecubeController.dir/C_/Program_Files/Raspberry_Pi/Pico_SDK_v1.5.1/pico-sdk/lib/tinyusb/src/portable/raspberrypi/rp2040/rp2040_usb.c.obj
 .time_critical.sync_ep_buffer
                0x20000640       0x80 CMakeFiles/GamecubeController.dir/C_/Program_Files/Raspberry_Pi/Pico_SDK_v1.5.1/pico-sdk/lib/tinyusb/src/portable/raspberrypi/rp2040/rp2040_usb.c.obj
 .time_critical._hw_endpoint_xfer_sync
                0x200006c0       0x28 CMakeFiles/GamecubeController.dir/C_/Program_Files/Raspberry_Pi/Pico_SDK_v1.5.1/pico-sdk/lib/tinyusb/src/portable/raspberrypi/rp2040/rp2040_usb.c.obj
 .time_critical.hw_endpoint_reset_transfer
                0x200006e8        0xc CMakeFiles/GamecubeController.dir/C_/Program_Files/Raspberry_Pi/Pico_SDK_v1.5.1/pico-sdk/lib/tinyusb/src/portable/raspberrypi/rp2040/rp2040_usb.c.obj
                0x200006e8                hw_endpoint_reset_transfer
 .time_critical._hw_endpoint_buffer_control_update32
                0x200006f4       0x58 CMakeFiles/GamecubeController.dir/C_/Program_Files/Raspberry_Pi/Pico_SDK_v1.5.1/pico-sdk/lib/tinyusb/src/portable/raspberrypi/rp2040/rp2040_usb.c.obj