Archive member included to satisfy reference by file (symbol)

c:/progra~1/raspbe~1/picosd~1.0/gcc-ar~1/bin/../lib/gcc/arm-none-eabi/10.3.1/thumb/v6-m/nofp\libgcc.a(_dvmd_tls.o)
                              CMakeFiles/GamecubeController.dir/C_/Program_Files/Raspberry_Pi/Pico_SDK_v1.5.1/pico-sdk/src/rp2_common/pico_divider/divider.S.obj (__aeabi_idiv0)
c:/progra~1/raspbe~1/picosd~1.0/gcc-ar~1/bin/../lib/gcc/arm-none-eabi/10.3.1/../../../../arm-none-eabi/lib/thumb/v6-m/nofp\libg.a(lib_a-calloc.o)
                              CMakeFiles/GamecubeController.dir/C_/Program_Files/Raspberry_Pi/Pico_SDK_v1.5.1/pico-sdk/src/rp2_common/pico_malloc/pico_malloc.c.obj (calloc)
c:/progra~1/raspbe~1/picosd~1.0/gcc-ar~1/bin/../lib/gcc/arm-none-eabi/10.3.1/../../../../arm-none-eabi/lib/thumb/v6-m/nofp\libg.a(lib_a-callocr.o)
                              c:/progra~1/raspbe~1/picosd~1.0/gcc-ar~1/bin/../lib/gcc/arm-none-eabi/10.3.1/../../../../arm-none-eabi/lib/thumb/v6-m/nofp\libg.a(lib_a-calloc.o) (_calloc_r)
c:/progra~1/raspbe~1/picosd~1.0/gcc-ar~1/bin/../lib/gcc/arm-none-eabi/10.3.1/../../../../arm-none-eabi/lib/thumb/v6-m/nofp\libg.a(lib_a-errno.o)
                              c:/progra~1/raspbe~1/picosd~1.0/gcc-ar~1/bin/../lib/gcc/arm-none-eabi/10.3.1/../../../../arm-none-eabi/lib/thumb/v6-m/nofp\libg.a(lib_a-callocr.o) (__errno)
c:/progra~1/raspbe~1/picosd~1.0/gcc-ar~1/bin/../lib/gcc/arm-none-eabi/10.3.1/../../../../arm-none-eabi/lib/thumb/v6-m/nofp\libg.a(lib_a-impure.o)
                              c:/progra~1/raspbe~1/picosd~1.0/gcc-ar~1/bin/../lib/gcc/arm-none-eabi/10.3.1/../../../../arm-none-eabi/lib/thumb/v6-m/nofp\libg.a(lib_a-calloc.o) (_impure_ptr)
c:/progra~1/raspbe~1/picosd~1.0/gcc-ar~1/bin/../lib/gcc/arm-none-eabi/10.3.1/../../../../arm-none-eabi/lib/thumb/v6-m/nofp\libg.a(lib_a-init.o)
                              c:/progra~1/raspbe~1/picosd~1.0/gcc-ar~1/bin/../lib/gcc/arm-none-eabi/10.3.1/../../../../arm-none-eabi/lib/thumb/v6-m/nofp/crt0.o (__libc_init_array)
c:/progra~1/raspbe~1/picosd~1.0/gcc-ar~1/bin/../lib/gcc/arm-none-eabi/10.3.1/../../../../arm-none-eabi/lib/thumb/v6-m/nofp\libg.a(lib_a-malloc.o)
                              CMakeFiles/GamecubeController.dir/C_/Program_Files/Raspberry_Pi/Pico_SDK_v1.5.1/pico-sdk/src/rp2_common/pico_malloc/pico_malloc.c.obj (malloc)
c:/progra~1/raspbe~1/picosd~1.0/gcc-ar~1/bin/../lib/gcc/arm-none-eabi/10.3.1/../../../../arm-none-eabi/lib/thumb/v6-m/nofp\libg.a(lib_a-mallocr.o)
                              c:/progra~1/raspbe~1/picosd~1.0/gcc-ar~1/bin/../lib/gcc/arm-none-eabi/10.3.1/../../../../arm-none-eabi/lib/thumb/v6-m/nofp\libg.a(lib_a-callocr.o) (_malloc_r)
c:/progra~1/raspbe~1/picosd~1.0/gcc-ar~1/bin/../lib/gcc/arm-none-eabi/10.3.1/../../../../arm-none-eabi/lib/thumb/v6-m/nofp\libg.a(lib_a-mlock.o)
                              c:/progra~1/raspbe~1/picosd~1.0/gcc-ar~1/bin/../lib/gcc/arm-none-eabi/10.3.1/../../../../arm-none-eabi/lib/thumb/v6-m/nofp\libg.a(lib_a-mallocr.o) (__malloc_lock)
c:/progra~1/raspbe~1/picosd~1.0/gcc-ar~1/bin/../lib/gcc/arm-none-eabi/10.3.1/../../../../arm-none-eabi/lib/thumb/v6-m/nofp\libg.a(lib_a-realloc.o)
                              CMakeFiles/GamecubeController.dir/C_/Program_Files/Raspberry_Pi/Pico_SDK_v1.5.1/pico-sdk/src/rp2_common/pico_malloc/pico_malloc.c.obj (realloc)
c:/progra~1/raspbe~1/picosd~1.0/gcc-ar~1/bin/../lib/gcc/arm-none-eabi/10.3.1/../../../../arm-none-eabi/lib/thumb/v6-m/nofp\libg.a(lib_a-reallocr.o)
                              c:/progra~1/raspbe~1/picosd~1.0/gcc-ar~1/bin/../lib/gcc/arm-none-eabi/10.3.1/../../../../arm-none-eabi/lib/thumb/v6-m/nofp\libg.a(lib_a-realloc.o) (_realloc_r)
c:/progra~1/raspbe~1/picosd~1.0/gcc-ar~1/bin/../lib/gcc/arm-none-eabi/10.3.1/../../../../arm-none-eabi/lib/thumb/v6-m/nofp\libg.a(lib_a-sbrkr.o)
                              c:/progra~1/raspbe~1/picosd~1.0/gcc-ar~1/bin/../lib/gcc/arm-none-eabi/10.3.1/../../../../arm-none-eabi/lib/thumb/v6-m/nofp\libg.a(lib_a-mallocr.o) (_sbrk_r)
c:/progra~1/raspbe~1/picosd~1.0/gcc-ar~1/bin/../lib/gcc/arm-none-eabi/10.3.1/../../../../arm-none-eabi/lib/thumb/v6-m/nofp\libg.a(lib_a-strlen-stub.o)
                              CMakeFiles/GamecubeController.dir/src/main.cpp.obj (strlen)
c:/progra~1/raspbe~1/picosd~1.0/gcc-ar~1/bin/../lib/gcc/arm-none-eabi/10.3.1/../../../../arm-none-eabi/lib/thumb/v6-m/nofp\libg.a(lib_a-freer.o)
                              c:/progra~1/raspbe~1/picosd~1.0/gcc-ar~1/bin/../lib/gcc/arm-none-eabi/10.3.1/../../../../arm-none-eabi/lib/thumb/v6-m/nofp\libg.a(lib_a-malloc.o) (_free_r)
c:/progra~1/raspbe~1/picosd~1.0/gcc-ar~1/bin/../lib/gcc/arm-none-eabi/10.3.1/../../../../arm-none-eabi/lib/thumb/v6-m/nofp\libg.a(lib_a-lock.o)
                              c:/progra~1/raspbe~1/picosd~1.0/gcc-ar~1/bin/../lib/gcc/arm-none-eabi/10.3.1/../../../../arm-none-eabi/lib/thumb/v6-m/nofp\libg.a(lib_a-mlock.o) (__retarget_lock_acquire_recursive)
[...]
Memory Configuration

Name             Origin             Length             Attributes
FLASH            0x10000000         0x00200000         xr
RAM              0x20000000         0x00040000         xrw
SCRATCH_X        0x20040000         0x00001000         xrw
SCRATCH_Y        0x20041000         0x00001000         xrw
*default*        0x00000000         0xffffffff

Linker script and memory map

LOAD c:/progra~1/raspbe~1/picosd~1.0/gcc-ar~1/bin/../lib/gcc/arm-none-eabi/10.3.1/thumb/v6-m/nofp/crti.o
LOAD c:/progra~1/raspbe~1/picosd~1.0/gcc-ar~1/bin/../lib/gcc/arm-none-eabi/10.3.1/thumb/v6-m/nofp/crtbegin.o
LOAD c:/progra~1/raspbe~1/picosd~1.0/gcc-ar~1/bin/../lib/gcc/arm-none-eabi/10.3.1/../../../../arm-none-eabi/lib/thumb/v6-m/nofp/crt0.o

.flash_begin    0x10000000        0x0
                0x10000000                __flash_binary_start = .

.boot2          0x10000000      0x100
                0x10000000                __boot2_start__ = .
 *(.boot2)
 .boot2         0x10000000      0x100 C:\Users\keith\AppData\Local\Temp\ccWD13tt.o
                0x10000100                __boot2_end__ = .
                0x00000001                ASSERT (((__boot2_end__ - __boot2_start__) == 0x100), ERROR: Pico second stage bootloader must be 256 bytes in size)

.text           0x10000100     0x7180
                0x10000100                __logical_binary_start = .
 *(.vectors)
 .vectors       0x10000100       0xd4 CMakeFiles/GamecubeController.dir/C_/Program_Files/Raspberry_Pi/Pico_SDK_v1.5.1/pico-sdk/src/rp2_common/pico_standard_link/crt0.S.obj
                0x10000100                __VECTOR_TABLE
                0x10000100                __vectors
                0x100001c0                isr_invalid
                0x100001c0                __default_isrs_start
                0x100001c2                isr_nmi
                0x100001c4                isr_hardfault
                0x100001c6                isr_svcall
                0x100001c8                isr_pendsv
                0x100001ca                isr_systick
                0x100001cc                isr_irq23
                0x100001cc                isr_irq18
                0x100001cc                isr_irq11
                0x100001cc                isr_irq28
                0x100001cc                isr_irq19
                0x100001cc                isr_irq0
                0x100001cc                isr_irq6
                0x100001cc                isr_irq5
                0x100001cc                isr_irq12
                0x100001cc                isr_irq22
                0x100001cc                isr_irq31
                0x100001cc                isr_irq17
                0x100001cc                isr_irq27
                0x100001cc                isr_irq30
                0x100001cc                isr_irq2
                0x100001cc                isr_irq10
                0x100001cc                isr_irq8
                0x100001cc                isr_irq24
                0x100001cc                isr_irq1
                0x100001cc                isr_irq7
                0x100001cc                isr_irq21
                0x100001cc                isr_irq20
                0x100001cc                isr_irq15
                0x100001cc                isr_irq25
                0x100001cc                isr_irq13
                0x100001cc                __unhandled_user_irq
                0x100001cc                isr_irq4
                0x100001cc                isr_irq16
                0x100001cc                isr_irq29
                0x100001cc                isr_irq26
                0x100001cc                __default_isrs_end
                0x100001cc                isr_irq3
                0x100001cc                isr_irq14
                0x100001cc                isr_irq9
                0x100001d2                unhandled_user_irq_num_in_r0
 *(.binary_info_header)
 .binary_info_header
                0x100001d4       0x14 CMakeFiles/GamecubeController.dir/C_/Program_Files/Raspberry_Pi/Pico_SDK_v1.5.1/pico-sdk/src/rp2_common/pico_standard_link/crt0.S.obj
                0x100001e8                __binary_info_header_end = .
 *(.reset)
 .reset         0x100001e8       0xa0 CMakeFiles/GamecubeController.dir/C_/Program_Files/Raspberry_Pi/Pico_SDK_v1.5.1/pico-sdk/src/rp2_common/pico_standard_link/crt0.S.obj
                0x100001e8                _entry_point
 .reset         0x10000288       0x30 CMakeFiles/GamecubeController.dir/C_/Program_Files/Raspberry_Pi/Pico_SDK_v1.5.1/pico-sdk/src/rp2_common/pico_standard_link/binary_info.c.obj
 *(.init)
 .init          0x100002b8        0x4 c:/progra~1/raspbe~1/picosd~1.0/gcc-ar~1/bin/../lib/gcc/arm-none-eabi/10.3.1/thumb/v6-m/nofp/crti.o
                0x100002b8                _init
 *(EXCLUDE_FILE(*libm.a: *libc.a:*lib_a-mem*.o *libgcc.a:) .text*)
 .text          0x100002bc       0x48 c:/progra~1/raspbe~1/picosd~1.0/gcc-ar~1/bin/../lib/gcc/arm-none-eabi/10.3.1/thumb/v6-m/nofp/crtbegin.o
 .text.tud_descriptor_configuration_cb
                0x10000304        0x8 CMakeFiles/GamecubeController.dir/src/main.cpp.obj
                0x10000304                tud_descriptor_configuration_cb
 .text.tud_descriptor_device_cb
                0x1000030c        0x8 CMakeFiles/GamecubeController.dir/src/main.cpp.obj
                0x1000030c                tud_descriptor_device_cb
 .text.tud_descriptor_string_cb
                0x10000314       0x60 CMakeFiles/GamecubeController.dir/src/main.cpp.obj
                0x10000314                tud_descriptor_string_cb
 .text._Z9send_datav
                0x10000374      0x160 CMakeFiles/GamecubeController.dir/src/main.cpp.obj
                0x10000374                send_data()
 .text.main     0x100004d4       0x84 CMakeFiles/GamecubeController.dir/src/main.cpp.obj
                0x100004d4                main
 .text.tud_hid_get_report_cb
                0x10000558        0x4 CMakeFiles/GamecubeController.dir/src/main.cpp.obj
                0x10000558                tud_hid_get_report_cb
 .text.tud_hid_set_report_cb
                0x1000055c       0x20 CMakeFiles/GamecubeController.dir/src/main.cpp.obj
                0x1000055c                tud_hid_set_report_cb
 .text.tud_hid_descriptor_report_cb
                0x1000057c        0x8 CMakeFiles/GamecubeController.dir/src/main.cpp.obj
                0x1000057c                tud_hid_descriptor_report_cb
 .text.joybus_program_get_config
                0x10000584      0x118 CMakeFiles/GamecubeController.dir/src/joybus.c.obj
 .text.joybus_port_reset
                0x1000069c       0x22 CMakeFiles/GamecubeController.dir/src/joybus.c.obj
                0x1000069c                joybus_port_reset
 *fill*         0x100006be        0x2 
 .text.joybus_port_init
                0x100006c0       0x78 CMakeFiles/GamecubeController.dir/src/joybus.c.obj
                0x100006c0                joybus_port_init
 .text._ZN18GamecubeControllerC2EjjP8pio_hw_tii
                0x10000738       0x4c CMakeFiles/GamecubeController.dir/src/GamecubeController.cpp.obj
                0x10000738                GamecubeController::GamecubeController(unsigned int, unsigned int, pio_hw_t*, int, int)
                0x10000738                GamecubeController::GamecubeController(unsigned int, unsigned int, pio_hw_t*, int, int)
 .text.set_sys_clock_pll
                0x10000784       0x78 CMakeFiles/GamecubeController.dir/C_/Program_Files/Raspberry_Pi/Pico_SDK_v1.5.1/pico-sdk/src/rp2_common/pico_stdlib/stdlib.c.obj
                0x10000784                set_sys_clock_pll
 .text.check_sys_clock_khz
                0x100007fc       0xa4 CMakeFiles/GamecubeController.dir/C_/Program_Files/Raspberry_Pi/Pico_SDK_v1.5.1/pico-sdk/src/rp2_common/pico_stdlib/stdlib.c.obj
                0x100007fc                check_sys_clock_khz
 .text.gpio_set_function
                0x100008a0       0x30 CMakeFiles/GamecubeController.dir/C_/Program_Files/Raspberry_Pi/Pico_SDK_v1.5.1/pico-sdk/src/rp2_common/hardware_gpio/gpio.c.obj
                0x100008a0                gpio_set_function
 .text.gpio_init
                0x100008d0       0x16 CMakeFiles/GamecubeController.dir/C_/Program_Files/Raspberry_Pi/Pico_SDK_v1.5.1/pico-sdk/src/rp2_common/hardware_gpio/gpio.c.obj
                0x100008d0                gpio_init
 *fill*         0x100008e6        0x2 
 .text.running_on_fpga
                0x100008e8       0x14 CMakeFiles/GamecubeController.dir/C_/Program_Files/Raspberry_Pi/Pico_SDK_v1.5.1/pico-sdk/src/rp2_common/pico_platform/platform.c.obj
                0x100008e8                running_on_fpga
 .text.hw_claim_lock
                0x100008fc       0x18 CMakeFiles/GamecubeController.dir/C_/Program_Files/Raspberry_Pi/Pico_SDK_v1.5.1/pico-sdk/src/rp2_common/hardware_claim/claim.c.obj
                0x100008fc                hw_claim_lock
 .text.hw_claim_unlock
                0x10000914       0x14 CMakeFiles/GamecubeController.dir/C_/Program_Files/Raspberry_Pi/Pico_SDK_v1.5.1/pico-sdk/src/rp2_common/hardware_claim/claim.c.obj
                0x10000914                hw_claim_unlock
 .text.hw_claim_or_assert
                0x10000928       0x32 CMakeFiles/GamecubeController.dir/C_/Program_Files/Raspberry_Pi/Pico_SDK_v1.5.1/pico-sdk/src/rp2_common/hardware_claim/claim.c.obj
                0x10000928                hw_claim_or_assert
 .text.hw_claim_unused_from_range
                0x1000095a       0x50 CMakeFiles/GamecubeController.dir/C_/Program_Files/Raspberry_Pi/Pico_SDK_v1.5.1/pico-sdk/src/rp2_common/hardware_claim/claim.c.obj
                0x1000095a                hw_claim_unused_from_range
 *fill*         0x100009aa        0x2 
 .text.spin_locks_reset
                0x100009ac       0x20 CMakeFiles/GamecubeController.dir/C_/Program_Files/Raspberry_Pi/Pico_SDK_v1.5.1/pico-sdk/src/rp2_common/hardware_sync/sync.c.obj
                0x100009ac                spin_locks_reset
 .text.next_striped_spin_lock_num
                0x100009cc       0x1c CMakeFiles/GamecubeController.dir/C_/Program_Files/Raspberry_Pi/Pico_SDK_v1.5.1/pico-sdk/src/rp2_common/hardware_sync/sync.c.obj
                0x100009cc                next_striped_spin_lock_num
 .text.spin_lock_claim_unused
                0x100009e8       0x20 CMakeFiles/GamecubeController.dir/C_/Program_Files/Raspberry_Pi/Pico_SDK_v1.5.1/pico-sdk/src/rp2_common/hardware_sync/sync.c.obj
                0x100009e8                spin_lock_claim_unused
 .text.set_raw_irq_handler_and_unlock
                0x10000a08       0x28 CMakeFiles/GamecubeController.dir/C_/Program_Files/Raspberry_Pi/Pico_SDK_v1.5.1/pico-sdk/src/rp2_common/hardware_irq/irq.c.obj
 .text.make_branch
                0x10000a30       0x48 CMakeFiles/GamecubeController.dir/C_/Program_Files/Raspberry_Pi/Pico_SDK_v1.5.1/pico-sdk/src/rp2_common/hardware_irq/irq.c.obj
 .text.insert_branch_and_link
                0x10000a78       0x40 CMakeFiles/GamecubeController.dir/C_/Program_Files/Raspberry_Pi/Pico_SDK_v1.5.1/pico-sdk/src/rp2_common/hardware_irq/irq.c.obj
 .text.irq_is_enabled
                0x10000ab8       0x18 CMakeFiles/GamecubeController.dir/C_/Program_Files/Raspberry_Pi/Pico_SDK_v1.5.1/pico-sdk/src/rp2_common/hardware_irq/irq.c.obj
                0x10000ab8                irq_is_enabled
 .text.irq_set_mask_enabled
                0x10000ad0       0x20 CMakeFiles/GamecubeController.dir/C_/Program_Files/Raspberry_Pi/Pico_SDK_v1.5.1/pico-sdk/src/rp2_common/hardware_irq/irq.c.obj
                0x10000ad0                irq_set_mask_enabled
 .text.irq_set_enabled
                0x10000af0        0xe CMakeFiles/GamecubeController.dir/C_/Program_Files/Raspberry_Pi/Pico_SDK_v1.5.1/pico-sdk/src/rp2_common/hardware_irq/irq.c.obj
                0x10000af0                irq_set_enabled
 *fill*         0x10000afe        0x2 
 .text.irq_get_vtable_handler
                0x10000b00       0x10 CMakeFiles/GamecubeController.dir/C_/Program_Files/Raspberry_Pi/Pico_SDK_v1.5.1/pico-sdk/src/rp2_common/hardware_irq/irq.c.obj
                0x10000b00                irq_get_vtable_handler
 .text.irq_set_exclusive_handler
                0x10000b10       0x54 CMakeFiles/GamecubeController.dir/C_/Program_Files/Raspberry_Pi/Pico_SDK_v1.5.1/pico-sdk/src/rp2_common/hardware_irq/irq.c.obj
                0x10000b10                irq_set_exclusive_handler
 .text.irq_add_shared_handler
                0x10000b64      0x234 CMakeFiles/GamecubeController.dir/C_/Program_Files/Raspberry_Pi/Pico_SDK_v1.5.1/pico-sdk/src/rp2_common/hardware_irq/irq.c.obj
                0x10000b64                irq_add_shared_handler
 .text.irq_remove_handler
                0x10000d98      0x1ac CMakeFiles/GamecubeController.dir/C_/Program_Files/Raspberry_Pi/Pico_SDK_v1.5.1/pico-sdk/src/rp2_common/hardware_irq/irq.c.obj
                0x10000d98                irq_remove_handler
 .text.irq_add_tail_to_free_list
                0x10000f44       0xf0 CMakeFiles/GamecubeController.dir/C_/Program_Files/Raspberry_Pi/Pico_SDK_v1.5.1/pico-sdk/src/rp2_common/hardware_irq/irq.c.obj
                0x10000f44                irq_add_tail_to_free_list
 .text.irq_init_priorities
                0x10001034       0x1c CMakeFiles/GamecubeController.dir/C_/Program_Files/Raspberry_Pi/Pico_SDK_v1.5.1/pico-sdk/src/rp2_common/hardware_irq/irq.c.obj
                0x10001034                irq_init_priorities
 .text.lock_init
                0x10001050       0x10 CMakeFiles/GamecubeController.dir/C_/Program_Files/Raspberry_Pi/Pico_SDK_v1.5.1/pico-sdk/src/common/pico_sync/lock_core.c.obj
                0x10001050                lock_init
 .text.mutex_init
                0x10001060       0x1a CMakeFiles/GamecubeController.dir/C_/Program_Files/Raspberry_Pi/Pico_SDK_v1.5.1/pico-sdk/src/common/pico_sync/mutex.c.obj
                0x10001060                mutex_init
 .text.recursive_mutex_init
                0x1000107a       0x1e CMakeFiles/GamecubeController.dir/C_/Program_Files/Raspberry_Pi/Pico_SDK_v1.5.1/pico-sdk/src/common/pico_sync/mutex.c.obj
                0x1000107a                recursive_mutex_init
 .text.critical_section_init_with_lock_num
                0x10001098       0x14 CMakeFiles/GamecubeController.dir/C_/Program_Files/Raspberry_Pi/Pico_SDK_v1.5.1/pico-sdk/src/common/pico_sync/critical_section.c.obj
                0x10001098                critical_section_init_with_lock_num
 .text.critical_section_init
                0x100010ac       0x14 CMakeFiles/GamecubeController.dir/C_/Program_Files/Raspberry_Pi/Pico_SDK_v1.5.1/pico-sdk/src/common/pico_sync/critical_section.c.obj
                0x100010ac                critical_section_init
 .text.alarm_pool_post_alloc_init
                0x100010c0       0x40 CMakeFiles/GamecubeController.dir/C_/Program_Files/Raspberry_Pi/Pico_SDK_v1.5.1/pico-sdk/src/common/pico_time/time.c.obj
 .text.sleep_until_callback
                0x10001100       0x30 CMakeFiles/GamecubeController.dir/C_/Program_Files/Raspberry_Pi/Pico_SDK_v1.5.1/pico-sdk/src/common/pico_time/time.c.obj
 .text.timer_pool_entry_comparator
                0x10001130       0x7c CMakeFiles/GamecubeController.dir/C_/Program_Files/Raspberry_Pi/Pico_SDK_v1.5.1/pico-sdk/src/common/pico_time/time.c.obj
                0x10001130                timer_pool_entry_comparator
 .text.ph_add_child_node
                0x100011ac       0xa4 CMakeFiles/GamecubeController.dir/C_/Program_Files/Raspberry_Pi/Pico_SDK_v1.5.1/pico-sdk/src/common/pico_time/time.c.obj
 .text.ph_merge_nodes
                0x10001250       0x3e CMakeFiles/GamecubeController.dir/C_/Program_Files/Raspberry_Pi/Pico_SDK_v1.5.1/pico-sdk/src/common/pico_time/time.c.obj
 *fill*         0x1000128e        0x2 
 .text.add_alarm_under_lock
                0x10001290      0x174 CMakeFiles/GamecubeController.dir/C_/Program_Files/Raspberry_Pi/Pico_SDK_v1.5.1/pico-sdk/src/common/pico_time/time.c.obj
 .text.alarm_pool_alarm_callback
                0x10001404      0x33c CMakeFiles/GamecubeController.dir/C_/Program_Files/Raspberry_Pi/Pico_SDK_v1.5.1/pico-sdk/src/common/pico_time/time.c.obj
 .text.alarm_pool_init_default
                0x10001740       0x40 CMakeFiles/GamecubeController.dir/C_/Program_Files/Raspberry_Pi/Pico_SDK_v1.5.1/pico-sdk/src/common/pico_time/time.c.obj
                0x10001740                alarm_pool_init_default
 .text.alarm_pool_get_default
                0x10001780       0x2c CMakeFiles/GamecubeController.dir/C_/Program_Files/Raspberry_Pi/Pico_SDK_v1.5.1/pico-sdk/src/common/pico_time/time.c.obj
                0x10001780                alarm_pool_get_default
 .text.alarm_pool_add_alarm_at
                0x100017ac      0x168 CMakeFiles/GamecubeController.dir/C_/Program_Files/Raspberry_Pi/Pico_SDK_v1.5.1/pico-sdk/src/common/pico_time/time.c.obj
                0x100017ac                alarm_pool_add_alarm_at
 .text.alarm_pool_cancel_alarm
                0x10001914       0xf8 CMakeFiles/GamecubeController.dir/C_/Program_Files/Raspberry_Pi/Pico_SDK_v1.5.1/pico-sdk/src/common/pico_time/time.c.obj
                0x10001914                alarm_pool_cancel_alarm
 .text.best_effort_wfe_or_timeout
                0x10001a0c       0xac CMakeFiles/GamecubeController.dir/C_/Program_Files/Raspberry_Pi/Pico_SDK_v1.5.1/pico-sdk/src/common/pico_time/time.c.obj
                0x10001a0c                best_effort_wfe_or_timeout
 .text.hardware_alarm_irq_handler
                0x10001ab8       0x90 CMakeFiles/GamecubeController.dir/C_/Program_Files/Raspberry_Pi/Pico_SDK_v1.5.1/pico-sdk/src/rp2_common/hardware_timer/timer.c.obj
 .text.hardware_alarm_claim
                0x10001b48       0x18 CMakeFiles/GamecubeController.dir/C_/Program_Files/Raspberry_Pi/Pico_SDK_v1.5.1/pico-sdk/src/rp2_common/hardware_timer/timer.c.obj
                0x10001b48                hardware_alarm_claim
 .text.time_us_64
                0x10001b60       0x18 CMakeFiles/GamecubeController.dir/C_/Program_Files/Raspberry_Pi/Pico_SDK_v1.5.1/pico-sdk/src/rp2_common/hardware_timer/timer.c.obj
                0x10001b60                time_us_64
 .text.busy_wait_until
                0x10001b78       0x28 CMakeFiles/GamecubeController.dir/C_/Program_Files/Raspberry_Pi/Pico_SDK_v1.5.1/pico-sdk/src/rp2_common/hardware_timer/timer.c.obj
                0x10001b78                busy_wait_until
 .text.busy_wait_us
                0x10001ba0       0x48 CMakeFiles/GamecubeController.dir/C_/Program_Files/Raspberry_Pi/Pico_SDK_v1.5.1/pico-sdk/src/rp2_common/hardware_timer/timer.c.obj
                0x10001ba0                busy_wait_us
 .text.hardware_alarm_set_callback
                0x10001be8       0x90 CMakeFiles/GamecubeController.dir/C_/Program_Files/Raspberry_Pi/Pico_SDK_v1.5.1/pico-sdk/src/rp2_common/hardware_timer/timer.c.obj
                0x10001be8                hardware_alarm_set_callback
 .text.hardware_alarm_set_target
                0x10001c78       0xe8 CMakeFiles/GamecubeController.dir/C_/Program_Files/Raspberry_Pi/Pico_SDK_v1.5.1/pico-sdk/src/rp2_common/hardware_timer/timer.c.obj
                0x10001c78                hardware_alarm_set_target
 .text.hardware_alarm_cancel
                0x10001d60       0x40 CMakeFiles/GamecubeController.dir/C_/Program_Files/Raspberry_Pi/Pico_SDK_v1.5.1/pico-sdk/src/rp2_common/hardware_timer/timer.c.obj
                0x10001d60                hardware_alarm_cancel
 .text.ph_add_child_node
                0x10001da0       0xa4 CMakeFiles/GamecubeController.dir/C_/Program_Files/Raspberry_Pi/Pico_SDK_v1.5.1/pico-sdk/src/common/pico_util/pheap.c.obj
 .text.ph_merge_nodes
                0x10001e44       0x3e CMakeFiles/GamecubeController.dir/C_/Program_Files/Raspberry_Pi/Pico_SDK_v1.5.1/pico-sdk/src/common/pico_util/pheap.c.obj
 *fill*         0x10001e82        0x2 
 .text.ph_clear
                0x10001e84       0x70 CMakeFiles/GamecubeController.dir/C_/Program_Files/Raspberry_Pi/Pico_SDK_v1.5.1/pico-sdk/src/common/pico_util/pheap.c.obj
                0x10001e84                ph_clear
 .text.ph_post_alloc_init
                0x10001ef4        0xe CMakeFiles/GamecubeController.dir/C_/Program_Files/Raspberry_Pi/Pico_SDK_v1.5.1/pico-sdk/src/common/pico_util/pheap.c.obj
                0x10001ef4                ph_post_alloc_init
 *fill*         0x10001f02        0x2 
 .text.ph_merge_two_pass
                0x10001f04       0xa8 CMakeFiles/GamecubeController.dir/C_/Program_Files/Raspberry_Pi/Pico_SDK_v1.5.1/pico-sdk/src/common/pico_util/pheap.c.obj
                0x10001f04                ph_merge_two_pass
 .text.ph_remove_any_head
                0x10001fac      0x128 CMakeFiles/GamecubeController.dir/C_/Program_Files/Raspberry_Pi/Pico_SDK_v1.5.1/pico-sdk/src/common/pico_util/pheap.c.obj
 .text.ph_remove_head
                0x100020d4       0x14 CMakeFiles/GamecubeController.dir/C_/Program_Files/Raspberry_Pi/Pico_SDK_v1.5.1/pico-sdk/src/common/pico_util/pheap.c.obj
                0x100020d4                ph_remove_head
 .text.ph_remove_and_free_node
                0x100020e8       0xf8 CMakeFiles/GamecubeController.dir/C_/Program_Files/Raspberry_Pi/Pico_SDK_v1.5.1/pico-sdk/src/common/pico_util/pheap.c.obj
                0x100020e8                ph_remove_and_free_node
 .text.uart_disable_before_lcr_write
                0x100021e0       0x48 CMakeFiles/GamecubeController.dir/C_/Program_Files/Raspberry_Pi/Pico_SDK_v1.5.1/pico-sdk/src/rp2_common/hardware_uart/uart.c.obj
 .text.uart_write_lcr_bits_masked
                0x10002228       0x22 CMakeFiles/GamecubeController.dir/C_/Program_Files/Raspberry_Pi/Pico_SDK_v1.5.1/pico-sdk/src/rp2_common/hardware_uart/uart.c.obj
 *fill*         0x1000224a        0x2 
 .text.uart_set_baudrate
                0x1000224c       0x5c CMakeFiles/GamecubeController.dir/C_/Program_Files/Raspberry_Pi/Pico_SDK_v1.5.1/pico-sdk/src/rp2_common/hardware_uart/uart.c.obj
                0x1000224c                uart_set_baudrate
 .text.uart_set_format
                0x100022a8       0x2c CMakeFiles/GamecubeController.dir/C_/Program_Files/Raspberry_Pi/Pico_SDK_v1.5.1/pico-sdk/src/rp2_common/hardware_uart/uart.c.obj
                0x100022a8                uart_set_format
 .text.uart_set_translate_crlf
                0x100022d4       0x28 CMakeFiles/GamecubeController.dir/C_/Program_Files/Raspberry_Pi/Pico_SDK_v1.5.1/pico-sdk/src/rp2_common/hardware_uart/uart.c.obj
                0x100022d4                uart_set_translate_crlf
 .text.uart_init
                0x100022fc       0x80 CMakeFiles/GamecubeController.dir/C_/Program_Files/Raspberry_Pi/Pico_SDK_v1.5.1/pico-sdk/src/rp2_common/hardware_uart/uart.c.obj
                0x100022fc                uart_init
 .text.clock_configure
                0x1000237c      0x108 CMakeFiles/GamecubeController.dir/C_/Program_Files/Raspberry_Pi/Pico_SDK_v1.5.1/pico-sdk/src/rp2_common/hardware_clocks/clocks.c.obj
                0x1000237c                clock_configure
 .text.clocks_init
                0x10002484      0x100 CMakeFiles/GamecubeController.dir/C_/Program_Files/Raspberry_Pi/Pico_SDK_v1.5.1/pico-sdk/src/rp2_common/hardware_clocks/clocks.c.obj
                0x10002484                clocks_init
 .text.clock_get_hz
                0x10002584        0xc CMakeFiles/GamecubeController.dir/C_/Program_Files/Raspberry_Pi/Pico_SDK_v1.5.1/pico-sdk/src/rp2_common/hardware_clocks/clocks.c.obj
                0x10002584                clock_get_hz
 .text.pll_init
                0x10002590      0x120 CMakeFiles/GamecubeController.dir/C_/Program_Files/Raspberry_Pi/Pico_SDK_v1.5.1/pico-sdk/src/rp2_common/hardware_pll/pll.c.obj
                0x10002590                pll_init
 .text.watchdog_start_tick
                0x100026b0       0x10 CMakeFiles/GamecubeController.dir/C_/Program_Files/Raspberry_Pi/Pico_SDK_v1.5.1/pico-sdk/src/rp2_common/hardware_watchdog/watchdog.c.obj
                0x100026b0                watchdog_start_tick
 .text.xosc_init
                0x100026c0       0x28 CMakeFiles/GamecubeController.dir/C_/Program_Files/Raspberry_Pi/Pico_SDK_v1.5.1/pico-sdk/src/rp2_common/hardware_xosc/xosc.c.obj
                0x100026c0                xosc_init
 .text._exit    0x100026e8        0x4 CMakeFiles/GamecubeController.dir/C_/Program_Files/Raspberry_Pi/Pico_SDK_v1.5.1/pico-sdk/src/rp2_common/pico_runtime/runtime.c.obj
                0x100026e8                _exit
 .text._sbrk    0x100026ec       0x38 CMakeFiles/GamecubeController.dir/C_/Program_Files/Raspberry_Pi/Pico_SDK_v1.5.1/pico-sdk/src/rp2_common/pico_runtime/runtime.c.obj
                0x100026ec                _sbrk
 .text.exit     0x10002724        0x6 CMakeFiles/GamecubeController.dir/C_/Program_Files/Raspberry_Pi/Pico_SDK_v1.5.1/pico-sdk/src/rp2_common/pico_runtime/runtime.c.obj
                0x10002724                exit
 *fill*         0x1000272a        0x2 
 .text.__assert_func
                0x1000272c       0x3c CMakeFiles/GamecubeController.dir/C_/Program_Files/Raspberry_Pi/Pico_SDK_v1.5.1/pico-sdk/src/rp2_common/pico_runtime/runtime.c.obj
                0x1000272c                __assert_func
 .text.runtime_init
                0x10002768       0xf8 CMakeFiles/GamecubeController.dir/C_/Program_Files/Raspberry_Pi/Pico_SDK_v1.5.1/pico-sdk/src/rp2_common/pico_runtime/runtime.c.obj
                0x10002768                runtime_init
 .text.panic    0x10002860       0x30 CMakeFiles/GamecubeController.dir/C_/Program_Files/Raspberry_Pi/Pico_SDK_v1.5.1/pico-sdk/src/rp2_common/pico_runtime/runtime.c.obj
                0x10002860                panic
 .text._out_null
                0x10002890        0x2 CMakeFiles/GamecubeController.dir/C_/Program_Files/Raspberry_Pi/Pico_SDK_v1.5.1/pico-sdk/src/rp2_common/pico_printf/printf.c.obj
 .text._out_fct
                0x10002892        0xe CMakeFiles/GamecubeController.dir/C_/Program_Files/Raspberry_Pi/Pico_SDK_v1.5.1/pico-sdk/src/rp2_common/pico_printf/printf.c.obj
 .text._atoi    0x100028a0       0x24 CMakeFiles/GamecubeController.dir/C_/Program_Files/Raspberry_Pi/Pico_SDK_v1.5.1/pico-sdk/src/rp2_common/pico_printf/printf.c.obj
 .text._out_rev
                0x100028c4       0xae CMakeFiles/GamecubeController.dir/C_/Program_Files/Raspberry_Pi/Pico_SDK_v1.5.1/pico-sdk/src/rp2_common/pico_printf/printf.c.obj
 .text._ntoa_format
                0x10002972      0x112 CMakeFiles/GamecubeController.dir/C_/Program_Files/Raspberry_Pi/Pico_SDK_v1.5.1/pico-sdk/src/rp2_common/pico_printf/printf.c.obj
 .text._ntoa_long
                0x10002a84       0xbc CMakeFiles/GamecubeController.dir/C_/Program_Files/Raspberry_Pi/Pico_SDK_v1.5.1/pico-sdk/src/rp2_common/pico_printf/printf.c.obj
 .text._ntoa_long_long
                0x10002b40       0xe2 CMakeFiles/GamecubeController.dir/C_/Program_Files/Raspberry_Pi/Pico_SDK_v1.5.1/pico-sdk/src/rp2_common/pico_printf/printf.c.obj
 *fill*         0x10002c22        0x2 
 .text._etoa    0x10002c24      0x414 CMakeFiles/GamecubeController.dir/C_/Program_Files/Raspberry_Pi/Pico_SDK_v1.5.1/pico-sdk/src/rp2_common/pico_printf/printf.c.obj
 .text._ftoa    0x10003038      0x354 CMakeFiles/GamecubeController.dir/C_/Program_Files/Raspberry_Pi/Pico_SDK_v1.5.1/pico-sdk/src/rp2_common/pico_printf/printf.c.obj
 .text._vsnprintf
                0x1000338c      0x624 CMakeFiles/GamecubeController.dir/C_/Program_Files/Raspberry_Pi/Pico_SDK_v1.5.1/pico-sdk/src/rp2_common/pico_printf/printf.c.obj
 .text.vfctprintf
                0x100039b0       0x20 CMakeFiles/GamecubeController.dir/C_/Program_Files/Raspberry_Pi/Pico_SDK_v1.5.1/pico-sdk/src/rp2_common/pico_printf/printf.c.obj
                0x100039b0                vfctprintf
 .text          0x100039d0       0x10 CMakeFiles/GamecubeController.dir/C_/Program_Files/Raspberry_Pi/Pico_SDK_v1.5.1/pico-sdk/src/rp2_common/pico_bit_ops/bit_ops_aeabi.S.obj
 .text.rom_func_lookup
                0x100039e0       0x10 CMakeFiles/GamecubeController.dir/C_/Program_Files/Raspberry_Pi/Pico_SDK_v1.5.1/pico-sdk/src/rp2_common/pico_bootrom/bootrom.c.obj
                0x100039e0                rom_func_lookup
 .text.rom_data_lookup
                0x100039f0       0x10 CMakeFiles/GamecubeController.dir/C_/Program_Files/Raspberry_Pi/Pico_SDK_v1.5.1/pico-sdk/src/rp2_common/pico_bootrom/bootrom.c.obj
                0x100039f0                rom_data_lookup
 .text.rom_funcs_lookup
                0x10003a00       0x36 CMakeFiles/GamecubeController.dir/C_/Program_Files/Raspberry_Pi/Pico_SDK_v1.5.1/pico-sdk/src/rp2_common/pico_bootrom/bootrom.c.obj
                0x10003a00                rom_funcs_lookup
 *fill*         0x10003a36        0x2 
 .text.__wrap___aeabi_idiv
                0x10003a38       0x50 CMakeFiles/GamecubeController.dir/C_/Program_Files/Raspberry_Pi/Pico_SDK_v1.5.1/pico-sdk/src/rp2_common/pico_divider/divider.S.obj
                0x10003a38                __wrap___aeabi_idivmod
                0x10003a38                divmod_s32s32
                0x10003a38                div_s32s32
                0x10003a38                __wrap___aeabi_idiv
                0x10003a40                divmod_s32s32_unsafe
                0x10003a6c                divmod_s32s32_savestate
 .text.__wrap___aeabi_uidiv
                0x10003a88       0x4c CMakeFiles/GamecubeController.dir/C_/Program_Files/Raspberry_Pi/Pico_SDK_v1.5.1/pico-sdk/src/rp2_common/pico_divider/divider.S.obj
                0x10003a88                __wrap___aeabi_uidiv
                0x10003a88                __wrap___aeabi_uidivmod
                0x10003a88                div_u32u32
                0x10003a88                divmod_u32u32
                0x10003a90                divmod_u32u32_unsafe
                0x10003ab8                divmod_u32u32_savestate
 .text.__wrap___aeabi_ldiv
                0x10003ad4      0x424 CMakeFiles/GamecubeController.dir/C_/Program_Files/Raspberry_Pi/Pico_SDK_v1.5.1/pico-sdk/src/rp2_common/pico_divider/divider.S.obj
                0x10003ad4                div_s64s64
                0x10003ad4                divmod_s64s64
                0x10003ad4                __wrap___aeabi_ldivmod
                0x10003b04                divmod_u64u64
                0x10003b04                div_u64u64
                0x10003b04                __wrap___aeabi_uldivmod
                0x10003b14                divmod_u64u64_savestate
                0x10003b34                divmod_s64s64_unsafe
                0x10003bbc                divmod_u64u64_unsafe
 .text.__wrap___aeabi_darithmetic
                0x10003ef8       0x80 CMakeFiles/GamecubeController.dir/C_/Program_Files/Raspberry_Pi/Pico_SDK_v1.5.1/pico-sdk/src/rp2_common/pico_double/double_aeabi.S.obj
                0x10003ef8                __wrap___aeabi_drsub
                0x10003efe                __wrap___aeabi_dsub
                0x10003f10                __wrap___aeabi_dadd
                0x10003f22                __wrap___aeabi_ddiv
                0x10003f5e                __wrap___aeabi_dmul
 .text.__wrap___aeabi_cdcmple
                0x10003f78       0x6c CMakeFiles/GamecubeController.dir/C_/Program_Files/Raspberry_Pi/Pico_SDK_v1.5.1/pico-sdk/src/rp2_common/pico_double/double_aeabi.S.obj
                0x10003f78                __wrap___aeabi_cdrcmple
                0x10003f88                __wrap___aeabi_cdcmpeq
                0x10003f88                __wrap___aeabi_cdcmple
 .text.__wrap___aeabi_dcmplt
                0x10003fe4        0xc CMakeFiles/GamecubeController.dir/C_/Program_Files/Raspberry_Pi/Pico_SDK_v1.5.1/pico-sdk/src/rp2_common/pico_double/double_aeabi.S.obj
                0x10003fe4                __wrap___aeabi_dcmplt
 .text.__wrap___aeabi_dcmple
                0x10003ff0       0x10 CMakeFiles/GamecubeController.dir/C_/Program_Files/Raspberry_Pi/Pico_SDK_v1.5.1/pico-sdk/src/rp2_common/pico_double/double_aeabi.S.obj
                0x10003ff0                __wrap___aeabi_dcmple
 .text.__wrap___aeabi_dcmpge
                0x10004000       0x10 CMakeFiles/GamecubeController.dir/C_/Program_Files/Raspberry_Pi/Pico_SDK_v1.5.1/pico-sdk/src/rp2_common/pico_double/double_aeabi.S.obj
                0x10004000                __wrap___aeabi_dcmpge
 .text.__wrap___aeabi_dcmpgt
                0x10004010        0xa CMakeFiles/GamecubeController.dir/C_/Program_Files/Raspberry_Pi/Pico_SDK_v1.5.1/pico-sdk/src/rp2_common/pico_double/double_aeabi.S.obj
                0x10004010                __wrap___aeabi_dcmpgt
 .text.__wrap___aeabi_dcmpun
                0x1000401a       0x1c CMakeFiles/GamecubeController.dir/C_/Program_Files/Raspberry_Pi/Pico_SDK_v1.5.1/pico-sdk/src/rp2_common/pico_double/double_aeabi.S.obj
                0x1000401a                __wrap___aeabi_dcmpun
 *fill*         0x10004036        0x2 
 .text.__wrap___aeabi_i2d
                0x10004038       0x38 CMakeFiles/GamecubeController.dir/C_/Program_Files/Raspberry_Pi/Pico_SDK_v1.5.1/pico-sdk/src/rp2_common/pico_double/double_aeabi.S.obj
                0x10004038                __wrap___aeabi_ui2d
                0x10004040                __wrap___aeabi_i2d
 .text.__wrap___aeabi_d2iz
                0x10004070       0x48 CMakeFiles/GamecubeController.dir/C_/Program_Files/Raspberry_Pi/Pico_SDK_v1.5.1/pico-sdk/src/rp2_common/pico_double/double_aeabi.S.obj
                0x10004070                double2int_z
                0x10004070                __wrap___aeabi_d2iz
 .text.__wrap___aeabi_d2uiz
                0x100040b8       0x18 CMakeFiles/GamecubeController.dir/C_/Program_Files/Raspberry_Pi/Pico_SDK_v1.5.1/pico-sdk/src/rp2_common/pico_double/double_aeabi.S.obj
                0x100040b8                __wrap___aeabi_d2uiz
                0x100040b8                double2uint
 .text.__aeabi_double_init
                0x100040d0       0xc8 CMakeFiles/GamecubeController.dir/C_/Program_Files/Raspberry_Pi/Pico_SDK_v1.5.1/pico-sdk/src/rp2_common/pico_double/double_init_rom.c.obj
                0x100040d0                __aeabi_double_init
 .text.double_table_shim_on_use_helper
                0x10004198       0x34 CMakeFiles/GamecubeController.dir/C_/Program_Files/Raspberry_Pi/Pico_SDK_v1.5.1/pico-sdk/src/rp2_common/pico_double/double_v1_rom_shim.S.obj
                0x10004198                double_table_shim_on_use_helper
 .text.__wrap___aeabi_dsub
                0x100041cc       0x10 CMakeFiles/GamecubeController.dir/C_/Program_Files/Raspberry_Pi/Pico_SDK_v1.5.1/pico-sdk/src/rp2_common/pico_double/double_v1_rom_shim.S.obj
                0x100041cc                drsub_shim
                0x100041d2                dsub_shim
 .text.dadd_shim
                0x100041dc      0x15c CMakeFiles/GamecubeController.dir/C_/Program_Files/Raspberry_Pi/Pico_SDK_v1.5.1/pico-sdk/src/rp2_common/pico_double/double_v1_rom_shim.S.obj
                0x100041dc                dadd_shim
 .text.dmul_shim
                0x10004338      0x15c CMakeFiles/GamecubeController.dir/C_/Program_Files/Raspberry_Pi/Pico_SDK_v1.5.1/pico-sdk/src/rp2_common/pico_double/double_v1_rom_shim.S.obj
                0x10004338                dmul_shim
 .text.ddiv_shim
                0x10004494      0x1b0 CMakeFiles/GamecubeController.dir/C_/Program_Files/Raspberry_Pi/Pico_SDK_v1.5.1/pico-sdk/src/rp2_common/pico_double/double_v1_rom_shim.S.obj
                0x10004494                ddiv_shim
 .text.double2uint_shim
                0x10004644        0xe CMakeFiles/GamecubeController.dir/C_/Program_Files/Raspberry_Pi/Pico_SDK_v1.5.1/pico-sdk/src/rp2_common/pico_double/double_v1_rom_shim.S.obj
                0x10004644                double2uint_shim
                0x10004646                double2ufix_shim
 *fill*         0x10004652        0x2 
 .text.double2uint64_shim
                0x10004654       0x70 CMakeFiles/GamecubeController.dir/C_/Program_Files/Raspberry_Pi/Pico_SDK_v1.5.1/pico-sdk/src/rp2_common/pico_double/double_v1_rom_shim.S.obj
                0x10004654                double2uint64_shim
                0x10004656                double2ufix64_shim
                0x10004676                d2fix_a
 .text.dunpacks
                0x100046c4       0x3c CMakeFiles/GamecubeController.dir/C_/Program_Files/Raspberry_Pi/Pico_SDK_v1.5.1/pico-sdk/src/rp2_common/pico_double/double_v1_rom_shim.S.obj
                0x100046c4                dunpacks
 .text.__aeabi_lmul
                0x10004700       0x32 CMakeFiles/GamecubeController.dir/C_/Program_Files/Raspberry_Pi/Pico_SDK_v1.5.1/pico-sdk/src/rp2_common/pico_int64_ops/pico_int64_ops_aeabi.S.obj
                0x10004700                __wrap___aeabi_lmul
 *fill*         0x10004732        0x2 
 .text.__wrap___aeabi_farithmetic
                0x10004734       0x58 CMakeFiles/GamecubeController.dir/C_/Program_Files/Raspberry_Pi/Pico_SDK_v1.5.1/pico-sdk/src/rp2_common/pico_float/float_aeabi.S.obj
                0x10004734                __wrap___aeabi_frsub
                0x1000473a                __wrap___aeabi_fsub
                0x10004744                __wrap___aeabi_fadd
                0x1000474e                __wrap___aeabi_fdiv
                0x1000477a                __wrap___aeabi_fmul
 .text.__wrap___aeabi_ui2f
                0x1000478c        0xa CMakeFiles/GamecubeController.dir/C_/Program_Files/Raspberry_Pi/Pico_SDK_v1.5.1/pico-sdk/src/rp2_common/pico_float/float_aeabi.S.obj
                0x1000478c                __wrap___aeabi_ui2f
 *fill*         0x10004796        0x2 
 .text.__wrap___aeabi_i2f
                0x10004798       0x44 CMakeFiles/GamecubeController.dir/C_/Program_Files/Raspberry_Pi/Pico_SDK_v1.5.1/pico-sdk/src/rp2_common/pico_float/float_aeabi.S.obj
                0x10004798                __wrap___aeabi_i2f
 .text.__wrap___aeabi_f2uiz
                0x100047dc       0x10 CMakeFiles/GamecubeController.dir/C_/Program_Files/Raspberry_Pi/Pico_SDK_v1.5.1/pico-sdk/src/rp2_common/pico_float/float_aeabi.S.obj
                0x100047dc                __wrap___aeabi_f2uiz
 .text.__aeabi_float_init
                0x100047ec       0xfc CMakeFiles/GamecubeController.dir/C_/Program_Files/Raspberry_Pi/Pico_SDK_v1.5.1/pico-sdk/src/rp2_common/pico_float/float_init_rom.c.obj
                0x100047ec                __aeabi_float_init
 .text.float_table_shim_on_use_helper
                0x100048e8       0x34 CMakeFiles/GamecubeController.dir/C_/Program_Files/Raspberry_Pi/Pico_SDK_v1.5.1/pico-sdk/src/rp2_common/pico_float/float_v1_rom_shim.S.obj
                0x100048e8                float_table_shim_on_use_helper
 .text.__wrap_malloc
                0x1000491c       0x24 CMakeFiles/GamecubeController.dir/C_/Program_Files/Raspberry_Pi/Pico_SDK_v1.5.1/pico-sdk/src/rp2_common/pico_malloc/pico_malloc.c.obj
                0x1000491c                __wrap_malloc
 .text          0x10004940       0x10 CMakeFiles/GamecubeController.dir/C_/Program_Files/Raspberry_Pi/Pico_SDK_v1.5.1/pico-sdk/src/rp2_common/pico_mem_ops/mem_ops_aeabi.S.obj
                0x10004940                __aeabi_mem_init
 .text.memset   0x10004950        0xc CMakeFiles/GamecubeController.dir/C_/Program_Files/Raspberry_Pi/Pico_SDK_v1.5.1/pico-sdk/src/rp2_common/pico_mem_ops/mem_ops_aeabi.S.obj
                0x10004950                __wrap_memset
 .text.memcpy   0x1000495c        0xc CMakeFiles/GamecubeController.dir/C_/Program_Files/Raspberry_Pi/Pico_SDK_v1.5.1/pico-sdk/src/rp2_common/pico_mem_ops/mem_ops_aeabi.S.obj
                0x1000495c                __wrap_memcpy
                0x1000495c                __wrap___aeabi_memcpy
 .text._Znwj    0x10004968        0x8 CMakeFiles/GamecubeController.dir/C_/Program_Files/Raspberry_Pi/Pico_SDK_v1.5.1/pico-sdk/src/rp2_common/pico_standard_link/new_delete.cpp.obj
                0x10004968                operator new(unsigned int)
 .text.stdio_out_chars_no_crlf
                0x10004970        0xe CMakeFiles/GamecubeController.dir/C_/Program_Files/Raspberry_Pi/Pico_SDK_v1.5.1/pico-sdk/src/rp2_common/pico_stdio/stdio.c.obj
 *fill*         0x1000497e        0x2 
 .text.stdio_out_chars_crlf
                0x10004980       0x80 CMakeFiles/GamecubeController.dir/C_/Program_Files/Raspberry_Pi/Pico_SDK_v1.5.1/pico-sdk/src/rp2_common/pico_stdio/stdio.c.obj
 .text.stdio_stack_buffer_flush
                0x10004a00       0x44 CMakeFiles/GamecubeController.dir/C_/Program_Files/Raspberry_Pi/Pico_SDK_v1.5.1/pico-sdk/src/rp2_common/pico_stdio/stdio.c.obj
 .text.stdio_buffered_printer
                0x10004a44       0x20 CMakeFiles/GamecubeController.dir/C_/Program_Files/Raspberry_Pi/Pico_SDK_v1.5.1/pico-sdk/src/rp2_common/pico_stdio/stdio.c.obj
 .text.stdout_serialize_begin
                0x10004a64       0x5c CMakeFiles/GamecubeController.dir/C_/Program_Files/Raspberry_Pi/Pico_SDK_v1.5.1/pico-sdk/src/rp2_common/pico_stdio/stdio.c.obj
                0x10004a64                stdout_serialize_begin
 .text.stdout_serialize_end
                0x10004ac0       0x10 CMakeFiles/GamecubeController.dir/C_/Program_Files/Raspberry_Pi/Pico_SDK_v1.5.1/pico-sdk/src/rp2_common/pico_stdio/stdio.c.obj
                0x10004ac0                stdout_serialize_end
 .text.stdio_put_string
                0x10004ad0       0x98 CMakeFiles/GamecubeController.dir/C_/Program_Files/Raspberry_Pi/Pico_SDK_v1.5.1/pico-sdk/src/rp2_common/pico_stdio/stdio.c.obj
 .text.stdio_set_driver_enabled
                0x10004b68       0x2c CMakeFiles/GamecubeController.dir/C_/Program_Files/Raspberry_Pi/Pico_SDK_v1.5.1/pico-sdk/src/rp2_common/pico_stdio/stdio.c.obj
                0x10004b68                stdio_set_driver_enabled
 .text.stdio_flush
                0x10004b94       0x20 CMakeFiles/GamecubeController.dir/C_/Program_Files/Raspberry_Pi/Pico_SDK_v1.5.1/pico-sdk/src/rp2_common/pico_stdio/stdio.c.obj
                0x10004b94                stdio_flush
 .text.__wrap_puts
                0x10004bb4       0x1e CMakeFiles/GamecubeController.dir/C_/Program_Files/Raspberry_Pi/Pico_SDK_v1.5.1/pico-sdk/src/rp2_common/pico_stdio/stdio.c.obj
                0x10004bb4                __wrap_puts
 *fill*         0x10004bd2        0x2 
 .text.__wrap_vprintf
                0x10004bd4       0x40 CMakeFiles/GamecubeController.dir/C_/Program_Files/Raspberry_Pi/Pico_SDK_v1.5.1/pico-sdk/src/rp2_common/pico_stdio/stdio.c.obj
                0x10004bd4                __wrap_vprintf
 .text.__wrap_printf
                0x10004c14       0x18 CMakeFiles/GamecubeController.dir/C_/Program_Files/Raspberry_Pi/Pico_SDK_v1.5.1/pico-sdk/src/rp2_common/pico_stdio/stdio.c.obj
                0x10004c14                __wrap_printf
 .text.stdio_uart_out_chars
                0x10004c2c       0x74 CMakeFiles/GamecubeController.dir/C_/Program_Files/Raspberry_Pi/Pico_SDK_v1.5.1/pico-sdk/src/rp2_common/pico_stdio_uart/stdio_uart.c.obj
 .text.stdio_uart_in_chars
                0x10004ca0       0x80 CMakeFiles/GamecubeController.dir/C_/Program_Files/Raspberry_Pi/Pico_SDK_v1.5.1/pico-sdk/src/rp2_common/pico_stdio_uart/stdio_uart.c.obj
                0x10004ca0                stdio_uart_in_chars
 .text.on_uart_rx
                0x10004d20       0x28 CMakeFiles/GamecubeController.dir/C_/Program_Files/Raspberry_Pi/Pico_SDK_v1.5.1/pico-sdk/src/rp2_common/pico_stdio_uart/stdio_uart.c.obj
 .text.stdio_uart_set_chars_available_callback
                0x10004d48       0x8c CMakeFiles/GamecubeController.dir/C_/Program_Files/Raspberry_Pi/Pico_SDK_v1.5.1/pico-sdk/src/rp2_common/pico_stdio_uart/stdio_uart.c.obj
 .text.stdio_uart_init_full
                0x10004dd4       0x44 CMakeFiles/GamecubeController.dir/C_/Program_Files/Raspberry_Pi/Pico_SDK_v1.5.1/pico-sdk/src/rp2_common/pico_stdio_uart/stdio_uart.c.obj
                0x10004dd4                stdio_uart_init_full
 .text._pio_can_add_program_at_offset
                0x10004e18       0x3c CMakeFiles/GamecubeController.dir/C_/Program_Files/Raspberry_Pi/Pico_SDK_v1.5.1/pico-sdk/src/rp2_common/hardware_pio/pio.c.obj
 .text._pio_find_offset_for_program
                0x10004e54       0x7c CMakeFiles/GamecubeController.dir/C_/Program_Files/Raspberry_Pi/Pico_SDK_v1.5.1/pico-sdk/src/rp2_common/hardware_pio/pio.c.obj
 .text._pio_add_program_at_offset
                0x10004ed0       0x78 CMakeFiles/GamecubeController.dir/C_/Program_Files/Raspberry_Pi/Pico_SDK_v1.5.1/pico-sdk/src/rp2_common/hardware_pio/pio.c.obj
 .text.pio_sm_claim
                0x10004f48       0x30 CMakeFiles/GamecubeController.dir/C_/Program_Files/Raspberry_Pi/Pico_SDK_v1.5.1/pico-sdk/src/rp2_common/hardware_pio/pio.c.obj
                0x10004f48                pio_sm_claim
 .text.pio_claim_unused_sm
                0x10004f78       0x3c CMakeFiles/GamecubeController.dir/C_/Program_Files/Raspberry_Pi/Pico_SDK_v1.5.1/pico-sdk/src/rp2_common/hardware_pio/pio.c.obj
                0x10004f78                pio_claim_unused_sm
 .text.pio_add_program
                0x10004fb4       0x38 CMakeFiles/GamecubeController.dir/C_/Program_Files/Raspberry_Pi/Pico_SDK_v1.5.1/pico-sdk/src/rp2_common/hardware_pio/pio.c.obj
                0x10004fb4                pio_add_program
 .text.pio_sm_init
                0x10004fec       0xe4 CMakeFiles/GamecubeController.dir/C_/Program_Files/Raspberry_Pi/Pico_SDK_v1.5.1/pico-sdk/src/rp2_common/hardware_pio/pio.c.obj
                0x10004fec                pio_sm_init
 .text.hw_endpoint_get_by_addr
                0x100050d0       0x18 CMakeFiles/GamecubeController.dir/C_/Program_Files/Raspberry_Pi/Pico_SDK_v1.5.1/pico-sdk/lib/tinyusb/src/portable/raspberrypi/rp2040/dcd_rp2040.c.obj
 .text._hw_endpoint_alloc
                0x100050e8       0x70 CMakeFiles/GamecubeController.dir/C_/Program_Files/Raspberry_Pi/Pico_SDK_v1.5.1/pico-sdk/lib/tinyusb/src/portable/raspberrypi/rp2040/dcd_rp2040.c.obj
 .text.hw_endpoint_init
                0x10005158       0x88 CMakeFiles/GamecubeController.dir/C_/Program_Files/Raspberry_Pi/Pico_SDK_v1.5.1/pico-sdk/lib/tinyusb/src/portable/raspberrypi/rp2040/dcd_rp2040.c.obj
 .text.hw_endpoint_xfer
                0x100051e0       0x14 CMakeFiles/GamecubeController.dir/C_/Program_Files/Raspberry_Pi/Pico_SDK_v1.5.1/pico-sdk/lib/tinyusb/src/portable/raspberrypi/rp2040/dcd_rp2040.c.obj
 .text.dcd_int_enable
                0x100051f4       0x2c CMakeFiles/GamecubeController.dir/C_/Program_Files/Raspberry_Pi/Pico_SDK_v1.5.1/pico-sdk/lib/tinyusb/src/portable/raspberrypi/rp2040/dcd_rp2040.c.obj
                0x100051f4                dcd_int_enable
 .text.dcd_set_address
                0x10005220       0x2c CMakeFiles/GamecubeController.dir/C_/Program_Files/Raspberry_Pi/Pico_SDK_v1.5.1/pico-sdk/lib/tinyusb/src/portable/raspberrypi/rp2040/dcd_rp2040.c.obj
                0x10005220                dcd_set_address
 .text.dcd_connect
                0x1000524c       0x10 CMakeFiles/GamecubeController.dir/C_/Program_Files/Raspberry_Pi/Pico_SDK_v1.5.1/pico-sdk/lib/tinyusb/src/portable/raspberrypi/rp2040/dcd_rp2040.c.obj
                0x1000524c                dcd_connect
 .text.dcd_init
                0x1000525c       0x80 CMakeFiles/GamecubeController.dir/C_/Program_Files/Raspberry_Pi/Pico_SDK_v1.5.1/pico-sdk/lib/tinyusb/src/portable/raspberrypi/rp2040/dcd_rp2040.c.obj
                0x1000525c                dcd_init
 .text.dcd_edpt0_status_complete
                0x100052dc       0x1c CMakeFiles/GamecubeController.dir/C_/Program_Files/Raspberry_Pi/Pico_SDK_v1.5.1/pico-sdk/lib/tinyusb/src/portable/raspberrypi/rp2040/dcd_rp2040.c.obj
                0x100052dc                dcd_edpt0_status_complete
 .text.dcd_edpt_open
                0x100052f8       0x40 CMakeFiles/GamecubeController.dir/C_/Program_Files/Raspberry_Pi/Pico_SDK_v1.5.1/pico-sdk/lib/tinyusb/src/portable/raspberrypi/rp2040/dcd_rp2040.c.obj
                0x100052f8                dcd_edpt_open
 .text.dcd_edpt_close_all
                0x10005338        0x8 CMakeFiles/GamecubeController.dir/C_/Program_Files/Raspberry_Pi/Pico_SDK_v1.5.1/pico-sdk/lib/tinyusb/src/portable/raspberrypi/rp2040/dcd_rp2040.c.obj
                0x10005338                dcd_edpt_close_all
 .text.dcd_edpt_xfer
                0x10005340       0x34 CMakeFiles/GamecubeController.dir/C_/Program_Files/Raspberry_Pi/Pico_SDK_v1.5.1/pico-sdk/lib/tinyusb/src/portable/raspberrypi/rp2040/dcd_rp2040.c.obj
                0x10005340                dcd_edpt_xfer
 .text.dcd_edpt_stall
                0x10005374       0x2c CMakeFiles/GamecubeController.dir/C_/Program_Files/Raspberry_Pi/Pico_SDK_v1.5.1/pico-sdk/lib/tinyusb/src/portable/raspberrypi/rp2040/dcd_rp2040.c.obj
                0x10005374                dcd_edpt_stall
 .text.dcd_edpt_clear_stall
                0x100053a0       0x20 CMakeFiles/GamecubeController.dir/C_/Program_Files/Raspberry_Pi/Pico_SDK_v1.5.1/pico-sdk/lib/tinyusb/src/portable/raspberrypi/rp2040/dcd_rp2040.c.obj
                0x100053a0                dcd_edpt_clear_stall
 .text.rp2040_usb_init
                0x100053c0       0x4c CMakeFiles/GamecubeController.dir/C_/Program_Files/Raspberry_Pi/Pico_SDK_v1.5.1/pico-sdk/lib/tinyusb/src/portable/raspberrypi/rp2040/rp2040_usb.c.obj
                0x100053c0                rp2040_usb_init
 .text.hw_endpoint_xfer_start
                0x1000540c       0x50 CMakeFiles/GamecubeController.dir/C_/Program_Files/Raspberry_Pi/Pico_SDK_v1.5.1/pico-sdk/lib/tinyusb/src/portable/raspberrypi/rp2040/rp2040_usb.c.obj
                0x1000540c                hw_endpoint_xfer_start
 .text.configuration_reset
                0x1000545c       0x84 CMakeFiles/GamecubeController.dir/C_/Program_Files/Raspberry_Pi/Pico_SDK_v1.5.1/pico-sdk/lib/tinyusb/src/device/usbd.c.obj
 .text.usbd_reset
                0x100054e0        0xc CMakeFiles/GamecubeController.dir/C_/Program_Files/Raspberry_Pi/Pico_SDK_v1.5.1/pico-sdk/lib/tinyusb/src/device/usbd.c.obj
 .text.invoke_class_control
                0x100054ec       0x1a CMakeFiles/GamecubeController.dir/C_/Program_Files/Raspberry_Pi/Pico_SDK_v1.5.1/pico-sdk/lib/tinyusb/src/device/usbd.c.obj
 *fill*         0x10005506        0x2 
 .text.process_set_config
                0x10005508      0x15c CMakeFiles/GamecubeController.dir/C_/Program_Files/Raspberry_Pi/Pico_SDK_v1.5.1/pico-sdk/lib/tinyusb/src/device/usbd.c.obj
 .text.process_get_descriptor
                0x10005664       0xdc CMakeFiles/GamecubeController.dir/C_/Program_Files/Raspberry_Pi/Pico_SDK_v1.5.1/pico-sdk/lib/tinyusb/src/device/usbd.c.obj
 .text.tud_mounted
                0x10005740       0x10 CMakeFiles/GamecubeController.dir/C_/Program_Files/Raspberry_Pi/Pico_SDK_v1.5.1/pico-sdk/lib/tinyusb/src/device/usbd.c.obj
                0x10005740                tud_mounted
 .text.tud_suspended
                0x10005750       0x10 CMakeFiles/GamecubeController.dir/C_/Program_Files/Raspberry_Pi/Pico_SDK_v1.5.1/pico-sdk/lib/tinyusb/src/device/usbd.c.obj
                0x10005750                tud_suspended
 .text.tud_inited
                0x10005760       0x14 CMakeFiles/GamecubeController.dir/C_/Program_Files/Raspberry_Pi/Pico_SDK_v1.5.1/pico-sdk/lib/tinyusb/src/device/usbd.c.obj
                0x10005760                tud_inited
 .text.tud_init
                0x10005774       0xcc CMakeFiles/GamecubeController.dir/C_/Program_Files/Raspberry_Pi/Pico_SDK_v1.5.1/pico-sdk/lib/tinyusb/src/device/usbd.c.obj
                0x10005774                tud_init
 .text.usbd_edpt_open
                0x10005840       0x34 CMakeFiles/GamecubeController.dir/C_/Program_Files/Raspberry_Pi/Pico_SDK_v1.5.1/pico-sdk/lib/tinyusb/src/device/usbd.c.obj
                0x10005840                usbd_edpt_open
 .text.usbd_open_edpt_pair
                0x10005874       0x62 CMakeFiles/GamecubeController.dir/C_/Program_Files/Raspberry_Pi/Pico_SDK_v1.5.1/pico-sdk/lib/tinyusb/src/device/usbd.c.obj
                0x10005874                usbd_open_edpt_pair
 *fill*         0x100058d6        0x2 
 .text.usbd_edpt_claim
                0x100058d8       0x28 CMakeFiles/GamecubeController.dir/C_/Program_Files/Raspberry_Pi/Pico_SDK_v1.5.1/pico-sdk/lib/tinyusb/src/device/usbd.c.obj
                0x100058d8                usbd_edpt_claim
 .text.usbd_edpt_xfer
                0x10005900       0x78 CMakeFiles/GamecubeController.dir/C_/Program_Files/Raspberry_Pi/Pico_SDK_v1.5.1/pico-sdk/lib/tinyusb/src/device/usbd.c.obj
                0x10005900                usbd_edpt_xfer
 .text.usbd_edpt_stall
                0x10005978       0x48 CMakeFiles/GamecubeController.dir/C_/Program_Files/Raspberry_Pi/Pico_SDK_v1.5.1/pico-sdk/lib/tinyusb/src/device/usbd.c.obj
                0x10005978                usbd_edpt_stall
 .text.usbd_edpt_clear_stall
                0x100059c0       0x48 CMakeFiles/GamecubeController.dir/C_/Program_Files/Raspberry_Pi/Pico_SDK_v1.5.1/pico-sdk/lib/tinyusb/src/device/usbd.c.obj
                0x100059c0                usbd_edpt_clear_stall
 .text.usbd_edpt_stalled
                0x10005a08       0x1c CMakeFiles/GamecubeController.dir/C_/Program_Files/Raspberry_Pi/Pico_SDK_v1.5.1/pico-sdk/lib/tinyusb/src/device/usbd.c.obj
                0x10005a08                usbd_edpt_stalled
 .text.process_control_request
                0x10005a24      0x37c CMakeFiles/GamecubeController.dir/C_/Program_Files/Raspberry_Pi/Pico_SDK_v1.5.1/pico-sdk/lib/tinyusb/src/device/usbd.c.obj
 .text.tud_task_ext
                0x10005da0      0x1b8 CMakeFiles/GamecubeController.dir/C_/Program_Files/Raspberry_Pi/Pico_SDK_v1.5.1/pico-sdk/lib/tinyusb/src/device/usbd.c.obj
                0x10005da0                tud_task_ext
 .text._data_stage_xact
                0x10005f58       0x58 CMakeFiles/GamecubeController.dir/C_/Program_Files/Raspberry_Pi/Pico_SDK_v1.5.1/pico-sdk/lib/tinyusb/src/device/usbd_control.c.obj
 .text.tud_control_status
                0x10005fb0       0x38 CMakeFiles/GamecubeController.dir/C_/Program_Files/Raspberry_Pi/Pico_SDK_v1.5.1/pico-sdk/lib/tinyusb/src/device/usbd_control.c.obj
                0x10005fb0                tud_control_status
 .text.tud_control_xfer
                0x10005fe8       0x74 CMakeFiles/GamecubeController.dir/C_/Program_Files/Raspberry_Pi/Pico_SDK_v1.5.1/pico-sdk/lib/tinyusb/src/device/usbd_control.c.obj
                0x10005fe8                tud_control_xfer
 .text.usbd_control_reset
                0x1000605c       0x14 CMakeFiles/GamecubeController.dir/C_/Program_Files/Raspberry_Pi/Pico_SDK_v1.5.1/pico-sdk/lib/tinyusb/src/device/usbd_control.c.obj
                0x1000605c                usbd_control_reset
 .text.usbd_control_set_complete_callback
                0x10006070        0xc CMakeFiles/GamecubeController.dir/C_/Program_Files/Raspberry_Pi/Pico_SDK_v1.5.1/pico-sdk/lib/tinyusb/src/device/usbd_control.c.obj
                0x10006070                usbd_control_set_complete_callback
 .text.usbd_control_set_request
                0x1000607c       0x1c CMakeFiles/GamecubeController.dir/C_/Program_Files/Raspberry_Pi/Pico_SDK_v1.5.1/pico-sdk/lib/tinyusb/src/device/usbd_control.c.obj
                0x1000607c                usbd_control_set_request
 .text.usbd_control_xfer_cb
                0x10006098       0xcc CMakeFiles/GamecubeController.dir/C_/Program_Files/Raspberry_Pi/Pico_SDK_v1.5.1/pico-sdk/lib/tinyusb/src/device/usbd_control.c.obj
                0x10006098                usbd_control_xfer_cb
 .text.tud_hid_n_report
                0x10006164       0xa8 CMakeFiles/GamecubeController.dir/C_/Program_Files/Raspberry_Pi/Pico_SDK_v1.5.1/pico-sdk/lib/tinyusb/src/class/hid/hid_device.c.obj
                0x10006164                tud_hid_n_report
 .text.hidd_reset
                0x1000620c       0x14 CMakeFiles/GamecubeController.dir/C_/Program_Files/Raspberry_Pi/Pico_SDK_v1.5.1/pico-sdk/lib/tinyusb/src/class/hid/hid_device.c.obj
                0x1000620c                hidd_reset
 .text.hidd_init
                0x10006220        0xa CMakeFiles/GamecubeController.dir/C_/Program_Files/Raspberry_Pi/Pico_SDK_v1.5.1/pico-sdk/lib/tinyusb/src/class/hid/hid_device.c.obj
                0x10006220                hidd_init
 *fill*         0x1000622a        0x2 
 .text.hidd_open
                0x1000622c       0xd4 CMakeFiles/GamecubeController.dir/C_/Program_Files/Raspberry_Pi/Pico_SDK_v1.5.1/pico-sdk/lib/tinyusb/src/class/hid/hid_device.c.obj
                0x1000622c                hidd_open
 .text.hidd_control_xfer_cb
                0x10006300      0x2d8 CMakeFiles/GamecubeController.dir/C_/Program_Files/Raspberry_Pi/Pico_SDK_v1.5.1/pico-sdk/lib/tinyusb/src/class/hid/hid_device.c.obj
                0x10006300                hidd_control_xfer_cb
 .text.hidd_xfer_cb
                0x100065d8       0x8c CMakeFiles/GamecubeController.dir/C_/Program_Files/Raspberry_Pi/Pico_SDK_v1.5.1/pico-sdk/lib/tinyusb/src/class/hid/hid_device.c.obj
                0x100065d8                hidd_xfer_cb
 .text.tusb_init
                0x10006664        0xa CMakeFiles/GamecubeController.dir/C_/Program_Files/Raspberry_Pi/Pico_SDK_v1.5.1/pico-sdk/lib/tinyusb/src/tusb.c.obj
                0x10006664                tusb_init
 .text.tusb_inited
                0x1000666e        0xe CMakeFiles/GamecubeController.dir/C_/Program_Files/Raspberry_Pi/Pico_SDK_v1.5.1/pico-sdk/lib/tinyusb/src/tusb.c.obj
                0x1000666e                tusb_inited
 .text.tu_edpt_claim
                0x1000667c       0x50 CMakeFiles/GamecubeController.dir/C_/Program_Files/Raspberry_Pi/Pico_SDK_v1.5.1/pico-sdk/lib/tinyusb/src/tusb.c.obj
                0x1000667c                tu_edpt_claim
 .text.tu_edpt_validate
                0x100066cc       0x78 CMakeFiles/GamecubeController.dir/C_/Program_Files/Raspberry_Pi/Pico_SDK_v1.5.1/pico-sdk/lib/tinyusb/src/tusb.c.obj
                0x100066cc                tu_edpt_validate
 .text.tu_edpt_bind_driver
                0x10006744       0x26 CMakeFiles/GamecubeController.dir/C_/Program_Files/Raspberry_Pi/Pico_SDK_v1.5.1/pico-sdk/lib/tinyusb/src/tusb.c.obj
                0x10006744                tu_edpt_bind_driver
 .text.advance_index
                0x1000676a       0x1a CMakeFiles/GamecubeController.dir/C_/Program_Files/Raspberry_Pi/Pico_SDK_v1.5.1/pico-sdk/lib/tinyusb/src/common/tusb_fifo.c.obj
 .text._tu_fifo_peek
                0x10006784       0x56 CMakeFiles/GamecubeController.dir/C_/Program_Files/Raspberry_Pi/Pico_SDK_v1.5.1/pico-sdk/lib/tinyusb/src/common/tusb_fifo.c.obj
 .text.tu_fifo_full
                0x100067da       0x28 CMakeFiles/GamecubeController.dir/C_/Program_Files/Raspberry_Pi/Pico_SDK_v1.5.1/pico-sdk/lib/tinyusb/src/common/tusb_fifo.c.obj
                0x100067da                tu_fifo_full
 .text.tu_fifo_read
                0x10006802       0x42 CMakeFiles/GamecubeController.dir/C_/Program_Files/Raspberry_Pi/Pico_SDK_v1.5.1/pico-sdk/lib/tinyusb/src/common/tusb_fifo.c.obj
                0x10006802                tu_fifo_read
 .text.tu_fifo_write
                0x10006844       0x64 CMakeFiles/GamecubeController.dir/C_/Program_Files/Raspberry_Pi/Pico_SDK_v1.5.1/pico-sdk/lib/tinyusb/src/common/tusb_fifo.c.obj
                0x10006844                tu_fifo_write
 .text.tu_fifo_clear
                0x100068a8       0x3e CMakeFiles/GamecubeController.dir/C_/Program_Files/Raspberry_Pi/Pico_SDK_v1.5.1/pico-sdk/lib/tinyusb/src/common/tusb_fifo.c.obj
                0x100068a8                tu_fifo_clear
 *fill*         0x100068e6        0x2 
 .text.board_init
                0x100068e8       0x30 CMakeFiles/GamecubeController.dir/C_/Program_Files/Raspberry_Pi/Pico_SDK_v1.5.1/pico-sdk/lib/tinyusb/hw/bsp/rp2040/family.c.obj
                0x100068e8                board_init
 .text.malloc   0x10006918       0x14 c:/progra~1/raspbe~1/picosd~1.0/gcc-ar~1/bin/../lib/gcc/arm-none-eabi/10.3.1/../../../../arm-none-eabi/lib/thumb/v6-m/nofp\libg.a(lib_a-malloc.o)
                0x10006918                malloc
 .text._malloc_r
                0x1000692c      0x584 c:/progra~1/raspbe~1/picosd~1.0/gcc-ar~1/bin/../lib/gcc/arm-none-eabi/10.3.1/../../../../arm-none-eabi/lib/thumb/v6-m/nofp\libg.a(lib_a-mallocr.o)
                0x1000692c                _malloc_r
 .text.__malloc_lock
                0x10006eb0       0x10 c:/progra~1/raspbe~1/picosd~1.0/gcc-ar~1/bin/../lib/gcc/arm-none-eabi/10.3.1/../../../../arm-none-eabi/lib/thumb/v6-m/nofp\libg.a(lib_a-mlock.o)
                0x10006eb0                __malloc_lock
 .text.__malloc_unlock
                0x10006ec0       0x10 c:/progra~1/raspbe~1/picosd~1.0/gcc-ar~1/bin/../lib/gcc/arm-none-eabi/10.3.1/../../../../arm-none-eabi/lib/thumb/v6-m/nofp\libg.a(lib_a-mlock.o)
                0x10006ec0                __malloc_unlock
 .text._sbrk_r  0x10006ed0       0x24 c:/progra~1/raspbe~1/picosd~1.0/gcc-ar~1/bin/../lib/gcc/arm-none-eabi/10.3.1/../../../../arm-none-eabi/lib/thumb/v6-m/nofp\libg.a(lib_a-sbrkr.o)
                0x10006ed0                _sbrk_r
 .text.strlen   0x10006ef4       0x5c c:/progra~1/raspbe~1/picosd~1.0/gcc-ar~1/bin/../lib/gcc/arm-none-eabi/10.3.1/../../../../arm-none-eabi/lib/thumb/v6-m/nofp\libg.a(lib_a-strlen-stub.o)
                0x10006ef4                strlen
 .text._malloc_trim_r
                0x10006f50       0x9c c:/progra~1/raspbe~1/picosd~1.0/gcc-ar~1/bin/../lib/gcc/arm-none-eabi/10.3.1/../../../../arm-none-eabi/lib/thumb/v6-m/nofp\libg.a(lib_a-freer.o)
                0x10006f50                _malloc_trim_r
 .text._free_r  0x10006fec      0x1c4 c:/progra~1/raspbe~1/picosd~1.0/gcc-ar~1/bin/../lib/gcc/arm-none-eabi/10.3.1/../../../../arm-none-eabi/lib/thumb/v6-m/nofp\libg.a(lib_a-freer.o)
                0x10006fec                _free_r
 .text.__retarget_lock_acquire_recursive
                0x100071b0        0x4 c:/progra~1/raspbe~1/picosd~1.0/gcc-ar~1/bin/../lib/gcc/arm-none-eabi/10.3.1/../../../../arm-none-eabi/lib/thumb/v6-m/nofp\libg.a(lib_a-lock.o)
                0x100071b0                __retarget_lock_acquire_recursive
 .text.__retarget_lock_release_recursive
                0x100071b4        0x4 c:/progra~1/raspbe~1/picosd~1.0/gcc-ar~1/bin/../lib/gcc/arm-none-eabi/10.3.1/../../../../arm-none-eabi/lib/thumb/v6-m/nofp\libg.a(lib_a-lock.o)
                0x100071b4                __retarget_lock_release_recursive
 *(.fini)
 .fini          0x100071b8        0x4 c:/progra~1/raspbe~1/picosd~1.0/gcc-ar~1/bin/../lib/gcc/arm-none-eabi/10.3.1/thumb/v6-m/nofp/crti.o
                0x100071b8                _fini
 *fill*         0x100071bc        0x4 
 .fini.__stub   0x100071c0       0xc0 linker stubs
 *crtbegin.o(.ctors)
 *crtbegin?.o(.ctors)
 *(EXCLUDE_FILE(*crtend.o *crtend?.o) .ctors)
 *(SORT_BY_NAME(.ctors.*))
 *(.ctors)
 *crtbegin.o(.dtors)
 *crtbegin?.o(.dtors)
 *(EXCLUDE_FILE(*crtend.o *crtend?.o) .dtors)
 *(SORT_BY_NAME(.dtors.*))
 *(.dtors)
 *(.eh_frame*)
 .eh_frame      0x10007280        0x0 c:/progra~1/raspbe~1/picosd~1.0/gcc-ar~1/bin/../lib/gcc/arm-none-eabi/10.3.1/thumb/v6-m/nofp/crtbegin.o
                0x10007280                . = ALIGN (0x4)

.glue_7         0x10007280        0x0
 .glue_7        0x10007280        0x0 linker stubs

.glue_7t        0x10007280        0x0
 .glue_7t       0x10007280        0x0 linker stubs

.vfp11_veneer   0x10007280        0x0
 .vfp11_veneer  0x10007280        0x0 linker stubs

.v4_bx          0x10007280        0x0
 .v4_bx         0x10007280        0x0 linker stubs

.iplt           0x10007280        0x0
 .iplt          0x10007280        0x0 c:/progra~1/raspbe~1/picosd~1.0/gcc-ar~1/bin/../lib/gcc/arm-none-eabi/10.3.1/thumb/v6-m/nofp/crtbegin.o

.rodata         0x10007280     0x167c
 *(EXCLUDE_FILE(*libm.a: *libc.a:*lib_a-mem*.o *libgcc.a:) .rodata*)
 .rodata.main.str1.4
                0x10007280       0x32 CMakeFiles/GamecubeController.dir/src/main.cpp.obj
 *fill*         0x100072b2        0x2 
 .rodata.str1.4
                0x100072b4       0x31 CMakeFiles/GamecubeController.dir/src/main.cpp.obj
 *fill*         0x100072e5        0x3 
 .rodata._ZL17gc_descriptor_dev
                0x100072e8       0x12 CMakeFiles/GamecubeController.dir/src/main.cpp.obj
 *fill*         0x100072fa        0x2 
 .rodata._ZL24gc_hid_report_descriptor
                0x100072fc       0x6a CMakeFiles/GamecubeController.dir/src/main.cpp.obj
 *fill*         0x10007366        0x2 
 .rodata._ZL31gc_hid_configuration_descriptor
                0x10007368       0x29 CMakeFiles/GamecubeController.dir/src/main.cpp.obj
 *fill*         0x10007391        0x3 
 .rodata.str1.4
                0x10007394       0x7d CMakeFiles/GamecubeController.dir/src/joybus.c.obj
 *fill*         0x10007411        0x3 
 .rodata.__func__.0
                0x10007414       0x15 CMakeFiles/GamecubeController.dir/src/joybus.c.obj
 *fill*         0x10007429        0x3 
 .rodata.joybus_program
                0x1000742c        0x6 CMakeFiles/GamecubeController.dir/src/joybus.c.obj
 *fill*         0x10007432        0x2 
 .rodata.joybus_program_instructions
                0x10007434       0x2e CMakeFiles/GamecubeController.dir/src/joybus.c.obj
 *fill*         0x10007462        0x2 
 .rodata._ZN18GamecubeControllerC2EjjP8pio_hw_tii.str1.4
                0x10007464       0x36 CMakeFiles/GamecubeController.dir/src/GamecubeController.cpp.obj
                                 0xb5 (size before relaxing)
 *fill*         0x1000749a        0x2 
 .rodata.str1.4
                0x1000749c        0x2 CMakeFiles/GamecubeController.dir/src/GamecubeController.cpp.obj
                                  0x6 (size before relaxing)
 *fill*         0x1000749e        0x2 
 .rodata.spin_lock_claim_unused.str1.4
                0x100074a0       0x1b CMakeFiles/GamecubeController.dir/C_/Program_Files/Raspberry_Pi/Pico_SDK_v1.5.1/pico-sdk/src/rp2_common/hardware_sync/sync.c.obj
 *fill*         0x100074bb        0x1 
 .rodata.make_branch.str1.4
                0x100074bc       0x89 CMakeFiles/GamecubeController.dir/C_/Program_Files/Raspberry_Pi/Pico_SDK_v1.5.1/pico-sdk/src/rp2_common/hardware_irq/irq.c.obj
 *fill*         0x10007545        0x3 
 .rodata.insert_branch_and_link.str1.4
                0x10007548       0x10 CMakeFiles/GamecubeController.dir/C_/Program_Files/Raspberry_Pi/Pico_SDK_v1.5.1/pico-sdk/src/rp2_common/hardware_irq/irq.c.obj
 .rodata.irq_set_exclusive_handler.str1.4
                0x10007558       0x36 CMakeFiles/GamecubeController.dir/C_/Program_Files/Raspberry_Pi/Pico_SDK_v1.5.1/pico-sdk/src/rp2_common/hardware_irq/irq.c.obj
 *fill*         0x1000758e        0x2 
 .rodata.irq_add_shared_handler.str1.4
                0x10007590       0xd9 CMakeFiles/GamecubeController.dir/C_/Program_Files/Raspberry_Pi/Pico_SDK_v1.5.1/pico-sdk/src/rp2_common/hardware_irq/irq.c.obj
 *fill*         0x10007669        0x3 
 .rodata.irq_remove_handler.str1.4
                0x1000766c       0x3a CMakeFiles/GamecubeController.dir/C_/Program_Files/Raspberry_Pi/Pico_SDK_v1.5.1/pico-sdk/src/rp2_common/hardware_irq/irq.c.obj
 *fill*         0x100076a6        0x2 
 .rodata.irq_add_tail_to_free_list.str1.4
                0x100076a8       0x3a CMakeFiles/GamecubeController.dir/C_/Program_Files/Raspberry_Pi/Pico_SDK_v1.5.1/pico-sdk/src/rp2_common/hardware_irq/irq.c.obj
 *fill*         0x100076e2        0x2 
 .rodata.__func__.0
                0x100076e4       0x1a CMakeFiles/GamecubeController.dir/C_/Program_Files/Raspberry_Pi/Pico_SDK_v1.5.1/pico-sdk/src/rp2_common/hardware_irq/irq.c.obj
 *fill*         0x100076fe        0x2 
 .rodata.__func__.1
                0x10007700       0x17 CMakeFiles/GamecubeController.dir/C_/Program_Files/Raspberry_Pi/Pico_SDK_v1.5.1/pico-sdk/src/rp2_common/hardware_irq/irq.c.obj
 *fill*         0x10007717        0x1 
 .rodata.__func__.2
                0x10007718       0x13 CMakeFiles/GamecubeController.dir/C_/Program_Files/Raspberry_Pi/Pico_SDK_v1.5.1/pico-sdk/src/rp2_common/hardware_irq/irq.c.obj
 *fill*         0x1000772b        0x1 
 .rodata.__func__.3
                0x1000772c        0xc CMakeFiles/GamecubeController.dir/C_/Program_Files/Raspberry_Pi/Pico_SDK_v1.5.1/pico-sdk/src/rp2_common/hardware_irq/irq.c.obj
 .rodata.__func__.4
                0x10007738        0xf CMakeFiles/GamecubeController.dir/C_/Program_Files/Raspberry_Pi/Pico_SDK_v1.5.1/pico-sdk/src/rp2_common/hardware_irq/irq.c.obj
 *fill*         0x10007747        0x1 
 .rodata.__func__.5
                0x10007748       0x17 CMakeFiles/GamecubeController.dir/C_/Program_Files/Raspberry_Pi/Pico_SDK_v1.5.1/pico-sdk/src/rp2_common/hardware_irq/irq.c.obj
 *fill*         0x1000775f        0x1 
 .rodata.__func__.6
                0x10007760       0x1a CMakeFiles/GamecubeController.dir/C_/Program_Files/Raspberry_Pi/Pico_SDK_v1.5.1/pico-sdk/src/rp2_common/hardware_irq/irq.c.obj
 *fill*         0x1000777a        0x2 
 .rodata.str1.4
                0x1000777c       0xa5 CMakeFiles/GamecubeController.dir/C_/Program_Files/Raspberry_Pi/Pico_SDK_v1.5.1/pico-sdk/src/common/pico_sync/mutex.c.obj
                                0x125 (size before relaxing)
 *fill*         0x10007821        0x3 
 .rodata.__func__.1
                0x10007824        0xb CMakeFiles/GamecubeController.dir/C_/Program_Files/Raspberry_Pi/Pico_SDK_v1.5.1/pico-sdk/src/common/pico_sync/mutex.c.obj
 *fill*         0x1000782f        0x1 
 .rodata.__func__.3
                0x10007830       0x18 CMakeFiles/GamecubeController.dir/C_/Program_Files/Raspberry_Pi/Pico_SDK_v1.5.1/pico-sdk/src/common/pico_sync/mutex.c.obj
 .rodata.__func__.4
                0x10007848       0x15 CMakeFiles/GamecubeController.dir/C_/Program_Files/Raspberry_Pi/Pico_SDK_v1.5.1/pico-sdk/src/common/pico_sync/mutex.c.obj
 *fill*         0x1000785d        0x3 
 .rodata.repeating_timer_callback.str1.4
                0x10007860       0x67 CMakeFiles/GamecubeController.dir/C_/Program_Files/Raspberry_Pi/Pico_SDK_v1.5.1/pico-sdk/src/common/pico_time/time.c.obj
 *fill*         0x100078c7        0x1 
 .rodata.timer_pool_entry_comparator.str1.4
                0x100078c8       0x22 CMakeFiles/GamecubeController.dir/C_/Program_Files/Raspberry_Pi/Pico_SDK_v1.5.1/pico-sdk/src/common/pico_time/time.c.obj
 *fill*         0x100078ea        0x2 
 .rodata.ph_add_child_node.str1.4
                0x100078ec       0xb2 CMakeFiles/GamecubeController.dir/C_/Program_Files/Raspberry_Pi/Pico_SDK_v1.5.1/pico-sdk/src/common/pico_time/time.c.obj
 *fill*         0x1000799e        0x2 
 .rodata.add_alarm_under_lock.str1.4
                0x100079a0       0x28 CMakeFiles/GamecubeController.dir/C_/Program_Files/Raspberry_Pi/Pico_SDK_v1.5.1/pico-sdk/src/common/pico_time/time.c.obj
                                 0x2b (size before relaxing)
 .rodata.alarm_pool_alarm_callback.str1.4
                0x100079c8       0x98 CMakeFiles/GamecubeController.dir/C_/Program_Files/Raspberry_Pi/Pico_SDK_v1.5.1/pico-sdk/src/common/pico_time/time.c.obj
                                0x118 (size before relaxing)
 .rodata.alarm_pool_get_default.str1.4
                0x10007a60       0x21 CMakeFiles/GamecubeController.dir/C_/Program_Files/Raspberry_Pi/Pico_SDK_v1.5.1/pico-sdk/src/common/pico_time/time.c.obj
 *fill*         0x10007a81        0x3 
 .rodata.alarm_pool_cancel_alarm.str1.4
                0x10007a84       0x27 CMakeFiles/GamecubeController.dir/C_/Program_Files/Raspberry_Pi/Pico_SDK_v1.5.1/pico-sdk/src/common/pico_time/time.c.obj
 *fill*         0x10007aab        0x1 
 .rodata.__func__.1
                0x10007aac       0x18 CMakeFiles/GamecubeController.dir/C_/Program_Files/Raspberry_Pi/Pico_SDK_v1.5.1/pico-sdk/src/common/pico_time/time.c.obj
 .rodata.__func__.10
                0x10007ac4       0x15 CMakeFiles/GamecubeController.dir/C_/Program_Files/Raspberry_Pi/Pico_SDK_v1.5.1/pico-sdk/src/common/pico_time/time.c.obj
 *fill*         0x10007ad9        0x3 
 .rodata.__func__.11
                0x10007adc       0x1a CMakeFiles/GamecubeController.dir/C_/Program_Files/Raspberry_Pi/Pico_SDK_v1.5.1/pico-sdk/src/common/pico_time/time.c.obj
 *fill*         0x10007af6        0x2 
 .rodata.__func__.12
                0x10007af8        0xa CMakeFiles/GamecubeController.dir/C_/Program_Files/Raspberry_Pi/Pico_SDK_v1.5.1/pico-sdk/src/common/pico_time/time.c.obj
 *fill*         0x10007b02        0x2 
 .rodata.__func__.3
                0x10007b04       0x17 CMakeFiles/GamecubeController.dir/C_/Program_Files/Raspberry_Pi/Pico_SDK_v1.5.1/pico-sdk/src/common/pico_time/time.c.obj
 *fill*         0x10007b1b        0x1 
 .rodata.__func__.4
                0x10007b1c       0x12 CMakeFiles/GamecubeController.dir/C_/Program_Files/Raspberry_Pi/Pico_SDK_v1.5.1/pico-sdk/src/common/pico_time/time.c.obj
 *fill*         0x10007b2e        0x2 
 .rodata.__func__.5
                0x10007b30        0xd CMakeFiles/GamecubeController.dir/C_/Program_Files/Raspberry_Pi/Pico_SDK_v1.5.1/pico-sdk/src/common/pico_time/time.c.obj
 *fill*         0x10007b3d        0x3 
 .rodata.__func__.6
                0x10007b40       0x12 CMakeFiles/GamecubeController.dir/C_/Program_Files/Raspberry_Pi/Pico_SDK_v1.5.1/pico-sdk/src/common/pico_time/time.c.obj
 *fill*         0x10007b52        0x2 
 .rodata.__func__.7
                0x10007b54        0xf CMakeFiles/GamecubeController.dir/C_/Program_Files/Raspberry_Pi/Pico_SDK_v1.5.1/pico-sdk/src/common/pico_time/time.c.obj
 *fill*         0x10007b63        0x1 
 .rodata.__func__.8
                0x10007b64        0xc CMakeFiles/GamecubeController.dir/C_/Program_Files/Raspberry_Pi/Pico_SDK_v1.5.1/pico-sdk/src/common/pico_time/time.c.obj
 .rodata.__func__.9
                0x10007b70       0x15 CMakeFiles/GamecubeController.dir/C_/Program_Files/Raspberry_Pi/Pico_SDK_v1.5.1/pico-sdk/src/common/pico_time/time.c.obj
 *fill*         0x10007b85        0x3 
 .rodata.hardware_alarm_claim.str1.4
                0x10007b88       0x22 CMakeFiles/GamecubeController.dir/C_/Program_Files/Raspberry_Pi/Pico_SDK_v1.5.1/pico-sdk/src/rp2_common/hardware_timer/timer.c.obj
 .rodata.busy_wait_us.str1.4
                0x10007baa       0x7d CMakeFiles/GamecubeController.dir/C_/Program_Files/Raspberry_Pi/Pico_SDK_v1.5.1/pico-sdk/src/rp2_common/hardware_timer/timer.c.obj
 *fill*         0x10007baa        0x2 
 .rodata.hardware_alarm_set_target.str1.4
                0x10007bac       0x81 CMakeFiles/GamecubeController.dir/C_/Program_Files/Raspberry_Pi/Pico_SDK_v1.5.1/pico-sdk/src/rp2_common/hardware_timer/timer.c.obj
 *fill*         0x10007c2d        0x3 
 .rodata.__func__.0
                0x10007c30       0x1a CMakeFiles/GamecubeController.dir/C_/Program_Files/Raspberry_Pi/Pico_SDK_v1.5.1/pico-sdk/src/rp2_common/hardware_timer/timer.c.obj
 *fill*         0x10007c4a        0x2 
 .rodata.__func__.1
                0x10007c4c       0x15 CMakeFiles/GamecubeController.dir/C_/Program_Files/Raspberry_Pi/Pico_SDK_v1.5.1/pico-sdk/src/rp2_common/hardware_timer/timer.c.obj
 .rodata.ph_add_child_node.str1.4
                0x10007c61       0xb2 CMakeFiles/GamecubeController.dir/C_/Program_Files/Raspberry_Pi/Pico_SDK_v1.5.1/pico-sdk/src/common/pico_util/pheap.c.obj
 *fill*         0x10007c61        0x3 
 .rodata.ph_remove_any_head.str1.4
                0x10007c64       0xa8 CMakeFiles/GamecubeController.dir/C_/Program_Files/Raspberry_Pi/Pico_SDK_v1.5.1/pico-sdk/src/common/pico_util/pheap.c.obj
                                 0xbc (size before relaxing)
 .rodata.ph_remove_and_free_node.str1.4
                0x10007d0c       0x1e CMakeFiles/GamecubeController.dir/C_/Program_Files/Raspberry_Pi/Pico_SDK_v1.5.1/pico-sdk/src/common/pico_util/pheap.c.obj
                                 0x26 (size before relaxing)
 *fill*         0x10007d2a        0x2 
 .rodata.__func__.0
                0x10007d2c       0x18 CMakeFiles/GamecubeController.dir/C_/Program_Files/Raspberry_Pi/Pico_SDK_v1.5.1/pico-sdk/src/common/pico_util/pheap.c.obj
 .rodata.__func__.1
                0x10007d44       0x13 CMakeFiles/GamecubeController.dir/C_/Program_Files/Raspberry_Pi/Pico_SDK_v1.5.1/pico-sdk/src/common/pico_util/pheap.c.obj
 *fill*         0x10007d57        0x1 
 .rodata.__func__.2
                0x10007d58       0x12 CMakeFiles/GamecubeController.dir/C_/Program_Files/Raspberry_Pi/Pico_SDK_v1.5.1/pico-sdk/src/common/pico_util/pheap.c.obj
 *fill*         0x10007d6a        0x2 
 .rodata.__func__.3
                0x10007d6c        0xc CMakeFiles/GamecubeController.dir/C_/Program_Files/Raspberry_Pi/Pico_SDK_v1.5.1/pico-sdk/src/common/pico_util/pheap.c.obj
 .rodata.clock_configure.str1.4
                0x10007d78       0x73 CMakeFiles/GamecubeController.dir/C_/Program_Files/Raspberry_Pi/Pico_SDK_v1.5.1/pico-sdk/src/rp2_common/hardware_clocks/clocks.c.obj
 *fill*         0x10007deb        0x1 
 .rodata.__func__.1
                0x10007dec       0x10 CMakeFiles/GamecubeController.dir/C_/Program_Files/Raspberry_Pi/Pico_SDK_v1.5.1/pico-sdk/src/rp2_common/hardware_clocks/clocks.c.obj
 .rodata.pll_init.str1.4
                0x10007dfc      0x140 CMakeFiles/GamecubeController.dir/C_/Program_Files/Raspberry_Pi/Pico_SDK_v1.5.1/pico-sdk/src/rp2_common/hardware_pll/pll.c.obj
 .rodata.__func__.0
                0x10007f3c        0x9 CMakeFiles/GamecubeController.dir/C_/Program_Files/Raspberry_Pi/Pico_SDK_v1.5.1/pico-sdk/src/rp2_common/hardware_pll/pll.c.obj
 *fill*         0x10007f45        0x3 
 .rodata.__assert_func.str1.4
                0x10007f48       0x3f CMakeFiles/GamecubeController.dir/C_/Program_Files/Raspberry_Pi/Pico_SDK_v1.5.1/pico-sdk/src/rp2_common/pico_runtime/runtime.c.obj
                                 0x43 (size before relaxing)
 *fill*         0x10007f87        0x1 
 .rodata.runtime_init.str1.4
                0x10007f88       0x7d CMakeFiles/GamecubeController.dir/C_/Program_Files/Raspberry_Pi/Pico_SDK_v1.5.1/pico-sdk/src/rp2_common/pico_runtime/runtime.c.obj
 *fill*         0x10008005        0x3 
 .rodata.panic.str1.4
                0x10008008       0x12 CMakeFiles/GamecubeController.dir/C_/Program_Files/Raspberry_Pi/Pico_SDK_v1.5.1/pico-sdk/src/rp2_common/pico_runtime/runtime.c.obj
 *fill*         0x1000801a        0x2 
 .rodata.__func__.2
                0x1000801c        0xd CMakeFiles/GamecubeController.dir/C_/Program_Files/Raspberry_Pi/Pico_SDK_v1.5.1/pico-sdk/src/rp2_common/pico_runtime/runtime.c.obj
 *fill*         0x10008029        0x3 
 .rodata._ftoa.str1.4
                0x1000802c       0x15 CMakeFiles/GamecubeController.dir/C_/Program_Files/Raspberry_Pi/Pico_SDK_v1.5.1/pico-sdk/src/rp2_common/pico_printf/printf.c.obj
 *fill*         0x10008041        0x3 
 .rodata._vsnprintf
                0x10008044      0x1e0 CMakeFiles/GamecubeController.dir/C_/Program_Files/Raspberry_Pi/Pico_SDK_v1.5.1/pico-sdk/src/rp2_common/pico_printf/printf.c.obj
 *fill*         0x10008224        0x4 
 .rodata.pow10.0
                0x10008228       0x50 CMakeFiles/GamecubeController.dir/C_/Program_Files/Raspberry_Pi/Pico_SDK_v1.5.1/pico-sdk/src/rp2_common/pico_printf/printf.c.obj
 .rodata.__aeabi_double_init.str1.4
                0x10008278       0xb8 CMakeFiles/GamecubeController.dir/C_/Program_Files/Raspberry_Pi/Pico_SDK_v1.5.1/pico-sdk/src/rp2_common/pico_double/double_init_rom.c.obj
 .rodata.__func__.0
                0x10008330       0x14 CMakeFiles/GamecubeController.dir/C_/Program_Files/Raspberry_Pi/Pico_SDK_v1.5.1/pico-sdk/src/rp2_common/pico_double/double_init_rom.c.obj
 .rodata.__aeabi_float_init.str1.4
                0x10008344       0x96 CMakeFiles/GamecubeController.dir/C_/Program_Files/Raspberry_Pi/Pico_SDK_v1.5.1/pico-sdk/src/rp2_common/pico_float/float_init_rom.c.obj
                                 0x9a (size before relaxing)
 *fill*         0x100083da        0x2 
 .rodata.__func__.0
                0x100083dc       0x13 CMakeFiles/GamecubeController.dir/C_/Program_Files/Raspberry_Pi/Pico_SDK_v1.5.1/pico-sdk/src/rp2_common/pico_float/float_init_rom.c.obj
 *fill*         0x100083ef        0x1 
 .rodata.__wrap_malloc.str1.4
                0x100083f0        0xe CMakeFiles/GamecubeController.dir/C_/Program_Files/Raspberry_Pi/Pico_SDK_v1.5.1/pico-sdk/src/rp2_common/pico_malloc/pico_malloc.c.obj
 *fill*         0x100083fe        0x2 
 .rodata.str1.4
                0x10008400       0x48 CMakeFiles/GamecubeController.dir/C_/Program_Files/Raspberry_Pi/Pico_SDK_v1.5.1/pico-sdk/src/rp2_common/pico_standard_link/binary_info.c.obj
 .rodata.__bi_44
                0x10008448        0xc CMakeFiles/GamecubeController.dir/C_/Program_Files/Raspberry_Pi/Pico_SDK_v1.5.1/pico-sdk/src/rp2_common/pico_standard_link/binary_info.c.obj
 .rodata.__bi_75
                0x10008454        0xc CMakeFiles/GamecubeController.dir/C_/Program_Files/Raspberry_Pi/Pico_SDK_v1.5.1/pico-sdk/src/rp2_common/pico_standard_link/binary_info.c.obj
 .rodata.__bi_81
                0x10008460        0xc CMakeFiles/GamecubeController.dir/C_/Program_Files/Raspberry_Pi/Pico_SDK_v1.5.1/pico-sdk/src/rp2_common/pico_standard_link/binary_info.c.obj
 .rodata.stdout_serialize_begin.str1.4
                0x1000846c       0x7d CMakeFiles/GamecubeController.dir/C_/Program_Files/Raspberry_Pi/Pico_SDK_v1.5.1/pico-sdk/src/rp2_common/pico_stdio/stdio.c.obj
 .rodata.__func__.3
                0x1000846c       0x15 CMakeFiles/GamecubeController.dir/C_/Program_Files/Raspberry_Pi/Pico_SDK_v1.5.1/pico-sdk/src/rp2_common/pico_stdio/stdio.c.obj
 *fill*         0x10008481        0x3 
 .rodata.crlf_str.2
                0x10008484        0x2 CMakeFiles/GamecubeController.dir/C_/Program_Files/Raspberry_Pi/Pico_SDK_v1.5.1/pico-sdk/src/rp2_common/pico_stdio/stdio.c.obj
 *fill*         0x10008486        0x2 
 .rodata._pio_find_offset_for_program.str1.4
                0x10008488       0x85 CMakeFiles/GamecubeController.dir/C_/Program_Files/Raspberry_Pi/Pico_SDK_v1.5.1/pico-sdk/src/rp2_common/hardware_pio/pio.c.obj
 *fill*         0x1000850d        0x3 
 .rodata._pio_add_program_at_offset.str1.4
                0x10008510       0x11 CMakeFiles/GamecubeController.dir/C_/Program_Files/Raspberry_Pi/Pico_SDK_v1.5.1/pico-sdk/src/rp2_common/hardware_pio/pio.c.obj
 *fill*         0x10008521        0x3 
 .rodata.pio_sm_claim.str1.4
                0x10008524       0x40 CMakeFiles/GamecubeController.dir/C_/Program_Files/Raspberry_Pi/Pico_SDK_v1.5.1/pico-sdk/src/rp2_common/hardware_pio/pio.c.obj
 .rodata.pio_claim_unused_sm.str1.4
                0x10008564       0x24 CMakeFiles/GamecubeController.dir/C_/Program_Files/Raspberry_Pi/Pico_SDK_v1.5.1/pico-sdk/src/rp2_common/hardware_pio/pio.c.obj
 .rodata.__func__.1
                0x10008588       0x1d CMakeFiles/GamecubeController.dir/C_/Program_Files/Raspberry_Pi/Pico_SDK_v1.5.1/pico-sdk/src/rp2_common/hardware_pio/pio.c.obj
 *fill*         0x100085a5        0x3 
 .rodata._hw_endpoint_alloc.str1.4
                0x100085a8       0xd1 CMakeFiles/GamecubeController.dir/C_/Program_Files/Raspberry_Pi/Pico_SDK_v1.5.1/pico-sdk/lib/tinyusb/src/portable/raspberrypi/rp2040/dcd_rp2040.c.obj
 *fill*         0x10008679        0x3 
 .rodata.str1.4
                0x1000867c       0x14 CMakeFiles/GamecubeController.dir/C_/Program_Files/Raspberry_Pi/Pico_SDK_v1.5.1/pico-sdk/lib/tinyusb/src/portable/raspberrypi/rp2040/dcd_rp2040.c.obj
 .rodata.dcd_int_enable.str1.4
                0x10008690        0xc CMakeFiles/GamecubeController.dir/C_/Program_Files/Raspberry_Pi/Pico_SDK_v1.5.1/pico-sdk/lib/tinyusb/src/portable/raspberrypi/rp2040/dcd_rp2040.c.obj
 .rodata.__func__.0
                0x1000869c        0xe CMakeFiles/GamecubeController.dir/C_/Program_Files/Raspberry_Pi/Pico_SDK_v1.5.1/pico-sdk/lib/tinyusb/src/portable/raspberrypi/rp2040/dcd_rp2040.c.obj
 *fill*         0x100086aa        0x2 
 .rodata.__func__.1
                0x100086ac        0xe CMakeFiles/GamecubeController.dir/C_/Program_Files/Raspberry_Pi/Pico_SDK_v1.5.1/pico-sdk/lib/tinyusb/src/portable/raspberrypi/rp2040/dcd_rp2040.c.obj
 *fill*         0x100086ba        0x2 
 .rodata.__func__.3
                0x100086bc       0x10 CMakeFiles/GamecubeController.dir/C_/Program_Files/Raspberry_Pi/Pico_SDK_v1.5.1/pico-sdk/lib/tinyusb/src/portable/raspberrypi/rp2040/dcd_rp2040.c.obj
 .rodata.__func__.5
                0x100086cc        0xf CMakeFiles/GamecubeController.dir/C_/Program_Files/Raspberry_Pi/Pico_SDK_v1.5.1/pico-sdk/lib/tinyusb/src/portable/raspberrypi/rp2040/dcd_rp2040.c.obj
 *fill*         0x100086db        0x1 
 .rodata.__func__.6
                0x100086dc       0x13 CMakeFiles/GamecubeController.dir/C_/Program_Files/Raspberry_Pi/Pico_SDK_v1.5.1/pico-sdk/lib/tinyusb/src/portable/raspberrypi/rp2040/dcd_rp2040.c.obj
 *fill*         0x100086ef        0x1 
 .rodata.__func__.7
                0x100086f0        0x9 CMakeFiles/GamecubeController.dir/C_/Program_Files/Raspberry_Pi/Pico_SDK_v1.5.1/pico-sdk/lib/tinyusb/src/portable/raspberrypi/rp2040/dcd_rp2040.c.obj
 *fill*         0x100086f9        0x3 
 .rodata.str1.4
                0x100086fc      0x103 CMakeFiles/GamecubeController.dir/C_/Program_Files/Raspberry_Pi/Pico_SDK_v1.5.1/pico-sdk/lib/tinyusb/src/portable/raspberrypi/rp2040/rp2040_usb.c.obj
 *fill*         0x100087ff        0x1 
 .rodata.__func__.0
                0x10008800        0xf CMakeFiles/GamecubeController.dir/C_/Program_Files/Raspberry_Pi/Pico_SDK_v1.5.1/pico-sdk/lib/tinyusb/src/portable/raspberrypi/rp2040/rp2040_usb.c.obj
 *fill*         0x1000880f        0x1 
 .rodata.process_get_descriptor
                0x10008810       0x40 CMakeFiles/GamecubeController.dir/C_/Program_Files/Raspberry_Pi/Pico_SDK_v1.5.1/pico-sdk/lib/tinyusb/src/device/usbd.c.obj
 .rodata.process_control_request
                0x10008850       0x28 CMakeFiles/GamecubeController.dir/C_/Program_Files/Raspberry_Pi/Pico_SDK_v1.5.1/pico-sdk/lib/tinyusb/src/device/usbd.c.obj
 .rodata.tud_task_ext
                0x10008878       0x24 CMakeFiles/GamecubeController.dir/C_/Program_Files/Raspberry_Pi/Pico_SDK_v1.5.1/pico-sdk/lib/tinyusb/src/device/usbd.c.obj
 .rodata._usbd_driver
                0x1000889c       0x18 CMakeFiles/GamecubeController.dir/C_/Program_Files/Raspberry_Pi/Pico_SDK_v1.5.1/pico-sdk/lib/tinyusb/src/device/usbd.c.obj
 .rodata.hidd_control_xfer_cb
                0x100088b4       0x30 CMakeFiles/GamecubeController.dir/C_/Program_Files/Raspberry_Pi/Pico_SDK_v1.5.1/pico-sdk/lib/tinyusb/src/class/hid/hid_device.c.obj
 .rodata.str1.4
                0x100088e4        0x4 CMakeFiles/GamecubeController.dir/C_/Program_Files/Raspberry_Pi/Pico_SDK_v1.5.1/pico-sdk/lib/tinyusb/hw/bsp/rp2040/family.c.obj
 .rodata.__bi_142.0
                0x100088e8        0xc CMakeFiles/GamecubeController.dir/C_/Program_Files/Raspberry_Pi/Pico_SDK_v1.5.1/pico-sdk/lib/tinyusb/hw/bsp/rp2040/family.c.obj
 .rodata.__bi_152.1
                0x100088f4        0x8 CMakeFiles/GamecubeController.dir/C_/Program_Files/Raspberry_Pi/Pico_SDK_v1.5.1/pico-sdk/lib/tinyusb/hw/bsp/rp2040/family.c.obj
                0x100088fc                . = ALIGN (0x4)
 *(SORT_BY_ALIGNMENT(SORT_BY_NAME(.flashdata*)))
                0x100088fc                . = ALIGN (0x4)

.ARM.extab
 *(.ARM.extab* .gnu.linkonce.armextab.*)
                0x100088fc                __exidx_start = .

.ARM.exidx
 *(.ARM.exidx* .gnu.linkonce.armexidx.*)
                0x100088fc                __exidx_end = .
                0x100088fc                . = ALIGN (0x4)
                0x100088fc                __binary_info_start = .

.binary_info    0x100088fc       0x24
 *(.binary_info.keep.*)
 .binary_info.keep.__bi_ptr22
                0x100088fc        0x4 CMakeFiles/GamecubeController.dir/C_/Program_Files/Raspberry_Pi/Pico_SDK_v1.5.1/pico-sdk/src/rp2_common/pico_standard_link/binary_info.c.obj
 .binary_info.keep.__bi_ptr30
                0x10008900        0x4 CMakeFiles/GamecubeController.dir/C_/Program_Files/Raspberry_Pi/Pico_SDK_v1.5.1/pico-sdk/src/rp2_common/pico_standard_link/binary_info.c.obj
 .binary_info.keep.__bi_ptr38
                0x10008904        0x4 CMakeFiles/GamecubeController.dir/C_/Program_Files/Raspberry_Pi/Pico_SDK_v1.5.1/pico-sdk/src/rp2_common/pico_standard_link/binary_info.c.obj
 .binary_info.keep.__bi_ptr44
                0x10008908        0x4 CMakeFiles/GamecubeController.dir/C_/Program_Files/Raspberry_Pi/Pico_SDK_v1.5.1/pico-sdk/src/rp2_common/pico_standard_link/binary_info.c.obj
 .binary_info.keep.__bi_ptr50
                0x1000890c        0x4 CMakeFiles/GamecubeController.dir/C_/Program_Files/Raspberry_Pi/Pico_SDK_v1.5.1/pico-sdk/src/rp2_common/pico_standard_link/binary_info.c.obj
 .binary_info.keep.__bi_ptr75
                0x10008910        0x4 CMakeFiles/GamecubeController.dir/C_/Program_Files/Raspberry_Pi/Pico_SDK_v1.5.1/pico-sdk/src/rp2_common/pico_standard_link/binary_info.c.obj
 .binary_info.keep.__bi_ptr81
                0x10008914        0x4 CMakeFiles/GamecubeController.dir/C_/Program_Files/Raspberry_Pi/Pico_SDK_v1.5.1/pico-sdk/src/rp2_common/pico_standard_link/binary_info.c.obj
 .binary_info.keep.__bi_ptr142
                0x10008918        0x4 CMakeFiles/GamecubeController.dir/C_/Program_Files/Raspberry_Pi/Pico_SDK_v1.5.1/pico-sdk/lib/tinyusb/hw/bsp/rp2040/family.c.obj
 .binary_info.keep.__bi_ptr152
                0x1000891c        0x4 CMakeFiles/GamecubeController.dir/C_/Program_Files/Raspberry_Pi/Pico_SDK_v1.5.1/pico-sdk/lib/tinyusb/hw/bsp/rp2040/family.c.obj
 *(.binary_info.*)
                0x10008920                __binary_info_end = .

.rel.dyn        0x10008920        0x0
 .rel.iplt      0x10008920        0x0 c:/progra~1/raspbe~1/picosd~1.0/gcc-ar~1/bin/../lib/gcc/arm-none-eabi/10.3.1/thumb/v6-m/nofp/crtbegin.o
                0x10008920                . = ALIGN (0x4)

.ram_vector_table
                0x20000000       0xc0
 *(.ram_vector_table)
 .ram_vector_table
                0x20000000       0xc0 CMakeFiles/GamecubeController.dir/C_/Program_Files/Raspberry_Pi/Pico_SDK_v1.5.1/pico-sdk/src/rp2_common/pico_runtime/runtime.c.obj
                0x20000000                ram_vector_table

.data           0x200000c0     0x160c load address 0x10008920
                0x200000c0                __data_start__ = .
 *(vtable)
 *(.time_critical*)
 .time_critical.joybus_send_byte
                0x200000c0       0x22 CMakeFiles/GamecubeController.dir/src/joybus.c.obj
                0x200000c0                joybus_send_byte
 .time_critical.joybus_send_bytes
                0x200000e2       0x60 CMakeFiles/GamecubeController.dir/src/joybus.c.obj
                0x200000e2                joybus_send_bytes
 .time_critical.joybus_receive_byte
                0x20000142       0x1c CMakeFiles/GamecubeController.dir/src/joybus.c.obj
                0x20000142                joybus_receive_byte
 *fill*         0x2000015e        0x2 
 .time_critical.joybus_receive_bytes
                0x20000160       0xd8 CMakeFiles/GamecubeController.dir/src/joybus.c.obj
                0x20000160                joybus_receive_bytes
 .time_critical.GamecubeController::_wait_poll_cooldown
                0x20000238       0x84 CMakeFiles/GamecubeController.dir/src/GamecubeController.cpp.obj
                0x20000238                GamecubeController::_wait_poll_cooldown()
 .time_critical.GamecubeController::_init
                0x200002bc       0x80 CMakeFiles/GamecubeController.dir/src/GamecubeController.cpp.obj
                0x200002bc                GamecubeController::_init()
 .time_critical.GamecubeController::Poll
                0x2000033c       0x7c CMakeFiles/GamecubeController.dir/src/GamecubeController.cpp.obj
                0x2000033c                GamecubeController::Poll(gc_report_t*, bool)
 .time_critical.mutex_try_enter
                0x200003b8       0x46 CMakeFiles/GamecubeController.dir/C_/Program_Files/Raspberry_Pi/Pico_SDK_v1.5.1/pico-sdk/src/common/pico_sync/mutex.c.obj
                0x200003b8                mutex_try_enter
 *fill*         0x200003fe        0x2 
 .time_critical.mutex_enter_block_until
                0x20000400       0x8c CMakeFiles/GamecubeController.dir/C_/Program_Files/Raspberry_Pi/Pico_SDK_v1.5.1/pico-sdk/src/common/pico_sync/mutex.c.obj
                0x20000400                mutex_enter_block_until
 .time_critical.mutex_try_enter_block_until
                0x2000048c       0x34 CMakeFiles/GamecubeController.dir/C_/Program_Files/Raspberry_Pi/Pico_SDK_v1.5.1/pico-sdk/src/common/pico_sync/mutex.c.obj
                0x2000048c                mutex_try_enter_block_until
 .time_critical.mutex_enter_timeout_ms
                0x200004c0       0x68 CMakeFiles/GamecubeController.dir/C_/Program_Files/Raspberry_Pi/Pico_SDK_v1.5.1/pico-sdk/src/common/pico_sync/mutex.c.obj
                0x200004c0                mutex_enter_timeout_ms
 .time_critical.mutex_exit
                0x20000528       0x4c CMakeFiles/GamecubeController.dir/C_/Program_Files/Raspberry_Pi/Pico_SDK_v1.5.1/pico-sdk/src/common/pico_sync/mutex.c.obj
                0x20000528                mutex_exit
 .time_critical.reset_non_control_endpoints
                0x20000574       0x40 CMakeFiles/GamecubeController.dir/C_/Program_Files/Raspberry_Pi/Pico_SDK_v1.5.1/pico-sdk/lib/tinyusb/src/portable/raspberrypi/rp2040/dcd_rp2040.c.obj
 .time_critical.hw_handle_buff_status
                0x200005b4       0xa4 CMakeFiles/GamecubeController.dir/C_/Program_Files/Raspberry_Pi/Pico_SDK_v1.5.1/pico-sdk/lib/tinyusb/src/portable/raspberrypi/rp2040/dcd_rp2040.c.obj
 .time_critical.dcd_rp2040_irq
                0x20000658      0x1cc CMakeFiles/GamecubeController.dir/C_/Program_Files/Raspberry_Pi/Pico_SDK_v1.5.1/pico-sdk/lib/tinyusb/src/portable/raspberrypi/rp2040/dcd_rp2040.c.obj
 .time_critical.e15_is_bulkin_ep
                0x20000824       0x2c CMakeFiles/GamecubeController.dir/C_/Program_Files/Raspberry_Pi/Pico_SDK_v1.5.1/pico-sdk/lib/tinyusb/src/portable/raspberrypi/rp2040/rp2040_usb.c.obj
 .time_critical.e15_is_critical_frame_period
                0x20000850       0x30 CMakeFiles/GamecubeController.dir/C_/Program_Files/Raspberry_Pi/Pico_SDK_v1.5.1/pico-sdk/lib/tinyusb/src/portable/raspberrypi/rp2040/rp2040_usb.c.obj
 .time_critical.prepare_ep_buffer
                0x20000880       0x70 CMakeFiles/GamecubeController.dir/C_/Program_Files/Raspberry_Pi/Pico_SDK_v1.5.1/pico-sdk/lib/tinyusb/src/portable/raspberrypi/rp2040/rp2040_usb.c.obj
 .time_critical.sync_ep_buffer
                0x200008f0       0x80 CMakeFiles/GamecubeController.dir/C_/Program_Files/Raspberry_Pi/Pico_SDK_v1.5.1/pico-sdk/lib/tinyusb/src/portable/raspberrypi/rp2040/rp2040_usb.c.obj
 .time_critical._hw_endpoint_xfer_sync
                0x20000970       0x28 CMakeFiles/GamecubeController.dir/C_/Program_Files/Raspberry_Pi/Pico_SDK_v1.5.1/pico-sdk/lib/tinyusb/src/portable/raspberrypi/rp2040/rp2040_usb.c.obj
 .time_critical.hw_endpoint_reset_transfer
                0x20000998        0xc CMakeFiles/GamecubeController.dir/C_/Program_Files/Raspberry_Pi/Pico_SDK_v1.5.1/pico-sdk/lib/tinyusb/src/portable/raspberrypi/rp2040/rp2040_usb.c.obj
                0x20000998                hw_endpoint_reset_transfer
 .time_critical._hw_endpoint_buffer_control_update32
                0x200009a4       0x58 CMakeFiles/GamecubeController.dir/C_/Program_Files/Raspberry_Pi/Pico_SDK_v1.5.1/pico-sdk/lib/tinyusb/src/portable/raspberrypi/rp2040/rp2040_usb.c.obj